freemaster_serial.c:161:13:FMSTR_RxQueue	24	static
freemaster_serial.c:194:13:FMSTR_RxDequeue	16	static
freemaster_serial.c:233:6:FMSTR_ProcessSCI	24	static
freemaster_serial.c:1068:13:FMSTR_Listen	4	static
freemaster_serial.c:1121:13:FMSTR_SendError	16	static
freemaster_serial.c:1140:6:FMSTR_SendResponse	24	static
freemaster_serial.c:1248:12:FMSTR_Tx	16	static
freemaster_serial.c:1315:12:FMSTR_Rx	24	static
freemaster_serial.c:1437:12:FMSTR_InitSerial	8	static
freemaster_serial.c:1538:6:FMSTR_Poll	8	static
