Archive member included to satisfy reference by file (symbol)

c:/ac6/systemworkbench/plugins/fr.ac6.mcu.externaltools.arm-none.win32_1.17.0.201812190825/tools/compiler/bin/../lib/gcc/arm-none-eabi/7.3.1/thumb/v7e-m/fpv4-sp/hard\libgcc.a(_aeabi_uldivmod.o)
                              LowLevelDrivers/MCULegacy/HAL/Src/stm32f4xx_hal_rcc.o (__aeabi_uldivmod)
c:/ac6/systemworkbench/plugins/fr.ac6.mcu.externaltools.arm-none.win32_1.17.0.201812190825/tools/compiler/bin/../lib/gcc/arm-none-eabi/7.3.1/thumb/v7e-m/fpv4-sp/hard\libgcc.a(_udivmoddi4.o)
                              c:/ac6/systemworkbench/plugins/fr.ac6.mcu.externaltools.arm-none.win32_1.17.0.201812190825/tools/compiler/bin/../lib/gcc/arm-none-eabi/7.3.1/thumb/v7e-m/fpv4-sp/hard\libgcc.a(_aeabi_uldivmod.o) (__udivmoddi4)
c:/ac6/systemworkbench/plugins/fr.ac6.mcu.externaltools.arm-none.win32_1.17.0.201812190825/tools/compiler/bin/../lib/gcc/arm-none-eabi/7.3.1/thumb/v7e-m/fpv4-sp/hard\libgcc.a(_dvmd_tls.o)
                              c:/ac6/systemworkbench/plugins/fr.ac6.mcu.externaltools.arm-none.win32_1.17.0.201812190825/tools/compiler/bin/../lib/gcc/arm-none-eabi/7.3.1/thumb/v7e-m/fpv4-sp/hard\libgcc.a(_aeabi_uldivmod.o) (__aeabi_ldiv0)
c:/ac6/systemworkbench/plugins/fr.ac6.mcu.externaltools.arm-none.win32_1.17.0.201812190825/tools/compiler/bin/../lib/gcc/arm-none-eabi/7.3.1/../../../../arm-none-eabi/lib/thumb/v7e-m/fpv4-sp/hard\libc.a(lib_a-exit.o)
                              c:/ac6/systemworkbench/plugins/fr.ac6.mcu.externaltools.arm-none.win32_1.17.0.201812190825/tools/compiler/bin/../lib/gcc/arm-none-eabi/7.3.1/../../../../arm-none-eabi/lib/thumb/v7e-m/fpv4-sp/hard/crt0.o (exit)
c:/ac6/systemworkbench/plugins/fr.ac6.mcu.externaltools.arm-none.win32_1.17.0.201812190825/tools/compiler/bin/../lib/gcc/arm-none-eabi/7.3.1/../../../../arm-none-eabi/lib/thumb/v7e-m/fpv4-sp/hard\libc.a(lib_a-impure.o)
                              c:/ac6/systemworkbench/plugins/fr.ac6.mcu.externaltools.arm-none.win32_1.17.0.201812190825/tools/compiler/bin/../lib/gcc/arm-none-eabi/7.3.1/../../../../arm-none-eabi/lib/thumb/v7e-m/fpv4-sp/hard\libc.a(lib_a-exit.o) (_global_impure_ptr)
c:/ac6/systemworkbench/plugins/fr.ac6.mcu.externaltools.arm-none.win32_1.17.0.201812190825/tools/compiler/bin/../lib/gcc/arm-none-eabi/7.3.1/../../../../arm-none-eabi/lib/thumb/v7e-m/fpv4-sp/hard\libc.a(lib_a-init.o)
                              c:/ac6/systemworkbench/plugins/fr.ac6.mcu.externaltools.arm-none.win32_1.17.0.201812190825/tools/compiler/bin/../lib/gcc/arm-none-eabi/7.3.1/../../../../arm-none-eabi/lib/thumb/v7e-m/fpv4-sp/hard/crt0.o (__libc_init_array)
c:/ac6/systemworkbench/plugins/fr.ac6.mcu.externaltools.arm-none.win32_1.17.0.201812190825/tools/compiler/bin/../lib/gcc/arm-none-eabi/7.3.1/../../../../arm-none-eabi/lib/thumb/v7e-m/fpv4-sp/hard\libc.a(lib_a-memset.o)
                              c:/ac6/systemworkbench/plugins/fr.ac6.mcu.externaltools.arm-none.win32_1.17.0.201812190825/tools/compiler/bin/../lib/gcc/arm-none-eabi/7.3.1/../../../../arm-none-eabi/lib/thumb/v7e-m/fpv4-sp/hard/crt0.o (memset)
c:/ac6/systemworkbench/plugins/fr.ac6.mcu.externaltools.arm-none.win32_1.17.0.201812190825/tools/compiler/bin/../lib/gcc/arm-none-eabi/7.3.1/../../../../arm-none-eabi/lib/thumb/v7e-m/fpv4-sp/hard\libc.a(lib_a-__call_atexit.o)
                              c:/ac6/systemworkbench/plugins/fr.ac6.mcu.externaltools.arm-none.win32_1.17.0.201812190825/tools/compiler/bin/../lib/gcc/arm-none-eabi/7.3.1/../../../../arm-none-eabi/lib/thumb/v7e-m/fpv4-sp/hard\libc.a(lib_a-exit.o) (__call_exitprocs)
c:/ac6/systemworkbench/plugins/fr.ac6.mcu.externaltools.arm-none.win32_1.17.0.201812190825/tools/compiler/bin/../lib/gcc/arm-none-eabi/7.3.1/../../../../arm-none-eabi/lib/thumb/v7e-m/fpv4-sp/hard\libc.a(lib_a-atexit.o)
                              c:/ac6/systemworkbench/plugins/fr.ac6.mcu.externaltools.arm-none.win32_1.17.0.201812190825/tools/compiler/bin/../lib/gcc/arm-none-eabi/7.3.1/../../../../arm-none-eabi/lib/thumb/v7e-m/fpv4-sp/hard\libc.a(lib_a-__call_atexit.o) (atexit)
c:/ac6/systemworkbench/plugins/fr.ac6.mcu.externaltools.arm-none.win32_1.17.0.201812190825/tools/compiler/bin/../lib/gcc/arm-none-eabi/7.3.1/../../../../arm-none-eabi/lib/thumb/v7e-m/fpv4-sp/hard\libc.a(lib_a-fini.o)
                              c:/ac6/systemworkbench/plugins/fr.ac6.mcu.externaltools.arm-none.win32_1.17.0.201812190825/tools/compiler/bin/../lib/gcc/arm-none-eabi/7.3.1/../../../../arm-none-eabi/lib/thumb/v7e-m/fpv4-sp/hard\libc.a(lib_a-__call_atexit.o) (__libc_fini_array)
c:/ac6/systemworkbench/plugins/fr.ac6.mcu.externaltools.arm-none.win32_1.17.0.201812190825/tools/compiler/bin/../lib/gcc/arm-none-eabi/7.3.1/../../../../arm-none-eabi/lib/thumb/v7e-m/fpv4-sp/hard\libc.a(lib_a-lock.o)
[...]
Memory Configuration

Name             Origin             Length             Attributes
FLASH            0x08000000         0x00080000         xr
RAM              0x20000000         0x00018000         xrw
*default*        0x00000000         0xffffffff

Linker script and memory map

LOAD c:/ac6/systemworkbench/plugins/fr.ac6.mcu.externaltools.arm-none.win32_1.17.0.201812190825/tools/compiler/bin/../lib/gcc/arm-none-eabi/7.3.1/thumb/v7e-m/fpv4-sp/hard/crti.o
LOAD c:/ac6/systemworkbench/plugins/fr.ac6.mcu.externaltools.arm-none.win32_1.17.0.201812190825/tools/compiler/bin/../lib/gcc/arm-none-eabi/7.3.1/thumb/v7e-m/fpv4-sp/hard/crtbegin.o
LOAD c:/ac6/systemworkbench/plugins/fr.ac6.mcu.externaltools.arm-none.win32_1.17.0.201812190825/tools/compiler/bin/../lib/gcc/arm-none-eabi/7.3.1/../../../../arm-none-eabi/lib/thumb/v7e-m/fpv4-sp/hard/crt0.o
LOAD Communication/AqPlot/tess_data_acq_output.o
LOAD Communication/AqPlot/tess_ring_buffer.o
LOAD Communication/FreeMaster/freemaster_STM32F4xx.o
LOAD Communication/FreeMaster/freemaster_appcmd.o
LOAD Communication/FreeMaster/freemaster_bdm.o
LOAD Communication/FreeMaster/freemaster_can.o
LOAD Communication/FreeMaster/freemaster_lin.o
LOAD Communication/FreeMaster/freemaster_pipes.o
LOAD Communication/FreeMaster/freemaster_protocol.o
LOAD Communication/FreeMaster/freemaster_rec.o
LOAD Communication/FreeMaster/freemaster_scope.o
LOAD Communication/FreeMaster/freemaster_serial.o
LOAD Communication/FreeMaster/freemaster_sfio.o
LOAD Communication/FreeMaster/freemaster_tsa.o
LOAD LowLevelDrivers/MCULegacy/HAL/Src/Legacy/stm32f4xx_hal_can.o
LOAD LowLevelDrivers/MCULegacy/HAL/Src/stm32f4xx_hal.o
LOAD LowLevelDrivers/MCULegacy/HAL/Src/stm32f4xx_hal_adc.o
LOAD LowLevelDrivers/MCULegacy/HAL/Src/stm32f4xx_hal_adc_ex.o
LOAD LowLevelDrivers/MCULegacy/HAL/Src/stm32f4xx_hal_cortex.o
LOAD LowLevelDrivers/MCULegacy/HAL/Src/stm32f4xx_hal_dma.o
LOAD LowLevelDrivers/MCULegacy/HAL/Src/stm32f4xx_hal_dma_ex.o
LOAD LowLevelDrivers/MCULegacy/HAL/Src/stm32f4xx_hal_flash.o
LOAD LowLevelDrivers/MCULegacy/HAL/Src/stm32f4xx_hal_flash_ex.o
LOAD LowLevelDrivers/MCULegacy/HAL/Src/stm32f4xx_hal_flash_ramfunc.o
LOAD LowLevelDrivers/MCULegacy/HAL/Src/stm32f4xx_hal_gpio.o
LOAD LowLevelDrivers/MCULegacy/HAL/Src/stm32f4xx_hal_pwr.o
LOAD LowLevelDrivers/MCULegacy/HAL/Src/stm32f4xx_hal_pwr_ex.o
LOAD LowLevelDrivers/MCULegacy/HAL/Src/stm32f4xx_hal_rcc.o
LOAD LowLevelDrivers/MCULegacy/HAL/Src/stm32f4xx_hal_rcc_ex.o
LOAD LowLevelDrivers/MCULegacy/HAL/Src/stm32f4xx_hal_tim.o
LOAD LowLevelDrivers/MCULegacy/HAL/Src/stm32f4xx_hal_tim_ex.o
LOAD LowLevelDrivers/MCULegacy/HAL/Src/stm32f4xx_hal_uart.o
LOAD LowLevelDrivers/MCULegacy/HAL/Src/stm32f4xx_hal_usart.o
LOAD LowLevelDrivers/UserDefined/lld_adc.o
LOAD LowLevelDrivers/UserDefined/lld_system.o
LOAD LowLevelDrivers/UserDefined/lld_timers.o
LOAD LowLevelDrivers/UserDefined/lld_usart.o
LOAD _Main_/isr.o
LOAD _Main_/main.o
LOAD _Main_/main_init.o
LOAD _Main_/task_scheduler.o
LOAD _Main_/tasks.o
LOAD _Main_/utilities.o
LOAD startup/startup_stm32f401xe.o
LOAD c:/ac6/systemworkbench/plugins/fr.ac6.mcu.externaltools.arm-none.win32_1.17.0.201812190825/tools/compiler/bin/../lib/gcc/arm-none-eabi/7.3.1/../../../../arm-none-eabi/lib/thumb/v7e-m/fpv4-sp/hard\libm.a
START GROUP
LOAD c:/ac6/systemworkbench/plugins/fr.ac6.mcu.externaltools.arm-none.win32_1.17.0.201812190825/tools/compiler/bin/../lib/gcc/arm-none-eabi/7.3.1/thumb/v7e-m/fpv4-sp/hard\libgcc.a
LOAD c:/ac6/systemworkbench/plugins/fr.ac6.mcu.externaltools.arm-none.win32_1.17.0.201812190825/tools/compiler/bin/../lib/gcc/arm-none-eabi/7.3.1/../../../../arm-none-eabi/lib/thumb/v7e-m/fpv4-sp/hard\libc.a
END GROUP
LOAD c:/ac6/systemworkbench/plugins/fr.ac6.mcu.externaltools.arm-none.win32_1.17.0.201812190825/tools/compiler/bin/../lib/gcc/arm-none-eabi/7.3.1/thumb/v7e-m/fpv4-sp/hard/crtend.o
LOAD c:/ac6/systemworkbench/plugins/fr.ac6.mcu.externaltools.arm-none.win32_1.17.0.201812190825/tools/compiler/bin/../lib/gcc/arm-none-eabi/7.3.1/thumb/v7e-m/fpv4-sp/hard/crtn.o
                0x20018000                _estack = 0x20018000
                0x00000200                _Min_Heap_Size = 0x200
                0x00000400                _Min_Stack_Size = 0x400

.isr_vector     0x08000000      0x194
                0x08000000                . = ALIGN (0x4)
 *(.isr_vector)
 .isr_vector    0x08000000      0x194 startup/startup_stm32f401xe.o
                0x08000000                g_pfnVectors
                0x08000194                . = ALIGN (0x4)

.text           0x08000194     0x3954
                0x08000194                . = ALIGN (0x4)
 *(.text)
 .text          0x08000194       0x40 c:/ac6/systemworkbench/plugins/fr.ac6.mcu.externaltools.arm-none.win32_1.17.0.201812190825/tools/compiler/bin/../lib/gcc/arm-none-eabi/7.3.1/thumb/v7e-m/fpv4-sp/hard/crtbegin.o
 .text          0x080001d4       0x30 c:/ac6/systemworkbench/plugins/fr.ac6.mcu.externaltools.arm-none.win32_1.17.0.201812190825/tools/compiler/bin/../lib/gcc/arm-none-eabi/7.3.1/thumb/v7e-m/fpv4-sp/hard\libgcc.a(_aeabi_uldivmod.o)
                0x080001d4                __aeabi_uldivmod
 .text          0x08000204      0x2cc c:/ac6/systemworkbench/plugins/fr.ac6.mcu.externaltools.arm-none.win32_1.17.0.201812190825/tools/compiler/bin/../lib/gcc/arm-none-eabi/7.3.1/thumb/v7e-m/fpv4-sp/hard\libgcc.a(_udivmoddi4.o)
                0x08000204                __udivmoddi4
 .text          0x080004d0        0x4 c:/ac6/systemworkbench/plugins/fr.ac6.mcu.externaltools.arm-none.win32_1.17.0.201812190825/tools/compiler/bin/../lib/gcc/arm-none-eabi/7.3.1/thumb/v7e-m/fpv4-sp/hard\libgcc.a(_dvmd_tls.o)
                0x080004d0                __aeabi_idiv0
                0x080004d0                __aeabi_ldiv0
 *(.text*)
 .text.TESS_DAS_INIT
                0x080004d4       0x28 Communication/AqPlot/tess_data_acq_output.o
                0x080004d4                TESS_DAS_INIT
 .text.TESS_DAS_OUT_BUFFER
                0x080004fc       0xd0 Communication/AqPlot/tess_data_acq_output.o
 .text.TESS_DAS_MAIN
                0x080005cc       0xd4 Communication/AqPlot/tess_data_acq_output.o
                0x080005cc                TESS_DAS_MAIN
 .text.TESS_DAS_GET_COMMANDS
                0x080006a0       0x44 Communication/AqPlot/tess_data_acq_output.o
                0x080006a0                TESS_DAS_GET_COMMANDS
 .text.TESS_DAS_UPDATE_UPON_TC
                0x080006e4      0x10c Communication/AqPlot/tess_data_acq_output.o
                0x080006e4                TESS_DAS_UPDATE_UPON_TC
 .text.TESS_RING_BUFFER_INIT
                0x080007f0      0x228 Communication/AqPlot/tess_ring_buffer.o
                0x080007f0                TESS_RING_BUFFER_INIT
 .text.TESS_RING_BUFFER_GET
                0x08000a18       0xfa Communication/AqPlot/tess_ring_buffer.o
                0x08000a18                TESS_RING_BUFFER_GET
 .text.TESS_RING_BUFFER_PUT
                0x08000b12       0xec Communication/AqPlot/tess_ring_buffer.o
                0x08000b12                TESS_RING_BUFFER_PUT
 .text.TESS_BUFF_IDX_INC
                0x08000bfe       0x30 Communication/AqPlot/tess_ring_buffer.o
 .text.DATA_COPY
                0x08000c2e       0xe6 Communication/AqPlot/tess_ring_buffer.o
 .text.HAL_InitTick
                0x08000d14       0x60 LowLevelDrivers/MCULegacy/HAL/Src/stm32f4xx_hal.o
                0x08000d14                HAL_InitTick
 .text.HAL_IncTick
                0x08000d74       0x28 LowLevelDrivers/MCULegacy/HAL/Src/stm32f4xx_hal.o
                0x08000d74                HAL_IncTick
 .text.HAL_GetTick
                0x08000d9c       0x18 LowLevelDrivers/MCULegacy/HAL/Src/stm32f4xx_hal.o
                0x08000d9c                HAL_GetTick
 .text.NVIC_GetPriorityGrouping
                0x08000db4       0x1c LowLevelDrivers/MCULegacy/HAL/Src/stm32f4xx_hal_cortex.o
 .text.NVIC_EnableIRQ
                0x08000dd0       0x34 LowLevelDrivers/MCULegacy/HAL/Src/stm32f4xx_hal_cortex.o
 .text.NVIC_SetPriority
                0x08000e04       0x54 LowLevelDrivers/MCULegacy/HAL/Src/stm32f4xx_hal_cortex.o
 .text.NVIC_EncodePriority
                0x08000e58       0x62 LowLevelDrivers/MCULegacy/HAL/Src/stm32f4xx_hal_cortex.o
 *fill*         0x08000eba        0x2 
 .text.SysTick_Config
                0x08000ebc       0x44 LowLevelDrivers/MCULegacy/HAL/Src/stm32f4xx_hal_cortex.o
 .text.HAL_NVIC_SetPriority
                0x08000f00       0x38 LowLevelDrivers/MCULegacy/HAL/Src/stm32f4xx_hal_cortex.o
                0x08000f00                HAL_NVIC_SetPriority
 .text.HAL_NVIC_EnableIRQ
                0x08000f38       0x1c LowLevelDrivers/MCULegacy/HAL/Src/stm32f4xx_hal_cortex.o
                0x08000f38                HAL_NVIC_EnableIRQ
 .text.HAL_SYSTICK_Config
                0x08000f54       0x18 LowLevelDrivers/MCULegacy/HAL/Src/stm32f4xx_hal_cortex.o
                0x08000f54                HAL_SYSTICK_Config
 .text.HAL_SYSTICK_IRQHandler
                0x08000f6c        0xc LowLevelDrivers/MCULegacy/HAL/Src/stm32f4xx_hal_cortex.o
                0x08000f6c                HAL_SYSTICK_IRQHandler
 .text.HAL_SYSTICK_Callback
                0x08000f78        0xe LowLevelDrivers/MCULegacy/HAL/Src/stm32f4xx_hal_cortex.o
                0x08000f78                HAL_SYSTICK_Callback
 *fill*         0x08000f86        0x2 
 .text.HAL_DMA_Init
                0x08000f88      0x15c LowLevelDrivers/MCULegacy/HAL/Src/stm32f4xx_hal_dma.o
                0x08000f88                HAL_DMA_Init
 .text.HAL_DMA_Start_IT
                0x080010e4       0xc0 LowLevelDrivers/MCULegacy/HAL/Src/stm32f4xx_hal_dma.o
                0x080010e4                HAL_DMA_Start_IT
 .text.HAL_DMA_Abort
                0x080011a4       0xe0 LowLevelDrivers/MCULegacy/HAL/Src/stm32f4xx_hal_dma.o
                0x080011a4                HAL_DMA_Abort
 .text.HAL_DMA_Abort_IT
                0x08001284       0x44 LowLevelDrivers/MCULegacy/HAL/Src/stm32f4xx_hal_dma.o
                0x08001284                HAL_DMA_Abort_IT
 .text.HAL_DMA_IRQHandler
                0x080012c8      0x314 LowLevelDrivers/MCULegacy/HAL/Src/stm32f4xx_hal_dma.o
                0x080012c8                HAL_DMA_IRQHandler
 .text.DMA_SetConfig
                0x080015dc       0x5c LowLevelDrivers/MCULegacy/HAL/Src/stm32f4xx_hal_dma.o
 .text.DMA_CalcBaseAndBitshift
                0x08001638       0x6c LowLevelDrivers/MCULegacy/HAL/Src/stm32f4xx_hal_dma.o
 .text.DMA_CheckFifoParam
                0x080016a4       0xf4 LowLevelDrivers/MCULegacy/HAL/Src/stm32f4xx_hal_dma.o
 .text.HAL_GPIO_Init
                0x08001798      0x304 LowLevelDrivers/MCULegacy/HAL/Src/stm32f4xx_hal_gpio.o
                0x08001798                HAL_GPIO_Init
 .text.HAL_GPIO_TogglePin
                0x08001a9c       0x24 LowLevelDrivers/MCULegacy/HAL/Src/stm32f4xx_hal_gpio.o
                0x08001a9c                HAL_GPIO_TogglePin
 .text.HAL_RCC_OscConfig
                0x08001ac0      0x484 LowLevelDrivers/MCULegacy/HAL/Src/stm32f4xx_hal_rcc.o
                0x08001ac0                HAL_RCC_OscConfig
 .text.HAL_RCC_ClockConfig
                0x08001f44      0x1c4 LowLevelDrivers/MCULegacy/HAL/Src/stm32f4xx_hal_rcc.o
                0x08001f44                HAL_RCC_ClockConfig
 .text.HAL_RCC_GetSysClockFreq
                0x08002108      0x1b0 LowLevelDrivers/MCULegacy/HAL/Src/stm32f4xx_hal_rcc.o
                0x08002108                HAL_RCC_GetSysClockFreq
 .text.HAL_RCC_GetHCLKFreq
                0x080022b8       0x18 LowLevelDrivers/MCULegacy/HAL/Src/stm32f4xx_hal_rcc.o
                0x080022b8                HAL_RCC_GetHCLKFreq
 .text.HAL_RCC_GetPCLK1Freq
                0x080022d0       0x28 LowLevelDrivers/MCULegacy/HAL/Src/stm32f4xx_hal_rcc.o
                0x080022d0                HAL_RCC_GetPCLK1Freq
 .text.HAL_RCC_GetPCLK2Freq
                0x080022f8       0x28 LowLevelDrivers/MCULegacy/HAL/Src/stm32f4xx_hal_rcc.o
                0x080022f8                HAL_RCC_GetPCLK2Freq
 .text.HAL_RCC_DeInit
                0x08002320      0x194 LowLevelDrivers/MCULegacy/HAL/Src/stm32f4xx_hal_rcc_ex.o
                0x08002320                HAL_RCC_DeInit
 .text.HAL_UART_Init
                0x080024b4       0x9a LowLevelDrivers/MCULegacy/HAL/Src/stm32f4xx_hal_uart.o
                0x080024b4                HAL_UART_Init
 *fill*         0x0800254e        0x2 
 .text.HAL_UART_Transmit_DMA
                0x08002550       0xd4 LowLevelDrivers/MCULegacy/HAL/Src/stm32f4xx_hal_uart.o
                0x08002550                HAL_UART_Transmit_DMA
 .text.HAL_UART_DMAStop
                0x08002624       0xb6 LowLevelDrivers/MCULegacy/HAL/Src/stm32f4xx_hal_uart.o
                0x08002624                HAL_UART_DMAStop
 *fill*         0x080026da        0x2 
 .text.HAL_UART_IRQHandler
                0x080026dc      0x1f8 LowLevelDrivers/MCULegacy/HAL/Src/stm32f4xx_hal_uart.o
                0x080026dc                HAL_UART_IRQHandler
 .text.HAL_UART_RxCpltCallback
                0x080028d4       0x14 LowLevelDrivers/MCULegacy/HAL/Src/stm32f4xx_hal_uart.o
                0x080028d4                HAL_UART_RxCpltCallback
 .text.HAL_UART_ErrorCallback
                0x080028e8       0x14 LowLevelDrivers/MCULegacy/HAL/Src/stm32f4xx_hal_uart.o
                0x080028e8                HAL_UART_ErrorCallback
 .text.UART_DMATransmitCplt
                0x080028fc       0x52 LowLevelDrivers/MCULegacy/HAL/Src/stm32f4xx_hal_uart.o
 .text.UART_DMAError
                0x0800294e       0x94 LowLevelDrivers/MCULegacy/HAL/Src/stm32f4xx_hal_uart.o
 .text.UART_EndTxTransfer
                0x080029e2       0x2c LowLevelDrivers/MCULegacy/HAL/Src/stm32f4xx_hal_uart.o
 .text.UART_EndRxTransfer
                0x08002a0e       0x3c LowLevelDrivers/MCULegacy/HAL/Src/stm32f4xx_hal_uart.o
 .text.UART_DMAAbortOnError
                0x08002a4a       0x28 LowLevelDrivers/MCULegacy/HAL/Src/stm32f4xx_hal_uart.o
 .text.UART_Transmit_IT
                0x08002a72       0xaa LowLevelDrivers/MCULegacy/HAL/Src/stm32f4xx_hal_uart.o
 .text.UART_EndTransmit_IT
                0x08002b1c       0x30 LowLevelDrivers/MCULegacy/HAL/Src/stm32f4xx_hal_uart.o
 .text.UART_Receive_IT
                0x08002b4c       0xf2 LowLevelDrivers/MCULegacy/HAL/Src/stm32f4xx_hal_uart.o
 *fill*         0x08002c3e        0x2 
 .text.UART_SetConfig
                0x08002c40      0x438 LowLevelDrivers/MCULegacy/HAL/Src/stm32f4xx_hal_uart.o
 .text.ADC_INIT
                0x08003078      0x108 LowLevelDrivers/UserDefined/lld_adc.o
                0x08003078                ADC_INIT
 .text.DMA_INIT
                0x08003180       0x90 LowLevelDrivers/UserDefined/lld_adc.o
 .text.GPIO_INIT
                0x08003210       0x84 LowLevelDrivers/UserDefined/lld_adc.o
 .text.LLD_ADC_GET_RAW_VAL
                0x08003294       0x88 LowLevelDrivers/UserDefined/lld_adc.o
                0x08003294                LLD_ADC_GET_RAW_VAL
 .text.RCC_INIT
                0x0800331c       0xa8 LowLevelDrivers/UserDefined/lld_system.o
                0x0800331c                RCC_INIT
 .text.SystemInit
                0x080033c4       0x6c LowLevelDrivers/UserDefined/lld_system.o
                0x080033c4                SystemInit
 .text.TIMER2_INIT
                0x08003430       0x74 LowLevelDrivers/UserDefined/lld_timers.o
                0x08003430                TIMER2_INIT
 .text.TESS_GPIO_INIT
                0x080034a4       0x50 LowLevelDrivers/UserDefined/lld_timers.o
                0x080034a4                TESS_GPIO_INIT
 .text.USART2_UART_Init
                0x080034f4       0x5c LowLevelDrivers/UserDefined/lld_usart.o
                0x080034f4                USART2_UART_Init
 .text.DMA_INIT_UART
                0x08003550       0xac LowLevelDrivers/UserDefined/lld_usart.o
                0x08003550                DMA_INIT_UART
 .text.HAL_UART_MspInit
                0x080035fc       0x90 LowLevelDrivers/UserDefined/lld_usart.o
                0x080035fc                HAL_UART_MspInit
 .text.HAL_UART_TxCpltCallback
                0x0800368c       0x14 LowLevelDrivers/UserDefined/lld_usart.o
                0x0800368c                HAL_UART_TxCpltCallback
 .text.SysTick_Handler
                0x080036a0       0x10 _Main_/isr.o
                0x080036a0                SysTick_Handler
 .text.ADC_IRQHandler
                0x080036b0       0x1c _Main_/isr.o
                0x080036b0                ADC_IRQHandler
 .text.TIM1_UP_TIM10_IRQHandler
                0x080036cc        0xe _Main_/isr.o
                0x080036cc                TIM1_UP_TIM10_IRQHandler
 .text.TIM2_IRQHandler
                0x080036da        0xe _Main_/isr.o
                0x080036da                TIM2_IRQHandler
 .text.USART2_IRQHandler
                0x080036e8       0x6c _Main_/isr.o
                0x080036e8                USART2_IRQHandler
 .text.DMA1_Stream6_IRQHandler
                0x08003754       0x20 _Main_/isr.o
                0x08003754                DMA1_Stream6_IRQHandler
 .text.main     0x08003774       0x18 _Main_/main.o
                0x08003774                main
 .text.MAIN_INIT
                0x0800378c       0x20 _Main_/main_init.o
                0x0800378c                MAIN_INIT
 .text.task_scheduler
                0x080037ac      0x130 _Main_/task_scheduler.o
                0x080037ac                task_scheduler
 .text._100US_LOOP
                0x080038dc       0x20 _Main_/tasks.o
                0x080038dc                _100US_LOOP
 .text._2MS_LOOP
                0x080038fc        0xe _Main_/tasks.o
                0x080038fc                _2MS_LOOP
 .text._10MS_LOOP
                0x0800390a        0xe _Main_/tasks.o
                0x0800390a                _10MS_LOOP
 .text.Reset_Handler
                0x08003918       0x50 startup/startup_stm32f401xe.o
                0x08003918                Reset_Handler
 .text.Default_Handler
                0x08003968        0x2 startup/startup_stm32f401xe.o
                0x08003968                RTC_Alarm_IRQHandler
                0x08003968                EXTI2_IRQHandler
                0x08003968                DebugMon_Handler
                0x08003968                SPI4_IRQHandler
                0x08003968                TIM1_CC_IRQHandler
                0x08003968                DMA2_Stream5_IRQHandler
                0x08003968                HardFault_Handler
                0x08003968                DMA1_Stream5_IRQHandler
                0x08003968                PVD_IRQHandler
                0x08003968                SDIO_IRQHandler
                0x08003968                TAMP_STAMP_IRQHandler
                0x08003968                PendSV_Handler
                0x08003968                NMI_Handler
                0x08003968                EXTI3_IRQHandler
                0x08003968                I2C3_ER_IRQHandler
                0x08003968                EXTI0_IRQHandler
                0x08003968                I2C2_EV_IRQHandler
                0x08003968                DMA1_Stream2_IRQHandler
                0x08003968                FPU_IRQHandler
                0x08003968                UsageFault_Handler
                0x08003968                DMA2_Stream2_IRQHandler
                0x08003968                SPI1_IRQHandler
                0x08003968                TIM1_BRK_TIM9_IRQHandler
                0x08003968                DMA2_Stream3_IRQHandler
                0x08003968                USART6_IRQHandler
                0x08003968                DMA2_Stream0_IRQHandler
                0x08003968                TIM4_IRQHandler
                0x08003968                I2C1_EV_IRQHandler
                0x08003968                DMA1_Stream1_IRQHandler
                0x08003968                TIM3_IRQHandler
                0x08003968                RCC_IRQHandler
                0x08003968                Default_Handler
                0x08003968                EXTI15_10_IRQHandler
                0x08003968                DMA1_Stream7_IRQHandler
                0x08003968                TIM5_IRQHandler
                0x08003968                DMA2_Stream7_IRQHandler
                0x08003968                I2C3_EV_IRQHandler
                0x08003968                EXTI9_5_IRQHandler
                0x08003968                RTC_WKUP_IRQHandler
                0x08003968                SPI2_IRQHandler
                0x08003968                MemManage_Handler
                0x08003968                DMA1_Stream0_IRQHandler
                0x08003968                SVC_Handler
                0x08003968                EXTI4_IRQHandler
                0x08003968                WWDG_IRQHandler
                0x08003968                OTG_FS_WKUP_IRQHandler
                0x08003968                TIM1_TRG_COM_TIM11_IRQHandler
                0x08003968                EXTI1_IRQHandler
                0x08003968                I2C2_ER_IRQHandler
                0x08003968                DMA2_Stream1_IRQHandler
                0x08003968                FLASH_IRQHandler
                0x08003968                DMA2_Stream4_IRQHandler
                0x08003968                BusFault_Handler
                0x08003968                USART1_IRQHandler
                0x08003968                OTG_FS_IRQHandler
                0x08003968                SPI3_IRQHandler
                0x08003968                DMA1_Stream4_IRQHandler
                0x08003968                I2C1_ER_IRQHandler
                0x08003968                DMA2_Stream6_IRQHandler
                0x08003968                DMA1_Stream3_IRQHandler
 *fill*         0x0800396a        0x2 
 .text.__libc_init_array
                0x0800396c       0x48 c:/ac6/systemworkbench/plugins/fr.ac6.mcu.externaltools.arm-none.win32_1.17.0.201812190825/tools/compiler/bin/../lib/gcc/arm-none-eabi/7.3.1/../../../../arm-none-eabi/lib/thumb/v7e-m/fpv4-sp/hard\libc.a(lib_a-init.o)
                0x0800396c                __libc_init_array
 .text.startup.register_fini
                0x080039b4       0x14 c:/ac6/systemworkbench/plugins/fr.ac6.mcu.externaltools.arm-none.win32_1.17.0.201812190825/tools/compiler/bin/../lib/gcc/arm-none-eabi/7.3.1/../../../../arm-none-eabi/lib/thumb/v7e-m/fpv4-sp/hard\libc.a(lib_a-__call_atexit.o)
 .text.atexit   0x080039c8        0xc c:/ac6/systemworkbench/plugins/fr.ac6.mcu.externaltools.arm-none.win32_1.17.0.201812190825/tools/compiler/bin/../lib/gcc/arm-none-eabi/7.3.1/../../../../arm-none-eabi/lib/thumb/v7e-m/fpv4-sp/hard\libc.a(lib_a-atexit.o)
                0x080039c8                atexit
 .text.__libc_fini_array
                0x080039d4       0x34 c:/ac6/systemworkbench/plugins/fr.ac6.mcu.externaltools.arm-none.win32_1.17.0.201812190825/tools/compiler/bin/../lib/gcc/arm-none-eabi/7.3.1/../../../../arm-none-eabi/lib/thumb/v7e-m/fpv4-sp/hard\libc.a(lib_a-fini.o)
                0x080039d4                __libc_fini_array
 .text.__retarget_lock_acquire_recursive
                0x08003a08        0x4 c:/ac6/systemworkbench/plugins/fr.ac6.mcu.externaltools.arm-none.win32_1.17.0.201812190825/tools/compiler/bin/../lib/gcc/arm-none-eabi/7.3.1/../../../../arm-none-eabi/lib/thumb/v7e-m/fpv4-sp/hard\libc.a(lib_a-lock.o)
                0x08003a08                __retarget_lock_acquire_recursive
 .text.__retarget_lock_release_recursive
                0x08003a0c        0x4 c:/ac6/systemworkbench/plugins/fr.ac6.mcu.externaltools.arm-none.win32_1.17.0.201812190825/tools/compiler/bin/../lib/gcc/arm-none-eabi/7.3.1/../../../../arm-none-eabi/lib/thumb/v7e-m/fpv4-sp/hard\libc.a(lib_a-lock.o)
                0x08003a0c                __retarget_lock_release_recursive
 .text.__register_exitproc
                0x08003a10       0xc0 c:/ac6/systemworkbench/plugins/fr.ac6.mcu.externaltools.arm-none.win32_1.17.0.201812190825/tools/compiler/bin/../lib/gcc/arm-none-eabi/7.3.1/../../../../arm-none-eabi/lib/thumb/v7e-m/fpv4-sp/hard\libc.a(lib_a-__atexit.o)
                0x08003a10                __register_exitproc
 *(.glue_7)
 .glue_7        0x08003ad0        0x0 linker stubs
 *(.glue_7t)
 .glue_7t       0x08003ad0        0x0 linker stubs
 *(.eh_frame)
 .eh_frame      0x08003ad0        0x0 c:/ac6/systemworkbench/plugins/fr.ac6.mcu.externaltools.arm-none.win32_1.17.0.201812190825/tools/compiler/bin/../lib/gcc/arm-none-eabi/7.3.1/thumb/v7e-m/fpv4-sp/hard/crtbegin.o
 *(.init)
 .init          0x08003ad0        0x4 c:/ac6/systemworkbench/plugins/fr.ac6.mcu.externaltools.arm-none.win32_1.17.0.201812190825/tools/compiler/bin/../lib/gcc/arm-none-eabi/7.3.1/thumb/v7e-m/fpv4-sp/hard/crti.o
                0x08003ad0                _init
 .init          0x08003ad4        0x8 c:/ac6/systemworkbench/plugins/fr.ac6.mcu.externaltools.arm-none.win32_1.17.0.201812190825/tools/compiler/bin/../lib/gcc/arm-none-eabi/7.3.1/thumb/v7e-m/fpv4-sp/hard/crtn.o
 *(.fini)
 .fini          0x08003adc        0x4 c:/ac6/systemworkbench/plugins/fr.ac6.mcu.externaltools.arm-none.win32_1.17.0.201812190825/tools/compiler/bin/../lib/gcc/arm-none-eabi/7.3.1/thumb/v7e-m/fpv4-sp/hard/crti.o
                0x08003adc                _fini
 .fini          0x08003ae0        0x8 c:/ac6/systemworkbench/plugins/fr.ac6.mcu.externaltools.arm-none.win32_1.17.0.201812190825/tools/compiler/bin/../lib/gcc/arm-none-eabi/7.3.1/thumb/v7e-m/fpv4-sp/hard/crtn.o
                0x08003ae8                . = ALIGN (0x4)
                0x08003ae8                _etext = .

.vfp11_veneer   0x08003ae8        0x0
 .vfp11_veneer  0x08003ae8        0x0 linker stubs

.v4_bx          0x08003ae8        0x0
 .v4_bx         0x08003ae8        0x0 linker stubs

.iplt           0x08003ae8        0x0
 .iplt          0x08003ae8        0x0 c:/ac6/systemworkbench/plugins/fr.ac6.mcu.externaltools.arm-none.win32_1.17.0.201812190825/tools/compiler/bin/../lib/gcc/arm-none-eabi/7.3.1/thumb/v7e-m/fpv4-sp/hard/crtbegin.o

.rodata         0x08003ae8       0x24
                0x08003ae8                . = ALIGN (0x4)
 *(.rodata)
 .rodata        0x08003ae8        0x8 LowLevelDrivers/MCULegacy/HAL/Src/stm32f4xx_hal_dma.o
 .rodata        0x08003af0       0x18 LowLevelDrivers/UserDefined/lld_system.o
                0x08003af0                AHBPrescTable
                0x08003b00                APBPrescTable
 *(.rodata*)
 .rodata._global_impure_ptr
                0x08003b08        0x4 c:/ac6/systemworkbench/plugins/fr.ac6.mcu.externaltools.arm-none.win32_1.17.0.201812190825/tools/compiler/bin/../lib/gcc/arm-none-eabi/7.3.1/../../../../arm-none-eabi/lib/thumb/v7e-m/fpv4-sp/hard\libc.a(lib_a-impure.o)
                0x08003b08                _global_impure_ptr
                0x08003b0c                . = ALIGN (0x4)

.ARM.extab
 *(.ARM.extab* .gnu.linkonce.armextab.*)

.ARM            0x08003b0c        0x8
                0x08003b0c                __exidx_start = .
 *(.ARM.exidx*)
 .ARM.exidx     0x08003b0c        0x8 c:/ac6/systemworkbench/plugins/fr.ac6.mcu.externaltools.arm-none.win32_1.17.0.201812190825/tools/compiler/bin/../lib/gcc/arm-none-eabi/7.3.1/thumb/v7e-m/fpv4-sp/hard\libgcc.a(_udivmoddi4.o)
                0x08003b14                __exidx_end = .

.rel.dyn        0x08003b14        0x0
 .rel.iplt      0x08003b14        0x0 c:/ac6/systemworkbench/plugins/fr.ac6.mcu.externaltools.arm-none.win32_1.17.0.201812190825/tools/compiler/bin/../lib/gcc/arm-none-eabi/7.3.1/thumb/v7e-m/fpv4-sp/hard/crtbegin.o

.preinit_array  0x08003b14        0x0
                0x08003b14                PROVIDE (__preinit_array_start = .)
 *(.preinit_array*)
                0x08003b14                PROVIDE (__preinit_array_end = .)

.init_array     0x08003b14        0x8
                0x08003b14                PROVIDE (__init_array_start = .)
 *(SORT_BY_NAME(.init_array.*))
 .init_array.00000
                0x08003b14        0x4 c:/ac6/systemworkbench/plugins/fr.ac6.mcu.externaltools.arm-none.win32_1.17.0.201812190825/tools/compiler/bin/../lib/gcc/arm-none-eabi/7.3.1/../../../../arm-none-eabi/lib/thumb/v7e-m/fpv4-sp/hard\libc.a(lib_a-__call_atexit.o)
 *(.init_array*)
 .init_array    0x08003b18        0x4 c:/ac6/systemworkbench/plugins/fr.ac6.mcu.externaltools.arm-none.win32_1.17.0.201812190825/tools/compiler/bin/../lib/gcc/arm-none-eabi/7.3.1/thumb/v7e-m/fpv4-sp/hard/crtbegin.o
                0x08003b1c                PROVIDE (__init_array_end = .)

.fini_array     0x08003b1c        0x4
                0x08003b1c                PROVIDE (__fini_array_start = .)
 *(SORT_BY_NAME(.fini_array.*))
 *(.fini_array*)
 .fini_array    0x08003b1c        0x4 c:/ac6/systemworkbench/plugins/fr.ac6.mcu.externaltools.arm-none.win32_1.17.0.201812190825/tools/compiler/bin/../lib/gcc/arm-none-eabi/7.3.1/thumb/v7e-m/fpv4-sp/hard/crtbegin.o
                0x08003b20                PROVIDE (__fini_array_end = .)
                0x08003b20                _sidata = LOADADDR (.data)

.data           0x20000000      0x464 load address 0x08003b20
                0x20000000                . = ALIGN (0x4)
                0x20000000                _sdata = .
 *(.data)
 .data          0x20000000        0x5 LowLevelDrivers/MCULegacy/HAL/Src/stm32f4xx_hal.o
                0x20000000                uwTickPrio
                0x20000004                uwTickFreq
 *fill*         0x20000005        0x3 
 .data          0x20000008        0x4 LowLevelDrivers/UserDefined/lld_system.o
                0x20000008                SystemCoreClock
 .data          0x2000000c       0x2c _Main_/task_scheduler.o
                0x2000000c                runningTasks
                0x20000010                tasksPeriod
                0x20000014                tasks
 *(.data*)
 .data.impure_data
                0x20000038      0x428 c:/ac6/systemworkbench/plugins/fr.ac6.mcu.externaltools.arm-none.win32_1.17.0.201812190825/tools/compiler/bin/../lib/gcc/arm-none-eabi/7.3.1/../../../../arm-none-eabi/lib/thumb/v7e-m/fpv4-sp/hard\libc.a(lib_a-impure.o)
 .data.__atexit_recursive_mutex
                0x20000460        0x4 c:/ac6/systemworkbench/plugins/fr.ac6.mcu.externaltools.arm-none.win32_1.17.0.201812190825/tools/compiler/bin/../lib/gcc/arm-none-eabi/7.3.1/../../../../arm-none-eabi/lib/thumb/v7e-m/fpv4-sp/hard\libc.a(lib_a-__call_atexit.o)
                0x20000460                __atexit_recursive_mutex
                0x20000464                . = ALIGN (0x4)
                0x20000464                _edata = .

.igot.plt       0x20000464        0x0 load address 0x08003f84
 .igot.plt      0x20000464        0x0 c:/ac6/systemworkbench/plugins/fr.ac6.mcu.externaltools.arm-none.win32_1.17.0.201812190825/tools/compiler/bin/../lib/gcc/arm-none-eabi/7.3.1/thumb/v7e-m/fpv4-sp/hard/crtbegin.o
                0x20000464                . = ALIGN (0x4)

.bss            0x20000464     0xd194 load address 0x08003f84
                0x20000464                _sbss = .
                0x20000464                __bss_start__ = _sbss
 *(.bss)
 .bss           0x20000464       0x1c c:/ac6/systemworkbench/plugins/fr.ac6.mcu.externaltools.arm-none.win32_1.17.0.201812190825/tools/compiler/bin/../lib/gcc/arm-none-eabi/7.3.1/thumb/v7e-m/fpv4-sp/hard/crtbegin.o
 .bss           0x20000480        0x4 Communication/AqPlot/tess_data_acq_output.o
 .bss           0x20000484        0x1 _Main_/task_scheduler.o
                0x20000484                currentTask
 *(.bss*)
 *(COMMON)
 *fill*         0x20000485        0x3 
 COMMON         0x20000488     0xd126 Communication/AqPlot/tess_data_acq_output.o
                0x20000488                TESS_RING_BUFFER_DATA
                0x200004a4                dma_isr
                0x200004a8                hdma_usart2_tx
                0x20000508                TESS_RING_BUFFER
                0x2000d514                huart2
                0x2000d554                TESS_TO_RING_BUFFER
                0x2000d570                TESS_LOOP_CNT
                0x2000d574                PORT__TessDasStates
                0x2000d578                TESS_DMA_BUFFER
                0x2000d594                TESS_DATA_ACQ_BUFFER
 *fill*         0x2000d5ae        0x2 
 COMMON         0x2000d5b0        0x4 LowLevelDrivers/MCULegacy/HAL/Src/stm32f4xx_hal.o
                0x2000d5b0                uwTick
 COMMON         0x2000d5b4       0x1c LowLevelDrivers/UserDefined/lld_adc.o
                0x2000d5b4                PORT__AdcVb
                0x2000d5b6                PORT__AdcVa
                0x2000d5b8                PORT__AdcDcLink
                0x2000d5ba                PORT__AdcVc
                0x2000d5bc                PORT__AdcIa
                0x2000d5be                PORT__AdcIb
                0x2000d5c0                ADC_TO_DMA_BUFFER
                0x2000d5ce                PORT__AdcIc
 COMMON         0x2000d5d0        0x4 _Main_/main.o
                0x2000d5d0                MAIN_CLOCK
 COMMON         0x2000d5d4       0x21 c:/ac6/systemworkbench/plugins/fr.ac6.mcu.externaltools.arm-none.win32_1.17.0.201812190825/tools/compiler/bin/../lib/gcc/arm-none-eabi/7.3.1/../../../../arm-none-eabi/lib/thumb/v7e-m/fpv4-sp/hard\libc.a(lib_a-lock.o)
                0x2000d5d4                __lock___atexit_recursive_mutex
                0x2000d5d8                __lock___arc4random_mutex
                0x2000d5dc                __lock___env_recursive_mutex
                0x2000d5e0                __lock___sinit_recursive_mutex
                0x2000d5e4                __lock___malloc_recursive_mutex
                0x2000d5e8                __lock___at_quick_exit_mutex
                0x2000d5ec                __lock___dd_hash_mutex
                0x2000d5f0                __lock___tz_mutex
                0x2000d5f4                __lock___sfp_recursive_mutex
                0x2000d5f8                . = ALIGN (0x4)
 *fill*         0x2000d5f5        0x3 
                0x2000d5f8                _ebss = .
                0x2000d5f8                __bss_end__ = _ebss

._user_heap_stack
                0x2000d5f8      0x600 load address 0x08003f84
                0x2000d5f8                . = ALIGN (0x8)
                [!provide]                PROVIDE (end = .)
                [!provide]                PROVIDE (_end = .)
                0x2000d7f8                . = (. + _Min_Heap_Size)
 *fill*         0x2000d5f8      0x200 
                0x2000dbf8                . = (. + _Min_Stack_Size)
 *fill*         0x2000d7f8      0x400 
                0x2000dbf8                . = ALIGN (0x8)

/DISCARD/
 libc.a(*)
 libm.a(*)
 libgcc.a(*)

.ARM.attributes
                0x00000000       0x30
 *(.ARM.attributes)
 .ARM.attributes
                0x00000000       0x22 c:/ac6/systemworkbench/plugins/fr.ac6.mcu.externaltools.arm-none.win32_1.17.0.201812190825/tools/compiler/bin/../lib/gcc/arm-none-eabi/7.3.1/thumb/v7e-m/fpv4-sp/hard/crti.o
 .ARM.attributes
                0x00000022       0x34 c:/ac6/systemworkbench/plugins/fr.ac6.mcu.externaltools.arm-none.win32_1.17.0.201812190825/tools/compiler/bin/../lib/gcc/arm-none-eabi/7.3.1/thumb/v7e-m/fpv4-sp/hard/crtbegin.o
 .ARM.attributes
                0x00000056       0x39 Communication/AqPlot/tess_data_acq_output.o
 .ARM.attributes
                0x0000008f       0x39 Communication/AqPlot/tess_ring_buffer.o
 .ARM.attributes
                0x000000c8       0x39 LowLevelDrivers/MCULegacy/HAL/Src/stm32f4xx_hal.o
 .ARM.attributes
                0x00000101       0x39 LowLevelDrivers/MCULegacy/HAL/Src/stm32f4xx_hal_cortex.o
 .ARM.attributes
                0x0000013a       0x39 LowLevelDrivers/MCULegacy/HAL/Src/stm32f4xx_hal_dma.o
 .ARM.attributes
                0x00000173       0x39 LowLevelDrivers/MCULegacy/HAL/Src/stm32f4xx_hal_gpio.o
 .ARM.attributes
                0x000001ac       0x39 LowLevelDrivers/MCULegacy/HAL/Src/stm32f4xx_hal_rcc.o
 .ARM.attributes
                0x000001e5       0x39 LowLevelDrivers/MCULegacy/HAL/Src/stm32f4xx_hal_rcc_ex.o
 .ARM.attributes
                0x0000021e       0x39 LowLevelDrivers/MCULegacy/HAL/Src/stm32f4xx_hal_uart.o
 .ARM.attributes
                0x00000257       0x39 LowLevelDrivers/UserDefined/lld_adc.o
 .ARM.attributes
                0x00000290       0x39 LowLevelDrivers/UserDefined/lld_system.o
 .ARM.attributes
                0x000002c9       0x39 LowLevelDrivers/UserDefined/lld_timers.o
 .ARM.attributes
                0x00000302       0x39 LowLevelDrivers/UserDefined/lld_usart.o
 .ARM.attributes
                0x0000033b       0x39 _Main_/isr.o
 .ARM.attributes
                0x00000374       0x39 _Main_/main.o
 .ARM.attributes
                0x000003ad       0x39 _Main_/main_init.o
 .ARM.attributes
                0x000003e6       0x39 _Main_/task_scheduler.o
 .ARM.attributes
                0x0000041f       0x39 _Main_/tasks.o
 .ARM.attributes
                0x00000458       0x21 startup/startup_stm32f401xe.o
 .ARM.attributes
                0x00000479       0x22 c:/ac6/systemworkbench/plugins/fr.ac6.mcu.externaltools.arm-none.win32_1.17.0.201812190825/tools/compiler/bin/../lib/gcc/arm-none-eabi/7.3.1/thumb/v7e-m/fpv4-sp/hard\libgcc.a(_aeabi_uldivmod.o)
 .ARM.attributes
                0x0000049b       0x34 c:/ac6/systemworkbench/plugins/fr.ac6.mcu.externaltools.arm-none.win32_1.17.0.201812190825/tools/compiler/bin/../lib/gcc/arm-none-eabi/7.3.1/thumb/v7e-m/fpv4-sp/hard\libgcc.a(_udivmoddi4.o)
 .ARM.attributes
                0x000004cf       0x22 c:/ac6/systemworkbench/plugins/fr.ac6.mcu.externaltools.arm-none.win32_1.17.0.201812190825/tools/compiler/bin/../lib/gcc/arm-none-eabi/7.3.1/thumb/v7e-m/fpv4-sp/hard\libgcc.a(_dvmd_tls.o)
 .ARM.attributes
                0x000004f1       0x34 c:/ac6/systemworkbench/plugins/fr.ac6.mcu.externaltools.arm-none.win32_1.17.0.201812190825/tools/compiler/bin/../lib/gcc/arm-none-eabi/7.3.1/../../../../arm-none-eabi/lib/thumb/v7e-m/fpv4-sp/hard\libc.a(lib_a-impure.o)
 .ARM.attributes
                0x00000525       0x34 c:/ac6/systemworkbench/plugins/fr.ac6.mcu.externaltools.arm-none.win32_1.17.0.201812190825/tools/compiler/bin/../lib/gcc/arm-none-eabi/7.3.1/../../../../arm-none-eabi/lib/thumb/v7e-m/fpv4-sp/hard\libc.a(lib_a-init.o)
 .ARM.attributes
                0x00000559       0x34 c:/ac6/systemworkbench/plugins/fr.ac6.mcu.externaltools.arm-none.win32_1.17.0.201812190825/tools/compiler/bin/../lib/gcc/arm-none-eabi/7.3.1/../../../../arm-none-eabi/lib/thumb/v7e-m/fpv4-sp/hard\libc.a(lib_a-__call_atexit.o)
 .ARM.attributes
                0x0000058d       0x34 c:/ac6/systemworkbench/plugins/fr.ac6.mcu.externaltools.arm-none.win32_1.17.0.201812190825/tools/compiler/bin/../lib/gcc/arm-none-eabi/7.3.1/../../../../arm-none-eabi/lib/thumb/v7e-m/fpv4-sp/hard\libc.a(lib_a-atexit.o)
 .ARM.attributes
                0x000005c1       0x34 c:/ac6/systemworkbench/plugins/fr.ac6.mcu.externaltools.arm-none.win32_1.17.0.201812190825/tools/compiler/bin/../lib/gcc/arm-none-eabi/7.3.1/../../../../arm-none-eabi/lib/thumb/v7e-m/fpv4-sp/hard\libc.a(lib_a-fini.o)
 .ARM.attributes
                0x000005f5       0x34 c:/ac6/systemworkbench/plugins/fr.ac6.mcu.externaltools.arm-none.win32_1.17.0.201812190825/tools/compiler/bin/../lib/gcc/arm-none-eabi/7.3.1/../../../../arm-none-eabi/lib/thumb/v7e-m/fpv4-sp/hard\libc.a(lib_a-lock.o)
 .ARM.attributes
                0x00000629       0x34 c:/ac6/systemworkbench/plugins/fr.ac6.mcu.externaltools.arm-none.win32_1.17.0.201812190825/tools/compiler/bin/../lib/gcc/arm-none-eabi/7.3.1/../../../../arm-none-eabi/lib/thumb/v7e-m/fpv4-sp/hard\libc.a(lib_a-__atexit.o)
 .ARM.attributes
                0x0000065d       0x22 c:/ac6/systemworkbench/plugins/fr.ac6.mcu.externaltools.arm-none.win32_1.17.0.201812190825/tools/compiler/bin/../lib/gcc/arm-none-eabi/7.3.1/thumb/v7e-m/fpv4-sp/hard/crtn.o
OUTPUT(TESS.elf elf32-littlearm)

.debug_info     0x00000000    0x13940
 .debug_info    0x00000000     0x10db Communication/AqPlot/tess_data_acq_output.o
 .debug_info    0x000010db      0xcc2 Communication/AqPlot/tess_ring_buffer.o
 .debug_info    0x00001d9d     0x10c0 LowLevelDrivers/MCULegacy/HAL/Src/stm32f4xx_hal.o
 .debug_info    0x00002e5d     0x1560 LowLevelDrivers/MCULegacy/HAL/Src/stm32f4xx_hal_cortex.o
 .debug_info    0x000043bd     0x112f LowLevelDrivers/MCULegacy/HAL/Src/stm32f4xx_hal_dma.o
 .debug_info    0x000054ec      0xfb1 LowLevelDrivers/MCULegacy/HAL/Src/stm32f4xx_hal_gpio.o
 .debug_info    0x0000649d     0x10f4 LowLevelDrivers/MCULegacy/HAL/Src/stm32f4xx_hal_rcc.o
 .debug_info    0x00007591      0xdb9 LowLevelDrivers/MCULegacy/HAL/Src/stm32f4xx_hal_rcc_ex.o
 .debug_info    0x0000834a     0x19e9 LowLevelDrivers/MCULegacy/HAL/Src/stm32f4xx_hal_uart.o
 .debug_info    0x00009d33     0x111d LowLevelDrivers/UserDefined/lld_adc.o
 .debug_info    0x0000ae50      0xefd LowLevelDrivers/UserDefined/lld_system.o
 .debug_info    0x0000bd4d      0xdae LowLevelDrivers/UserDefined/lld_timers.o
 .debug_info    0x0000cafb     0x1565 LowLevelDrivers/UserDefined/lld_usart.o
 .debug_info    0x0000e060     0x1325 _Main_/isr.o
 .debug_info    0x0000f385     0x1122 _Main_/main.o
 .debug_info    0x000104a7     0x110d _Main_/main_init.o
 .debug_info    0x000115b4     0x11e8 _Main_/task_scheduler.o
 .debug_info    0x0001279c     0x112f _Main_/tasks.o
 .debug_info    0x000138cb       0x75 startup/startup_stm32f401xe.o

.debug_abbrev   0x00000000     0x2cc2
 .debug_abbrev  0x00000000      0x276 Communication/AqPlot/tess_data_acq_output.o
 .debug_abbrev  0x00000276      0x289 Communication/AqPlot/tess_ring_buffer.o
 .debug_abbrev  0x000004ff      0x2bb LowLevelDrivers/MCULegacy/HAL/Src/stm32f4xx_hal.o
 .debug_abbrev  0x000007ba      0x39d LowLevelDrivers/MCULegacy/HAL/Src/stm32f4xx_hal_cortex.o
 .debug_abbrev  0x00000b57      0x2b2 LowLevelDrivers/MCULegacy/HAL/Src/stm32f4xx_hal_dma.o
 .debug_abbrev  0x00000e09      0x287 LowLevelDrivers/MCULegacy/HAL/Src/stm32f4xx_hal_gpio.o
 .debug_abbrev  0x00001090      0x303 LowLevelDrivers/MCULegacy/HAL/Src/stm32f4xx_hal_rcc.o
 .debug_abbrev  0x00001393      0x25c LowLevelDrivers/MCULegacy/HAL/Src/stm32f4xx_hal_rcc_ex.o
 .debug_abbrev  0x000015ef      0x2f8 LowLevelDrivers/MCULegacy/HAL/Src/stm32f4xx_hal_uart.o
 .debug_abbrev  0x000018e7      0x25d LowLevelDrivers/UserDefined/lld_adc.o
 .debug_abbrev  0x00001b44      0x231 LowLevelDrivers/UserDefined/lld_system.o
 .debug_abbrev  0x00001d75      0x1ee LowLevelDrivers/UserDefined/lld_timers.o
 .debug_abbrev  0x00001f63      0x27d LowLevelDrivers/UserDefined/lld_usart.o
 .debug_abbrev  0x000021e0      0x267 _Main_/isr.o
 .debug_abbrev  0x00002447      0x212 _Main_/main.o
 .debug_abbrev  0x00002659      0x210 _Main_/main_init.o
 .debug_abbrev  0x00002869      0x21f _Main_/task_scheduler.o
 .debug_abbrev  0x00002a88      0x228 _Main_/tasks.o
 .debug_abbrev  0x00002cb0       0x12 startup/startup_stm32f401xe.o

.debug_aranges  0x00000000      0x7d0
 .debug_aranges
                0x00000000       0x40 Communication/AqPlot/tess_data_acq_output.o
 .debug_aranges
                0x00000040       0x48 Communication/AqPlot/tess_ring_buffer.o
 .debug_aranges
                0x00000088       0xe0 LowLevelDrivers/MCULegacy/HAL/Src/stm32f4xx_hal.o
 .debug_aranges
                0x00000168      0x118 LowLevelDrivers/MCULegacy/HAL/Src/stm32f4xx_hal_cortex.o
 .debug_aranges
                0x00000280       0x90 LowLevelDrivers/MCULegacy/HAL/Src/stm32f4xx_hal_dma.o
 .debug_aranges
                0x00000310       0x58 LowLevelDrivers/MCULegacy/HAL/Src/stm32f4xx_hal_gpio.o
 .debug_aranges
                0x00000368       0x88 LowLevelDrivers/MCULegacy/HAL/Src/stm32f4xx_hal_rcc.o
 .debug_aranges
                0x000003f0       0x48 LowLevelDrivers/MCULegacy/HAL/Src/stm32f4xx_hal_rcc_ex.o
 .debug_aranges
                0x00000438      0x1d0 LowLevelDrivers/MCULegacy/HAL/Src/stm32f4xx_hal_uart.o
 .debug_aranges
                0x00000608       0x38 LowLevelDrivers/UserDefined/lld_adc.o
 .debug_aranges
                0x00000640       0x30 LowLevelDrivers/UserDefined/lld_system.o
 .debug_aranges
                0x00000670       0x28 LowLevelDrivers/UserDefined/lld_timers.o
 .debug_aranges
                0x00000698       0x38 LowLevelDrivers/UserDefined/lld_usart.o
 .debug_aranges
                0x000006d0       0x48 _Main_/isr.o
 .debug_aranges
                0x00000718       0x20 _Main_/main.o
 .debug_aranges
                0x00000738       0x20 _Main_/main_init.o
 .debug_aranges
                0x00000758       0x20 _Main_/task_scheduler.o
 .debug_aranges
                0x00000778       0x30 _Main_/tasks.o
 .debug_aranges
                0x000007a8       0x28 startup/startup_stm32f401xe.o

.debug_ranges   0x00000000      0x6a8
 .debug_ranges  0x00000000       0x30 Communication/AqPlot/tess_data_acq_output.o
 .debug_ranges  0x00000030       0x38 Communication/AqPlot/tess_ring_buffer.o
 .debug_ranges  0x00000068       0xd0 LowLevelDrivers/MCULegacy/HAL/Src/stm32f4xx_hal.o
 .debug_ranges  0x00000138      0x108 LowLevelDrivers/MCULegacy/HAL/Src/stm32f4xx_hal_cortex.o
 .debug_ranges  0x00000240       0x80 LowLevelDrivers/MCULegacy/HAL/Src/stm32f4xx_hal_dma.o
 .debug_ranges  0x000002c0       0x48 LowLevelDrivers/MCULegacy/HAL/Src/stm32f4xx_hal_gpio.o
 .debug_ranges  0x00000308       0x78 LowLevelDrivers/MCULegacy/HAL/Src/stm32f4xx_hal_rcc.o
 .debug_ranges  0x00000380       0x38 LowLevelDrivers/MCULegacy/HAL/Src/stm32f4xx_hal_rcc_ex.o
 .debug_ranges  0x000003b8      0x1c0 LowLevelDrivers/MCULegacy/HAL/Src/stm32f4xx_hal_uart.o
 .debug_ranges  0x00000578       0x28 LowLevelDrivers/UserDefined/lld_adc.o
 .debug_ranges  0x000005a0       0x20 LowLevelDrivers/UserDefined/lld_system.o
 .debug_ranges  0x000005c0       0x18 LowLevelDrivers/UserDefined/lld_timers.o
 .debug_ranges  0x000005d8       0x28 LowLevelDrivers/UserDefined/lld_usart.o
 .debug_ranges  0x00000600       0x38 _Main_/isr.o
 .debug_ranges  0x00000638       0x10 _Main_/main.o
 .debug_ranges  0x00000648       0x10 _Main_/main_init.o
 .debug_ranges  0x00000658       0x10 _Main_/task_scheduler.o
 .debug_ranges  0x00000668       0x20 _Main_/tasks.o
 .debug_ranges  0x00000688       0x20 startup/startup_stm32f401xe.o

.debug_macro    0x00000000    0x18a64
 .debug_macro   0x00000000      0x37d Communication/AqPlot/tess_data_acq_output.o
 .debug_macro   0x0000037d      0x8ce Communication/AqPlot/tess_data_acq_output.o
 .debug_macro   0x00000c4b       0x22 Communication/AqPlot/tess_data_acq_output.o
 .debug_macro   0x00000c6d       0x87 Communication/AqPlot/tess_data_acq_output.o
 .debug_macro   0x00000cf4       0x51 Communication/AqPlot/tess_data_acq_output.o
 .debug_macro   0x00000d45       0xef Communication/AqPlot/tess_data_acq_output.o
 .debug_macro   0x00000e34       0x6a Communication/AqPlot/tess_data_acq_output.o
 .debug_macro   0x00000e9e      0x1df Communication/AqPlot/tess_data_acq_output.o
 .debug_macro   0x0000107d       0x1c Communication/AqPlot/tess_data_acq_output.o
 .debug_macro   0x00001099       0x2c Communication/AqPlot/tess_data_acq_output.o
 .debug_macro   0x000010c5       0x28 Communication/AqPlot/tess_data_acq_output.o
 .debug_macro   0x000010ed       0x3b Communication/AqPlot/tess_data_acq_output.o
 .debug_macro   0x00001128       0x50 Communication/AqPlot/tess_data_acq_output.o
 .debug_macro   0x00001178      0xe66 Communication/AqPlot/tess_data_acq_output.o
 .debug_macro   0x00001fde     0xb71c Communication/AqPlot/tess_data_acq_output.o
 .debug_macro   0x0000d6fa       0x43 Communication/AqPlot/tess_data_acq_output.o
 .debug_macro   0x0000d73d       0xa9 Communication/AqPlot/tess_data_acq_output.o
 .debug_macro   0x0000d7e6     0x3535 Communication/AqPlot/tess_data_acq_output.o
 .debug_macro   0x00010d1b       0x58 Communication/AqPlot/tess_data_acq_output.o
 .debug_macro   0x00010d73       0x35 Communication/AqPlot/tess_data_acq_output.o
 .debug_macro   0x00010da8       0x9c Communication/AqPlot/tess_data_acq_output.o
 .debug_macro   0x00010e44       0x16 Communication/AqPlot/tess_data_acq_output.o
 .debug_macro   0x00010e5a       0x97 Communication/AqPlot/tess_data_acq_output.o
 .debug_macro   0x00010ef1      0x330 Communication/AqPlot/tess_data_acq_output.o
 .debug_macro   0x00011221       0xfd Communication/AqPlot/tess_data_acq_output.o
 .debug_macro   0x0001131e       0x10 Communication/AqPlot/tess_data_acq_output.o
 .debug_macro   0x0001132e       0x58 Communication/AqPlot/tess_data_acq_output.o
 .debug_macro   0x00011386       0x1f Communication/AqPlot/tess_data_acq_output.o
 .debug_macro   0x000113a5       0x43 Communication/AqPlot/tess_data_acq_output.o
 .debug_macro   0x000113e8       0x20 Communication/AqPlot/tess_data_acq_output.o
 .debug_macro   0x00011408      0x187 Communication/AqPlot/tess_data_acq_output.o
 .debug_macro   0x0001158f       0x10 Communication/AqPlot/tess_data_acq_output.o
 .debug_macro   0x0001159f       0x1c Communication/AqPlot/tess_data_acq_output.o
 .debug_macro   0x000115bb       0x52 Communication/AqPlot/tess_data_acq_output.o
 .debug_macro   0x0001160d       0x40 Communication/AqPlot/tess_data_acq_output.o
 .debug_macro   0x0001164d       0x10 Communication/AqPlot/tess_data_acq_output.o
 .debug_macro   0x0001165d       0x40 Communication/AqPlot/tess_data_acq_output.o
 .debug_macro   0x0001169d       0xd7 Communication/AqPlot/tess_data_acq_output.o
 .debug_macro   0x00011774       0x16 Communication/AqPlot/tess_data_acq_output.o
 .debug_macro   0x0001178a      0x18b Communication/AqPlot/tess_data_acq_output.o
 .debug_macro   0x00011915       0x57 Communication/AqPlot/tess_data_acq_output.o
 .debug_macro   0x0001196c      0x416 Communication/AqPlot/tess_data_acq_output.o
 .debug_macro   0x00011d82      0xa02 Communication/AqPlot/tess_data_acq_output.o
 .debug_macro   0x00012784      0x11e Communication/AqPlot/tess_data_acq_output.o
 .debug_macro   0x000128a2       0xf8 Communication/AqPlot/tess_data_acq_output.o
 .debug_macro   0x0001299a       0x27 Communication/AqPlot/tess_data_acq_output.o
 .debug_macro   0x000129c1      0x287 Communication/AqPlot/tess_data_acq_output.o
 .debug_macro   0x00012c48       0x5f Communication/AqPlot/tess_data_acq_output.o
 .debug_macro   0x00012ca7      0x23a Communication/AqPlot/tess_data_acq_output.o
 .debug_macro   0x00012ee1      0x391 Communication/AqPlot/tess_data_acq_output.o
 .debug_macro   0x00013272      0x176 Communication/AqPlot/tess_data_acq_output.o
 .debug_macro   0x000133e8       0xf9 Communication/AqPlot/tess_data_acq_output.o
 .debug_macro   0x000134e1      0x13a Communication/AqPlot/tess_data_acq_output.o
 .debug_macro   0x0001361b      0x264 Communication/AqPlot/tess_data_acq_output.o
 .debug_macro   0x0001387f       0x2e Communication/AqPlot/tess_data_acq_output.o
 .debug_macro   0x000138ad      0x11e Communication/AqPlot/tess_data_acq_output.o
 .debug_macro   0x000139cb       0x85 Communication/AqPlot/tess_data_acq_output.o
 .debug_macro   0x00013a50       0x89 Communication/AqPlot/tess_data_acq_output.o
 .debug_macro   0x00013ad9      0x6e0 Communication/AqPlot/tess_data_acq_output.o
 .debug_macro   0x000141b9       0x59 Communication/AqPlot/tess_data_acq_output.o
 .debug_macro   0x00014212      0x14d Communication/AqPlot/tess_data_acq_output.o
 .debug_macro   0x0001435f      0x287 Communication/AqPlot/tess_data_acq_output.o
 .debug_macro   0x000145e6      0x225 Communication/AqPlot/tess_data_acq_output.o
 .debug_macro   0x0001480b      0x12d Communication/AqPlot/tess_data_acq_output.o
 .debug_macro   0x00014938       0x28 Communication/AqPlot/tess_data_acq_output.o
 .debug_macro   0x00014960       0x6a Communication/AqPlot/tess_data_acq_output.o
 .debug_macro   0x000149ca       0x34 Communication/AqPlot/tess_data_acq_output.o
 .debug_macro   0x000149fe      0x349 Communication/AqPlot/tess_ring_buffer.o
 .debug_macro   0x00014d47      0x391 LowLevelDrivers/MCULegacy/HAL/Src/stm32f4xx_hal.o
 .debug_macro   0x000150d8      0x331 LowLevelDrivers/MCULegacy/HAL/Src/stm32f4xx_hal_cortex.o
 .debug_macro   0x00015409      0x338 LowLevelDrivers/MCULegacy/HAL/Src/stm32f4xx_hal_dma.o
 .debug_macro   0x00015741      0x369 LowLevelDrivers/MCULegacy/HAL/Src/stm32f4xx_hal_gpio.o
 .debug_macro   0x00015aaa      0x355 LowLevelDrivers/MCULegacy/HAL/Src/stm32f4xx_hal_rcc.o
 .debug_macro   0x00015dff      0x331 LowLevelDrivers/MCULegacy/HAL/Src/stm32f4xx_hal_rcc_ex.o
 .debug_macro   0x00016130      0x332 LowLevelDrivers/MCULegacy/HAL/Src/stm32f4xx_hal_uart.o
 .debug_macro   0x00016462      0x349 LowLevelDrivers/UserDefined/lld_adc.o
 .debug_macro   0x000167ab       0x22 LowLevelDrivers/UserDefined/lld_adc.o
 .debug_macro   0x000167cd      0x118 LowLevelDrivers/UserDefined/lld_adc.o
 .debug_macro   0x000168e5      0x341 LowLevelDrivers/UserDefined/lld_system.o
 .debug_macro   0x00016c26      0x358 LowLevelDrivers/UserDefined/lld_timers.o
 .debug_macro   0x00016f7e      0x377 LowLevelDrivers/UserDefined/lld_usart.o
 .debug_macro   0x000172f5       0x2e LowLevelDrivers/UserDefined/lld_usart.o
 .debug_macro   0x00017323      0x41b _Main_/isr.o
 .debug_macro   0x0001773e       0x2e _Main_/isr.o
 .debug_macro   0x0001776c       0x10 _Main_/isr.o
 .debug_macro   0x0001777c      0x411 _Main_/main.o
 .debug_macro   0x00017b8d      0x11e _Main_/main.o
 .debug_macro   0x00017cab      0x1e4 _Main_/main.o
 .debug_macro   0x00017e8f      0x3f1 _Main_/main_init.o
 .debug_macro   0x00018280      0x3f6 _Main_/task_scheduler.o
 .debug_macro   0x00018676      0x3ee _Main_/tasks.o

.debug_line     0x00000000     0xbaaa
 .debug_line    0x00000000      0x9c0 Communication/AqPlot/tess_data_acq_output.o
 .debug_line    0x000009c0      0x980 Communication/AqPlot/tess_ring_buffer.o
 .debug_line    0x00001340      0x9cf LowLevelDrivers/MCULegacy/HAL/Src/stm32f4xx_hal.o
 .debug_line    0x00001d0f      0xb08 LowLevelDrivers/MCULegacy/HAL/Src/stm32f4xx_hal_cortex.o
 .debug_line    0x00002817      0xabd LowLevelDrivers/MCULegacy/HAL/Src/stm32f4xx_hal_dma.o
 .debug_line    0x000032d4      0x994 LowLevelDrivers/MCULegacy/HAL/Src/stm32f4xx_hal_gpio.o
 .debug_line    0x00003c68      0xa38 LowLevelDrivers/MCULegacy/HAL/Src/stm32f4xx_hal_rcc.o
 .debug_line    0x000046a0      0x917 LowLevelDrivers/MCULegacy/HAL/Src/stm32f4xx_hal_rcc_ex.o
 .debug_line    0x00004fb7     0x10d3 LowLevelDrivers/MCULegacy/HAL/Src/stm32f4xx_hal_uart.o
 .debug_line    0x0000608a      0x8bc LowLevelDrivers/UserDefined/lld_adc.o
 .debug_line    0x00006946      0x85e LowLevelDrivers/UserDefined/lld_system.o
 .debug_line    0x000071a4      0x876 LowLevelDrivers/UserDefined/lld_timers.o
 .debug_line    0x00007a1a      0x973 LowLevelDrivers/UserDefined/lld_usart.o
 .debug_line    0x0000838d      0xb5b _Main_/isr.o
 .debug_line    0x00008ee8      0xae6 _Main_/main.o
 .debug_line    0x000099ce      0xaa1 _Main_/main_init.o
 .debug_line    0x0000a46f      0xaf8 _Main_/task_scheduler.o
 .debug_line    0x0000af67      0xac4 _Main_/tasks.o
 .debug_line    0x0000ba2b       0x7f startup/startup_stm32f401xe.o

.debug_str      0x00000000    0x8e01b
 .debug_str     0x00000000    0x88c2c Communication/AqPlot/tess_data_acq_output.o
                              0x88f56 (size before relaxing)
 .debug_str     0x00088c2c       0xd2 Communication/AqPlot/tess_ring_buffer.o
                              0x88603 (size before relaxing)
 .debug_str     0x00088cfe      0xaa3 LowLevelDrivers/MCULegacy/HAL/Src/stm32f4xx_hal.o
                              0x88e24 (size before relaxing)
 .debug_str     0x000897a1      0x3f4 LowLevelDrivers/MCULegacy/HAL/Src/stm32f4xx_hal_cortex.o
                              0x88b99 (size before relaxing)
 .debug_str     0x00089b95      0x323 LowLevelDrivers/MCULegacy/HAL/Src/stm32f4xx_hal_dma.o
                              0x88864 (size before relaxing)
 .debug_str     0x00089eb8      0x288 LowLevelDrivers/MCULegacy/HAL/Src/stm32f4xx_hal_gpio.o
                              0x886a0 (size before relaxing)
 .debug_str     0x0008a140      0x385 LowLevelDrivers/MCULegacy/HAL/Src/stm32f4xx_hal_rcc.o
                              0x88843 (size before relaxing)
 .debug_str     0x0008a4c5      0x18b LowLevelDrivers/MCULegacy/HAL/Src/stm32f4xx_hal_rcc_ex.o
                              0x885a7 (size before relaxing)
 .debug_str     0x0008a650      0x548 LowLevelDrivers/MCULegacy/HAL/Src/stm32f4xx_hal_uart.o
                              0x88c6d (size before relaxing)
 .debug_str     0x0008ab98      0x6b0 LowLevelDrivers/UserDefined/lld_adc.o
                              0x88ef6 (size before relaxing)
 .debug_str     0x0008b248       0x9e LowLevelDrivers/UserDefined/lld_system.o
                              0x8859c (size before relaxing)
 .debug_str     0x0008b2e6       0xb0 LowLevelDrivers/UserDefined/lld_timers.o
                              0x8855f (size before relaxing)
 .debug_str     0x0008b396       0x55 LowLevelDrivers/UserDefined/lld_usart.o
                              0x89437 (size before relaxing)
 .debug_str     0x0008b3eb     0x2b14 _Main_/isr.o
                              0x8c04b (size before relaxing)
 .debug_str     0x0008deff       0x37 _Main_/main.o
                              0x8bf4b (size before relaxing)
 .debug_str     0x0008df36       0x20 _Main_/main_init.o
                              0x8bd31 (size before relaxing)
 .debug_str     0x0008df56       0x92 _Main_/task_scheduler.o
                              0x8bf5d (size before relaxing)
 .debug_str     0x0008dfe8       0x33 _Main_/tasks.o
                              0x8bef1 (size before relaxing)

.comment        0x00000000       0x7f
 .comment       0x00000000       0x7f Communication/AqPlot/tess_data_acq_output.o
                                 0x80 (size before relaxing)
 .comment       0x0000007f       0x80 Communication/AqPlot/tess_ring_buffer.o
 .comment       0x0000007f       0x80 LowLevelDrivers/MCULegacy/HAL/Src/stm32f4xx_hal.o
 .comment       0x0000007f       0x80 LowLevelDrivers/MCULegacy/HAL/Src/stm32f4xx_hal_cortex.o
 .comment       0x0000007f       0x80 LowLevelDrivers/MCULegacy/HAL/Src/stm32f4xx_hal_dma.o
 .comment       0x0000007f       0x80 LowLevelDrivers/MCULegacy/HAL/Src/stm32f4xx_hal_gpio.o
 .comment       0x0000007f       0x80 LowLevelDrivers/MCULegacy/HAL/Src/stm32f4xx_hal_rcc.o
 .comment       0x0000007f       0x80 LowLevelDrivers/MCULegacy/HAL/Src/stm32f4xx_hal_rcc_ex.o
 .comment       0x0000007f       0x80 LowLevelDrivers/MCULegacy/HAL/Src/stm32f4xx_hal_uart.o
 .comment       0x0000007f       0x80 LowLevelDrivers/UserDefined/lld_adc.o
 .comment       0x0000007f       0x80 LowLevelDrivers/UserDefined/lld_system.o
 .comment       0x0000007f       0x80 LowLevelDrivers/UserDefined/lld_timers.o
 .comment       0x0000007f       0x80 LowLevelDrivers/UserDefined/lld_usart.o
 .comment       0x0000007f       0x80 _Main_/isr.o
 .comment       0x0000007f       0x80 _Main_/main.o
 .comment       0x0000007f       0x80 _Main_/main_init.o
 .comment       0x0000007f       0x80 _Main_/task_scheduler.o
 .comment       0x0000007f       0x80 _Main_/tasks.o

.debug_frame    0x00000000     0x1e64
 .debug_frame   0x00000000       0xd0 Communication/AqPlot/tess_data_acq_output.o
 .debug_frame   0x000000d0      0x108 Communication/AqPlot/tess_ring_buffer.o
 .debug_frame   0x000001d8      0x33c LowLevelDrivers/MCULegacy/HAL/Src/stm32f4xx_hal.o
 .debug_frame   0x00000514      0x498 LowLevelDrivers/MCULegacy/HAL/Src/stm32f4xx_hal_cortex.o
 .debug_frame   0x000009ac      0x250 LowLevelDrivers/MCULegacy/HAL/Src/stm32f4xx_hal_dma.o
 .debug_frame   0x00000bfc      0x14c LowLevelDrivers/MCULegacy/HAL/Src/stm32f4xx_hal_gpio.o
 .debug_frame   0x00000d48      0x1f8 LowLevelDrivers/MCULegacy/HAL/Src/stm32f4xx_hal_rcc.o
 .debug_frame   0x00000f40       0xf0 LowLevelDrivers/MCULegacy/HAL/Src/stm32f4xx_hal_rcc_ex.o
 .debug_frame   0x00001030      0x83c LowLevelDrivers/MCULegacy/HAL/Src/stm32f4xx_hal_uart.o
 .debug_frame   0x0000186c       0xa8 LowLevelDrivers/UserDefined/lld_adc.o
 .debug_frame   0x00001914       0x7c LowLevelDrivers/UserDefined/lld_system.o
 .debug_frame   0x00001990       0x5c LowLevelDrivers/UserDefined/lld_timers.o
 .debug_frame   0x000019ec       0x98 LowLevelDrivers/UserDefined/lld_usart.o
 .debug_frame   0x00001a84       0xc8 _Main_/isr.o
 .debug_frame   0x00001b4c       0x2c _Main_/main.o
 .debug_frame   0x00001b78       0x2c _Main_/main_init.o
 .debug_frame   0x00001ba4       0x34 _Main_/task_scheduler.o
 .debug_frame   0x00001bd8       0x6c _Main_/tasks.o
 .debug_frame   0x00001c44       0x2c c:/ac6/systemworkbench/plugins/fr.ac6.mcu.externaltools.arm-none.win32_1.17.0.201812190825/tools/compiler/bin/../lib/gcc/arm-none-eabi/7.3.1/thumb/v7e-m/fpv4-sp/hard\libgcc.a(_aeabi_uldivmod.o)
 .debug_frame   0x00001c70       0x34 c:/ac6/systemworkbench/plugins/fr.ac6.mcu.externaltools.arm-none.win32_1.17.0.201812190825/tools/compiler/bin/../lib/gcc/arm-none-eabi/7.3.1/thumb/v7e-m/fpv4-sp/hard\libgcc.a(_udivmoddi4.o)
 .debug_frame   0x00001ca4       0x2c c:/ac6/systemworkbench/plugins/fr.ac6.mcu.externaltools.arm-none.win32_1.17.0.201812190825/tools/compiler/bin/../lib/gcc/arm-none-eabi/7.3.1/../../../../arm-none-eabi/lib/thumb/v7e-m/fpv4-sp/hard\libc.a(lib_a-init.o)
 .debug_frame   0x00001cd0       0x5c c:/ac6/systemworkbench/plugins/fr.ac6.mcu.externaltools.arm-none.win32_1.17.0.201812190825/tools/compiler/bin/../lib/gcc/arm-none-eabi/7.3.1/../../../../arm-none-eabi/lib/thumb/v7e-m/fpv4-sp/hard\libc.a(lib_a-__call_atexit.o)
 .debug_frame   0x00001d2c       0x20 c:/ac6/systemworkbench/plugins/fr.ac6.mcu.externaltools.arm-none.win32_1.17.0.201812190825/tools/compiler/bin/../lib/gcc/arm-none-eabi/7.3.1/../../../../arm-none-eabi/lib/thumb/v7e-m/fpv4-sp/hard\libc.a(lib_a-atexit.o)
 .debug_frame   0x00001d4c       0x34 c:/ac6/systemworkbench/plugins/fr.ac6.mcu.externaltools.arm-none.win32_1.17.0.201812190825/tools/compiler/bin/../lib/gcc/arm-none-eabi/7.3.1/../../../../arm-none-eabi/lib/thumb/v7e-m/fpv4-sp/hard\libc.a(lib_a-fini.o)
 .debug_frame   0x00001d80       0xb0 c:/ac6/systemworkbench/plugins/fr.ac6.mcu.externaltools.arm-none.win32_1.17.0.201812190825/tools/compiler/bin/../lib/gcc/arm-none-eabi/7.3.1/../../../../arm-none-eabi/lib/thumb/v7e-m/fpv4-sp/hard\libc.a(lib_a-lock.o)
 .debug_frame   0x00001e30       0x34 c:/ac6/systemworkbench/plugins/fr.ac6.mcu.externaltools.arm-none.win32_1.17.0.201812190825/tools/compiler/bin/../lib/gcc/arm-none-eabi/7.3.1/../../../../arm-none-eabi/lib/thumb/v7e-m/fpv4-sp/hard\libc.a(lib_a-__atexit.o)
