Archive member included to satisfy reference by file (symbol)

c:/ac6/systemworkbench/plugins/fr.ac6.mcu.externaltools.arm-none.win32_1.15.0.201708311556/tools/compiler/bin/../lib/gcc/arm-none-eabi/6.3.1/thumb/v7e-m/fpv4-sp/hard\libgcc.a(_aeabi_uldivmod.o)
                              LowLevelDrivers/MCULegacy/HAL/Src/stm32f4xx_hal_rcc.o (__aeabi_uldivmod)
c:/ac6/systemworkbench/plugins/fr.ac6.mcu.externaltools.arm-none.win32_1.15.0.201708311556/tools/compiler/bin/../lib/gcc/arm-none-eabi/6.3.1/thumb/v7e-m/fpv4-sp/hard\libgcc.a(_udivmoddi4.o)
                              c:/ac6/systemworkbench/plugins/fr.ac6.mcu.externaltools.arm-none.win32_1.15.0.201708311556/tools/compiler/bin/../lib/gcc/arm-none-eabi/6.3.1/thumb/v7e-m/fpv4-sp/hard\libgcc.a(_aeabi_uldivmod.o) (__udivmoddi4)
c:/ac6/systemworkbench/plugins/fr.ac6.mcu.externaltools.arm-none.win32_1.15.0.201708311556/tools/compiler/bin/../lib/gcc/arm-none-eabi/6.3.1/thumb/v7e-m/fpv4-sp/hard\libgcc.a(_dvmd_tls.o)
                              c:/ac6/systemworkbench/plugins/fr.ac6.mcu.externaltools.arm-none.win32_1.15.0.201708311556/tools/compiler/bin/../lib/gcc/arm-none-eabi/6.3.1/thumb/v7e-m/fpv4-sp/hard\libgcc.a(_aeabi_uldivmod.o) (__aeabi_ldiv0)
c:/ac6/systemworkbench/plugins/fr.ac6.mcu.externaltools.arm-none.win32_1.15.0.201708311556/tools/compiler/bin/../lib/gcc/arm-none-eabi/6.3.1/../../../../arm-none-eabi/lib/thumb/v7e-m/fpv4-sp/hard\libc.a(lib_a-exit.o)
                              c:/ac6/systemworkbench/plugins/fr.ac6.mcu.externaltools.arm-none.win32_1.15.0.201708311556/tools/compiler/bin/../lib/gcc/arm-none-eabi/6.3.1/../../../../arm-none-eabi/lib/thumb/v7e-m/fpv4-sp/hard/crt0.o (exit)
c:/ac6/systemworkbench/plugins/fr.ac6.mcu.externaltools.arm-none.win32_1.15.0.201708311556/tools/compiler/bin/../lib/gcc/arm-none-eabi/6.3.1/../../../../arm-none-eabi/lib/thumb/v7e-m/fpv4-sp/hard\libc.a(lib_a-impure.o)
                              c:/ac6/systemworkbench/plugins/fr.ac6.mcu.externaltools.arm-none.win32_1.15.0.201708311556/tools/compiler/bin/../lib/gcc/arm-none-eabi/6.3.1/../../../../arm-none-eabi/lib/thumb/v7e-m/fpv4-sp/hard\libc.a(lib_a-exit.o) (_global_impure_ptr)
c:/ac6/systemworkbench/plugins/fr.ac6.mcu.externaltools.arm-none.win32_1.15.0.201708311556/tools/compiler/bin/../lib/gcc/arm-none-eabi/6.3.1/../../../../arm-none-eabi/lib/thumb/v7e-m/fpv4-sp/hard\libc.a(lib_a-init.o)
                              c:/ac6/systemworkbench/plugins/fr.ac6.mcu.externaltools.arm-none.win32_1.15.0.201708311556/tools/compiler/bin/../lib/gcc/arm-none-eabi/6.3.1/../../../../arm-none-eabi/lib/thumb/v7e-m/fpv4-sp/hard/crt0.o (__libc_init_array)
c:/ac6/systemworkbench/plugins/fr.ac6.mcu.externaltools.arm-none.win32_1.15.0.201708311556/tools/compiler/bin/../lib/gcc/arm-none-eabi/6.3.1/../../../../arm-none-eabi/lib/thumb/v7e-m/fpv4-sp/hard\libc.a(lib_a-memset.o)
                              c:/ac6/systemworkbench/plugins/fr.ac6.mcu.externaltools.arm-none.win32_1.15.0.201708311556/tools/compiler/bin/../lib/gcc/arm-none-eabi/6.3.1/../../../../arm-none-eabi/lib/thumb/v7e-m/fpv4-sp/hard/crt0.o (memset)
c:/ac6/systemworkbench/plugins/fr.ac6.mcu.externaltools.arm-none.win32_1.15.0.201708311556/tools/compiler/bin/../lib/gcc/arm-none-eabi/6.3.1/../../../../arm-none-eabi/lib/thumb/v7e-m/fpv4-sp/hard\libc.a(lib_a-__call_atexit.o)
                              c:/ac6/systemworkbench/plugins/fr.ac6.mcu.externaltools.arm-none.win32_1.15.0.201708311556/tools/compiler/bin/../lib/gcc/arm-none-eabi/6.3.1/../../../../arm-none-eabi/lib/thumb/v7e-m/fpv4-sp/hard\libc.a(lib_a-exit.o) (__call_exitprocs)
c:/ac6/systemworkbench/plugins/fr.ac6.mcu.externaltools.arm-none.win32_1.15.0.201708311556/tools/compiler/bin/../lib/gcc/arm-none-eabi/6.3.1/../../../../arm-none-eabi/lib/thumb/v7e-m/fpv4-sp/hard\libc.a(lib_a-atexit.o)
                              c:/ac6/systemworkbench/plugins/fr.ac6.mcu.externaltools.arm-none.win32_1.15.0.201708311556/tools/compiler/bin/../lib/gcc/arm-none-eabi/6.3.1/../../../../arm-none-eabi/lib/thumb/v7e-m/fpv4-sp/hard\libc.a(lib_a-__call_atexit.o) (atexit)
c:/ac6/systemworkbench/plugins/fr.ac6.mcu.externaltools.arm-none.win32_1.15.0.201708311556/tools/compiler/bin/../lib/gcc/arm-none-eabi/6.3.1/../../../../arm-none-eabi/lib/thumb/v7e-m/fpv4-sp/hard\libc.a(lib_a-fini.o)
                              c:/ac6/systemworkbench/plugins/fr.ac6.mcu.externaltools.arm-none.win32_1.15.0.201708311556/tools/compiler/bin/../lib/gcc/arm-none-eabi/6.3.1/../../../../arm-none-eabi/lib/thumb/v7e-m/fpv4-sp/hard\libc.a(lib_a-__call_atexit.o) (__libc_fini_array)
c:/ac6/systemworkbench/plugins/fr.ac6.mcu.externaltools.arm-none.win32_1.15.0.201708311556/tools/compiler/bin/../lib/gcc/arm-none-eabi/6.3.1/../../../../arm-none-eabi/lib/thumb/v7e-m/fpv4-sp/hard\libc.a(lib_a-lock.o)
[...]
Memory Configuration

Name             Origin             Length             Attributes
FLASH            0x08000000         0x00080000         xr
RAM              0x20000000         0x00018000         xrw
*default*        0x00000000         0xffffffff

Linker script and memory map

LOAD c:/ac6/systemworkbench/plugins/fr.ac6.mcu.externaltools.arm-none.win32_1.15.0.201708311556/tools/compiler/bin/../lib/gcc/arm-none-eabi/6.3.1/thumb/v7e-m/fpv4-sp/hard/crti.o
LOAD c:/ac6/systemworkbench/plugins/fr.ac6.mcu.externaltools.arm-none.win32_1.15.0.201708311556/tools/compiler/bin/../lib/gcc/arm-none-eabi/6.3.1/thumb/v7e-m/fpv4-sp/hard/crtbegin.o
LOAD c:/ac6/systemworkbench/plugins/fr.ac6.mcu.externaltools.arm-none.win32_1.15.0.201708311556/tools/compiler/bin/../lib/gcc/arm-none-eabi/6.3.1/../../../../arm-none-eabi/lib/thumb/v7e-m/fpv4-sp/hard/crt0.o
LOAD Communication/AqPlot/tess_data_acq_output.o
LOAD Communication/AqPlot/tess_ring_buffer.o
LOAD Communication/FreeMaster/freemaster_STM32F4xx.o
LOAD Communication/FreeMaster/freemaster_appcmd.o
LOAD Communication/FreeMaster/freemaster_bdm.o
LOAD Communication/FreeMaster/freemaster_can.o
LOAD Communication/FreeMaster/freemaster_lin.o
LOAD Communication/FreeMaster/freemaster_pipes.o
LOAD Communication/FreeMaster/freemaster_protocol.o
LOAD Communication/FreeMaster/freemaster_rec.o
LOAD Communication/FreeMaster/freemaster_scope.o
LOAD Communication/FreeMaster/freemaster_serial.o
LOAD Communication/FreeMaster/freemaster_sfio.o
LOAD Communication/FreeMaster/freemaster_tsa.o
LOAD LowLevelDrivers/MCULegacy/HAL/Src/Legacy/stm32f4xx_hal_can.o
LOAD LowLevelDrivers/MCULegacy/HAL/Src/stm32f4xx_hal.o
LOAD LowLevelDrivers/MCULegacy/HAL/Src/stm32f4xx_hal_adc.o
LOAD LowLevelDrivers/MCULegacy/HAL/Src/stm32f4xx_hal_adc_ex.o
LOAD LowLevelDrivers/MCULegacy/HAL/Src/stm32f4xx_hal_cortex.o
LOAD LowLevelDrivers/MCULegacy/HAL/Src/stm32f4xx_hal_dma.o
LOAD LowLevelDrivers/MCULegacy/HAL/Src/stm32f4xx_hal_dma_ex.o
LOAD LowLevelDrivers/MCULegacy/HAL/Src/stm32f4xx_hal_flash.o
LOAD LowLevelDrivers/MCULegacy/HAL/Src/stm32f4xx_hal_flash_ex.o
LOAD LowLevelDrivers/MCULegacy/HAL/Src/stm32f4xx_hal_flash_ramfunc.o
LOAD LowLevelDrivers/MCULegacy/HAL/Src/stm32f4xx_hal_gpio.o
LOAD LowLevelDrivers/MCULegacy/HAL/Src/stm32f4xx_hal_pwr.o
LOAD LowLevelDrivers/MCULegacy/HAL/Src/stm32f4xx_hal_pwr_ex.o
LOAD LowLevelDrivers/MCULegacy/HAL/Src/stm32f4xx_hal_rcc.o
LOAD LowLevelDrivers/MCULegacy/HAL/Src/stm32f4xx_hal_rcc_ex.o
LOAD LowLevelDrivers/MCULegacy/HAL/Src/stm32f4xx_hal_tim.o
LOAD LowLevelDrivers/MCULegacy/HAL/Src/stm32f4xx_hal_tim_ex.o
LOAD LowLevelDrivers/MCULegacy/HAL/Src/stm32f4xx_hal_uart.o
LOAD LowLevelDrivers/MCULegacy/HAL/Src/stm32f4xx_hal_usart.o
LOAD LowLevelDrivers/UserDefined/lld_adc.o
LOAD LowLevelDrivers/UserDefined/lld_system.o
LOAD LowLevelDrivers/UserDefined/lld_timers.o
LOAD LowLevelDrivers/UserDefined/lld_usart.o
LOAD _Main_/isr.o
LOAD _Main_/main.o
LOAD _Main_/main_init.o
LOAD _Main_/task_scheduler.o
LOAD _Main_/tasks.o
LOAD _Main_/utilities.o
LOAD startup/startup_stm32f401xe.o
LOAD c:/ac6/systemworkbench/plugins/fr.ac6.mcu.externaltools.arm-none.win32_1.15.0.201708311556/tools/compiler/bin/../lib/gcc/arm-none-eabi/6.3.1/../../../../arm-none-eabi/lib/thumb/v7e-m/fpv4-sp/hard\libm.a
START GROUP
LOAD c:/ac6/systemworkbench/plugins/fr.ac6.mcu.externaltools.arm-none.win32_1.15.0.201708311556/tools/compiler/bin/../lib/gcc/arm-none-eabi/6.3.1/thumb/v7e-m/fpv4-sp/hard\libgcc.a
LOAD c:/ac6/systemworkbench/plugins/fr.ac6.mcu.externaltools.arm-none.win32_1.15.0.201708311556/tools/compiler/bin/../lib/gcc/arm-none-eabi/6.3.1/../../../../arm-none-eabi/lib/thumb/v7e-m/fpv4-sp/hard\libc.a
END GROUP
LOAD c:/ac6/systemworkbench/plugins/fr.ac6.mcu.externaltools.arm-none.win32_1.15.0.201708311556/tools/compiler/bin/../lib/gcc/arm-none-eabi/6.3.1/thumb/v7e-m/fpv4-sp/hard/crtend.o
LOAD c:/ac6/systemworkbench/plugins/fr.ac6.mcu.externaltools.arm-none.win32_1.15.0.201708311556/tools/compiler/bin/../lib/gcc/arm-none-eabi/6.3.1/thumb/v7e-m/fpv4-sp/hard/crtn.o
                0x20018000                _estack = 0x20018000
                0x00000200                _Min_Heap_Size = 0x200
                0x00000400                _Min_Stack_Size = 0x400

.isr_vector     0x08000000      0x194
                0x08000000                . = ALIGN (0x4)
 *(.isr_vector)
 .isr_vector    0x08000000      0x194 startup/startup_stm32f401xe.o
                0x08000000                g_pfnVectors
                0x08000194                . = ALIGN (0x4)

.text           0x08000194     0x2d78
                0x08000194                . = ALIGN (0x4)
 *(.text)
 .text          0x08000194       0x6c c:/ac6/systemworkbench/plugins/fr.ac6.mcu.externaltools.arm-none.win32_1.15.0.201708311556/tools/compiler/bin/../lib/gcc/arm-none-eabi/6.3.1/thumb/v7e-m/fpv4-sp/hard/crtbegin.o
 .text          0x08000200       0x30 c:/ac6/systemworkbench/plugins/fr.ac6.mcu.externaltools.arm-none.win32_1.15.0.201708311556/tools/compiler/bin/../lib/gcc/arm-none-eabi/6.3.1/thumb/v7e-m/fpv4-sp/hard\libgcc.a(_aeabi_uldivmod.o)
                0x08000200                __aeabi_uldivmod
 .text          0x08000230      0x2dc c:/ac6/systemworkbench/plugins/fr.ac6.mcu.externaltools.arm-none.win32_1.15.0.201708311556/tools/compiler/bin/../lib/gcc/arm-none-eabi/6.3.1/thumb/v7e-m/fpv4-sp/hard\libgcc.a(_udivmoddi4.o)
                0x08000230                __udivmoddi4
 .text          0x0800050c        0x4 c:/ac6/systemworkbench/plugins/fr.ac6.mcu.externaltools.arm-none.win32_1.15.0.201708311556/tools/compiler/bin/../lib/gcc/arm-none-eabi/6.3.1/thumb/v7e-m/fpv4-sp/hard\libgcc.a(_dvmd_tls.o)
                0x0800050c                __aeabi_idiv0
                0x0800050c                __aeabi_ldiv0
 *(.text*)
 .text.TESS_DAS_INIT
                0x08000510       0x28 Communication/AqPlot/tess_data_acq_output.o
                0x08000510                TESS_DAS_INIT
 .text.TESS_DAS_OUT_BUFFER
                0x08000538      0x1a4 Communication/AqPlot/tess_data_acq_output.o
                0x08000538                TESS_DAS_OUT_BUFFER
 .text.TESS_DAS_MAIN
                0x080006dc       0xf4 Communication/AqPlot/tess_data_acq_output.o
                0x080006dc                TESS_DAS_MAIN
 .text.TESS_DAS_GET_COMMANDS
                0x080007d0       0x3c Communication/AqPlot/tess_data_acq_output.o
                0x080007d0                TESS_DAS_GET_COMMANDS
 .text.TESS_RING_BUFFER_GET
                0x0800080c      0x118 Communication/AqPlot/tess_ring_buffer.o
                0x0800080c                TESS_RING_BUFFER_GET
 .text.TESS_RING_BUFFER_PUT
                0x08000924       0xe0 Communication/AqPlot/tess_ring_buffer.o
                0x08000924                TESS_RING_BUFFER_PUT
 .text.TESS_BUFF_IDX_INC
                0x08000a04       0x32 Communication/AqPlot/tess_ring_buffer.o
 .text.DATA_COPY
                0x08000a36       0xe6 Communication/AqPlot/tess_ring_buffer.o
 .text.HAL_InitTick
                0x08000b1c       0x60 LowLevelDrivers/MCULegacy/HAL/Src/stm32f4xx_hal.o
                0x08000b1c                HAL_InitTick
 .text.HAL_IncTick
                0x08000b7c       0x28 LowLevelDrivers/MCULegacy/HAL/Src/stm32f4xx_hal.o
                0x08000b7c                HAL_IncTick
 .text.HAL_GetTick
                0x08000ba4       0x18 LowLevelDrivers/MCULegacy/HAL/Src/stm32f4xx_hal.o
                0x08000ba4                HAL_GetTick
 .text.NVIC_GetPriorityGrouping
                0x08000bbc       0x1c LowLevelDrivers/MCULegacy/HAL/Src/stm32f4xx_hal_cortex.o
 .text.NVIC_EnableIRQ
                0x08000bd8       0x34 LowLevelDrivers/MCULegacy/HAL/Src/stm32f4xx_hal_cortex.o
 .text.NVIC_SetPriority
                0x08000c0c       0x54 LowLevelDrivers/MCULegacy/HAL/Src/stm32f4xx_hal_cortex.o
 .text.NVIC_EncodePriority
                0x08000c60       0x62 LowLevelDrivers/MCULegacy/HAL/Src/stm32f4xx_hal_cortex.o
 *fill*         0x08000cc2        0x2 
 .text.SysTick_Config
                0x08000cc4       0x44 LowLevelDrivers/MCULegacy/HAL/Src/stm32f4xx_hal_cortex.o
 .text.HAL_NVIC_SetPriority
                0x08000d08       0x38 LowLevelDrivers/MCULegacy/HAL/Src/stm32f4xx_hal_cortex.o
                0x08000d08                HAL_NVIC_SetPriority
 .text.HAL_NVIC_EnableIRQ
                0x08000d40       0x1c LowLevelDrivers/MCULegacy/HAL/Src/stm32f4xx_hal_cortex.o
                0x08000d40                HAL_NVIC_EnableIRQ
 .text.HAL_SYSTICK_Config
                0x08000d5c       0x18 LowLevelDrivers/MCULegacy/HAL/Src/stm32f4xx_hal_cortex.o
                0x08000d5c                HAL_SYSTICK_Config
 .text.HAL_SYSTICK_IRQHandler
                0x08000d74        0xc LowLevelDrivers/MCULegacy/HAL/Src/stm32f4xx_hal_cortex.o
                0x08000d74                HAL_SYSTICK_IRQHandler
 .text.HAL_SYSTICK_Callback
                0x08000d80        0xe LowLevelDrivers/MCULegacy/HAL/Src/stm32f4xx_hal_cortex.o
                0x08000d80                HAL_SYSTICK_Callback
 .text.HAL_DMA_Abort_IT
                0x08000d8e       0x44 LowLevelDrivers/MCULegacy/HAL/Src/stm32f4xx_hal_dma.o
                0x08000d8e                HAL_DMA_Abort_IT
 *fill*         0x08000dd2        0x2 
 .text.HAL_GPIO_Init
                0x08000dd4      0x304 LowLevelDrivers/MCULegacy/HAL/Src/stm32f4xx_hal_gpio.o
                0x08000dd4                HAL_GPIO_Init
 .text.HAL_GPIO_TogglePin
                0x080010d8       0x24 LowLevelDrivers/MCULegacy/HAL/Src/stm32f4xx_hal_gpio.o
                0x080010d8                HAL_GPIO_TogglePin
 .text.HAL_RCC_OscConfig
                0x080010fc      0x484 LowLevelDrivers/MCULegacy/HAL/Src/stm32f4xx_hal_rcc.o
                0x080010fc                HAL_RCC_OscConfig
 .text.HAL_RCC_ClockConfig
                0x08001580      0x1c4 LowLevelDrivers/MCULegacy/HAL/Src/stm32f4xx_hal_rcc.o
                0x08001580                HAL_RCC_ClockConfig
 .text.HAL_RCC_GetSysClockFreq
                0x08001744      0x1b0 LowLevelDrivers/MCULegacy/HAL/Src/stm32f4xx_hal_rcc.o
                0x08001744                HAL_RCC_GetSysClockFreq
 .text.HAL_RCC_GetHCLKFreq
                0x080018f4       0x18 LowLevelDrivers/MCULegacy/HAL/Src/stm32f4xx_hal_rcc.o
                0x080018f4                HAL_RCC_GetHCLKFreq
 .text.HAL_RCC_GetPCLK1Freq
                0x0800190c       0x28 LowLevelDrivers/MCULegacy/HAL/Src/stm32f4xx_hal_rcc.o
                0x0800190c                HAL_RCC_GetPCLK1Freq
 .text.HAL_RCC_GetPCLK2Freq
                0x08001934       0x28 LowLevelDrivers/MCULegacy/HAL/Src/stm32f4xx_hal_rcc.o
                0x08001934                HAL_RCC_GetPCLK2Freq
 .text.HAL_RCC_DeInit
                0x0800195c      0x194 LowLevelDrivers/MCULegacy/HAL/Src/stm32f4xx_hal_rcc_ex.o
                0x0800195c                HAL_RCC_DeInit
 .text.HAL_UART_Init
                0x08001af0       0x9a LowLevelDrivers/MCULegacy/HAL/Src/stm32f4xx_hal_uart.o
                0x08001af0                HAL_UART_Init
 *fill*         0x08001b8a        0x2 
 .text.HAL_UART_IRQHandler
                0x08001b8c      0x1f8 LowLevelDrivers/MCULegacy/HAL/Src/stm32f4xx_hal_uart.o
                0x08001b8c                HAL_UART_IRQHandler
 .text.HAL_UART_TxCpltCallback
                0x08001d84       0x14 LowLevelDrivers/MCULegacy/HAL/Src/stm32f4xx_hal_uart.o
                0x08001d84                HAL_UART_TxCpltCallback
 .text.HAL_UART_RxCpltCallback
                0x08001d98       0x14 LowLevelDrivers/MCULegacy/HAL/Src/stm32f4xx_hal_uart.o
                0x08001d98                HAL_UART_RxCpltCallback
 .text.HAL_UART_ErrorCallback
                0x08001dac       0x14 LowLevelDrivers/MCULegacy/HAL/Src/stm32f4xx_hal_uart.o
                0x08001dac                HAL_UART_ErrorCallback
 .text.UART_EndRxTransfer
                0x08001dc0       0x3c LowLevelDrivers/MCULegacy/HAL/Src/stm32f4xx_hal_uart.o
 .text.UART_DMAAbortOnError
                0x08001dfc       0x28 LowLevelDrivers/MCULegacy/HAL/Src/stm32f4xx_hal_uart.o
 .text.UART_Transmit_IT
                0x08001e24       0xaa LowLevelDrivers/MCULegacy/HAL/Src/stm32f4xx_hal_uart.o
 .text.UART_EndTransmit_IT
                0x08001ece       0x30 LowLevelDrivers/MCULegacy/HAL/Src/stm32f4xx_hal_uart.o
 .text.UART_Receive_IT
                0x08001efe       0xf2 LowLevelDrivers/MCULegacy/HAL/Src/stm32f4xx_hal_uart.o
 .text.UART_SetConfig
                0x08001ff0      0x438 LowLevelDrivers/MCULegacy/HAL/Src/stm32f4xx_hal_uart.o
 .text.ADC_INIT
                0x08002428      0x108 LowLevelDrivers/UserDefined/lld_adc.o
                0x08002428                ADC_INIT
 .text.DMA_INIT
                0x08002530       0x90 LowLevelDrivers/UserDefined/lld_adc.o
 .text.GPIO_INIT
                0x080025c0       0x84 LowLevelDrivers/UserDefined/lld_adc.o
 .text.LLD_ADC_GET_RAW_VAL
                0x08002644       0x88 LowLevelDrivers/UserDefined/lld_adc.o
                0x08002644                LLD_ADC_GET_RAW_VAL
 .text.RCC_INIT
                0x080026cc       0xa8 LowLevelDrivers/UserDefined/lld_system.o
                0x080026cc                RCC_INIT
 .text.SystemInit
                0x08002774       0x6c LowLevelDrivers/UserDefined/lld_system.o
                0x08002774                SystemInit
 .text.TIMER2_INIT
                0x080027e0       0x74 LowLevelDrivers/UserDefined/lld_timers.o
                0x080027e0                TIMER2_INIT
 .text.TESS_GPIO_INIT
                0x08002854       0x50 LowLevelDrivers/UserDefined/lld_timers.o
                0x08002854                TESS_GPIO_INIT
 .text.USART2_UART_Init
                0x080028a4       0x58 LowLevelDrivers/UserDefined/lld_usart.o
                0x080028a4                USART2_UART_Init
 .text.DMA_INIT_UART
                0x080028fc       0xa4 LowLevelDrivers/UserDefined/lld_usart.o
                0x080028fc                DMA_INIT_UART
 .text.HAL_UART_MspInit
                0x080029a0       0x90 LowLevelDrivers/UserDefined/lld_usart.o
                0x080029a0                HAL_UART_MspInit
 .text.LLD_UART_START_TX_DMA
                0x08002a30       0x64 LowLevelDrivers/UserDefined/lld_usart.o
                0x08002a30                LLD_UART_START_TX_DMA
 .text.SysTick_Handler
                0x08002a94       0x10 _Main_/isr.o
                0x08002a94                SysTick_Handler
 .text.ADC_IRQHandler
                0x08002aa4       0x2c _Main_/isr.o
                0x08002aa4                ADC_IRQHandler
 .text.TIM1_UP_TIM10_IRQHandler
                0x08002ad0        0xe _Main_/isr.o
                0x08002ad0                TIM1_UP_TIM10_IRQHandler
 .text.TIM2_IRQHandler
                0x08002ade        0xe _Main_/isr.o
                0x08002ade                TIM2_IRQHandler
 .text.USART2_IRQHandler
                0x08002aec       0x84 _Main_/isr.o
                0x08002aec                USART2_IRQHandler
 .text.DMA1_Stream6_IRQHandler
                0x08002b70       0x2c _Main_/isr.o
                0x08002b70                DMA1_Stream6_IRQHandler
 .text.main     0x08002b9c       0x18 _Main_/main.o
                0x08002b9c                main
 .text.MAIN_INIT
                0x08002bb4       0x20 _Main_/main_init.o
                0x08002bb4                MAIN_INIT
 .text.task_scheduler
                0x08002bd4      0x130 _Main_/task_scheduler.o
                0x08002bd4                task_scheduler
 .text._100US_LOOP
                0x08002d04       0x10 _Main_/tasks.o
                0x08002d04                _100US_LOOP
 .text._2MS_LOOP
                0x08002d14        0xe _Main_/tasks.o
                0x08002d14                _2MS_LOOP
 .text._10MS_LOOP
                0x08002d22        0xe _Main_/tasks.o
                0x08002d22                _10MS_LOOP
 .text.Reset_Handler
                0x08002d30       0x50 startup/startup_stm32f401xe.o
                0x08002d30                Reset_Handler
 .text.Default_Handler
                0x08002d80        0x2 startup/startup_stm32f401xe.o
                0x08002d80                RTC_Alarm_IRQHandler
                0x08002d80                EXTI2_IRQHandler
                0x08002d80                DebugMon_Handler
                0x08002d80                SPI4_IRQHandler
                0x08002d80                TIM1_CC_IRQHandler
                0x08002d80                DMA2_Stream5_IRQHandler
                0x08002d80                HardFault_Handler
                0x08002d80                DMA1_Stream5_IRQHandler
                0x08002d80                PVD_IRQHandler
                0x08002d80                SDIO_IRQHandler
                0x08002d80                TAMP_STAMP_IRQHandler
                0x08002d80                PendSV_Handler
                0x08002d80                NMI_Handler
                0x08002d80                EXTI3_IRQHandler
                0x08002d80                I2C3_ER_IRQHandler
                0x08002d80                EXTI0_IRQHandler
                0x08002d80                I2C2_EV_IRQHandler
                0x08002d80                DMA1_Stream2_IRQHandler
                0x08002d80                FPU_IRQHandler
                0x08002d80                UsageFault_Handler
                0x08002d80                DMA2_Stream2_IRQHandler
                0x08002d80                SPI1_IRQHandler
                0x08002d80                TIM1_BRK_TIM9_IRQHandler
                0x08002d80                DMA2_Stream3_IRQHandler
                0x08002d80                USART6_IRQHandler
                0x08002d80                DMA2_Stream0_IRQHandler
                0x08002d80                TIM4_IRQHandler
                0x08002d80                I2C1_EV_IRQHandler
                0x08002d80                DMA1_Stream1_IRQHandler
                0x08002d80                TIM3_IRQHandler
                0x08002d80                RCC_IRQHandler
                0x08002d80                Default_Handler
                0x08002d80                EXTI15_10_IRQHandler
                0x08002d80                DMA1_Stream7_IRQHandler
                0x08002d80                TIM5_IRQHandler
                0x08002d80                DMA2_Stream7_IRQHandler
                0x08002d80                I2C3_EV_IRQHandler
                0x08002d80                EXTI9_5_IRQHandler
                0x08002d80                RTC_WKUP_IRQHandler
                0x08002d80                SPI2_IRQHandler
                0x08002d80                MemManage_Handler
                0x08002d80                DMA1_Stream0_IRQHandler
                0x08002d80                SVC_Handler
                0x08002d80                EXTI4_IRQHandler
                0x08002d80                WWDG_IRQHandler
                0x08002d80                OTG_FS_WKUP_IRQHandler
                0x08002d80                TIM1_TRG_COM_TIM11_IRQHandler
                0x08002d80                EXTI1_IRQHandler
                0x08002d80                I2C2_ER_IRQHandler
                0x08002d80                DMA2_Stream1_IRQHandler
                0x08002d80                FLASH_IRQHandler
                0x08002d80                DMA2_Stream4_IRQHandler
                0x08002d80                BusFault_Handler
                0x08002d80                USART1_IRQHandler
                0x08002d80                OTG_FS_IRQHandler
                0x08002d80                SPI3_IRQHandler
                0x08002d80                DMA1_Stream4_IRQHandler
                0x08002d80                I2C1_ER_IRQHandler
                0x08002d80                DMA2_Stream6_IRQHandler
                0x08002d80                DMA1_Stream3_IRQHandler
 *fill*         0x08002d82        0x2 
 .text.__libc_init_array
                0x08002d84       0x50 c:/ac6/systemworkbench/plugins/fr.ac6.mcu.externaltools.arm-none.win32_1.15.0.201708311556/tools/compiler/bin/../lib/gcc/arm-none-eabi/6.3.1/../../../../arm-none-eabi/lib/thumb/v7e-m/fpv4-sp/hard\libc.a(lib_a-init.o)
                0x08002d84                __libc_init_array
 .text.startup.register_fini
                0x08002dd4       0x14 c:/ac6/systemworkbench/plugins/fr.ac6.mcu.externaltools.arm-none.win32_1.15.0.201708311556/tools/compiler/bin/../lib/gcc/arm-none-eabi/6.3.1/../../../../arm-none-eabi/lib/thumb/v7e-m/fpv4-sp/hard\libc.a(lib_a-__call_atexit.o)
 .text.atexit   0x08002de8        0xc c:/ac6/systemworkbench/plugins/fr.ac6.mcu.externaltools.arm-none.win32_1.15.0.201708311556/tools/compiler/bin/../lib/gcc/arm-none-eabi/6.3.1/../../../../arm-none-eabi/lib/thumb/v7e-m/fpv4-sp/hard\libc.a(lib_a-atexit.o)
                0x08002de8                atexit
 .text.__libc_fini_array
                0x08002df4       0x34 c:/ac6/systemworkbench/plugins/fr.ac6.mcu.externaltools.arm-none.win32_1.15.0.201708311556/tools/compiler/bin/../lib/gcc/arm-none-eabi/6.3.1/../../../../arm-none-eabi/lib/thumb/v7e-m/fpv4-sp/hard\libc.a(lib_a-fini.o)
                0x08002df4                __libc_fini_array
 .text.__retarget_lock_acquire_recursive
                0x08002e28        0x4 c:/ac6/systemworkbench/plugins/fr.ac6.mcu.externaltools.arm-none.win32_1.15.0.201708311556/tools/compiler/bin/../lib/gcc/arm-none-eabi/6.3.1/../../../../arm-none-eabi/lib/thumb/v7e-m/fpv4-sp/hard\libc.a(lib_a-lock.o)
                0x08002e28                __retarget_lock_acquire_recursive
 .text.__retarget_lock_release_recursive
                0x08002e2c        0x4 c:/ac6/systemworkbench/plugins/fr.ac6.mcu.externaltools.arm-none.win32_1.15.0.201708311556/tools/compiler/bin/../lib/gcc/arm-none-eabi/6.3.1/../../../../arm-none-eabi/lib/thumb/v7e-m/fpv4-sp/hard\libc.a(lib_a-lock.o)
                0x08002e2c                __retarget_lock_release_recursive
 .text.__register_exitproc
                0x08002e30       0xc4 c:/ac6/systemworkbench/plugins/fr.ac6.mcu.externaltools.arm-none.win32_1.15.0.201708311556/tools/compiler/bin/../lib/gcc/arm-none-eabi/6.3.1/../../../../arm-none-eabi/lib/thumb/v7e-m/fpv4-sp/hard\libc.a(lib_a-__atexit.o)
                0x08002e30                __register_exitproc
 *(.glue_7)
 .glue_7        0x08002ef4        0x0 linker stubs
 *(.glue_7t)
 .glue_7t       0x08002ef4        0x0 linker stubs
 *(.eh_frame)
 .eh_frame      0x08002ef4        0x0 c:/ac6/systemworkbench/plugins/fr.ac6.mcu.externaltools.arm-none.win32_1.15.0.201708311556/tools/compiler/bin/../lib/gcc/arm-none-eabi/6.3.1/thumb/v7e-m/fpv4-sp/hard/crtbegin.o
 *(.init)
 .init          0x08002ef4        0x4 c:/ac6/systemworkbench/plugins/fr.ac6.mcu.externaltools.arm-none.win32_1.15.0.201708311556/tools/compiler/bin/../lib/gcc/arm-none-eabi/6.3.1/thumb/v7e-m/fpv4-sp/hard/crti.o
                0x08002ef4                _init
 .init          0x08002ef8        0x8 c:/ac6/systemworkbench/plugins/fr.ac6.mcu.externaltools.arm-none.win32_1.15.0.201708311556/tools/compiler/bin/../lib/gcc/arm-none-eabi/6.3.1/thumb/v7e-m/fpv4-sp/hard/crtn.o
 *(.fini)
 .fini          0x08002f00        0x4 c:/ac6/systemworkbench/plugins/fr.ac6.mcu.externaltools.arm-none.win32_1.15.0.201708311556/tools/compiler/bin/../lib/gcc/arm-none-eabi/6.3.1/thumb/v7e-m/fpv4-sp/hard/crti.o
                0x08002f00                _fini
 .fini          0x08002f04        0x8 c:/ac6/systemworkbench/plugins/fr.ac6.mcu.externaltools.arm-none.win32_1.15.0.201708311556/tools/compiler/bin/../lib/gcc/arm-none-eabi/6.3.1/thumb/v7e-m/fpv4-sp/hard/crtn.o
                0x08002f0c                . = ALIGN (0x4)
                0x08002f0c                _etext = .

.vfp11_veneer   0x08002f0c        0x0
 .vfp11_veneer  0x08002f0c        0x0 linker stubs

.v4_bx          0x08002f0c        0x0
 .v4_bx         0x08002f0c        0x0 linker stubs

.iplt           0x08002f0c        0x0
 .iplt          0x08002f0c        0x0 c:/ac6/systemworkbench/plugins/fr.ac6.mcu.externaltools.arm-none.win32_1.15.0.201708311556/tools/compiler/bin/../lib/gcc/arm-none-eabi/6.3.1/thumb/v7e-m/fpv4-sp/hard/crtbegin.o

.rodata         0x08002f0c       0x1c
                0x08002f0c                . = ALIGN (0x4)
 *(.rodata)
 .rodata        0x08002f0c       0x18 LowLevelDrivers/UserDefined/lld_system.o
                0x08002f0c                AHBPrescTable
                0x08002f1c                APBPrescTable
 *(.rodata*)
 .rodata._global_impure_ptr
                0x08002f24        0x4 c:/ac6/systemworkbench/plugins/fr.ac6.mcu.externaltools.arm-none.win32_1.15.0.201708311556/tools/compiler/bin/../lib/gcc/arm-none-eabi/6.3.1/../../../../arm-none-eabi/lib/thumb/v7e-m/fpv4-sp/hard\libc.a(lib_a-impure.o)
                0x08002f24                _global_impure_ptr
                0x08002f28                . = ALIGN (0x4)

.ARM.extab
 *(.ARM.extab* .gnu.linkonce.armextab.*)

.ARM            0x08002f28        0x8
                0x08002f28                __exidx_start = .
 *(.ARM.exidx*)
 .ARM.exidx     0x08002f28        0x8 c:/ac6/systemworkbench/plugins/fr.ac6.mcu.externaltools.arm-none.win32_1.15.0.201708311556/tools/compiler/bin/../lib/gcc/arm-none-eabi/6.3.1/thumb/v7e-m/fpv4-sp/hard\libgcc.a(_udivmoddi4.o)
                0x08002f30                __exidx_end = .

.rel.dyn        0x08002f30        0x0
 .rel.iplt      0x08002f30        0x0 c:/ac6/systemworkbench/plugins/fr.ac6.mcu.externaltools.arm-none.win32_1.15.0.201708311556/tools/compiler/bin/../lib/gcc/arm-none-eabi/6.3.1/thumb/v7e-m/fpv4-sp/hard/crtbegin.o

.preinit_array  0x08002f30        0x0
                0x08002f30                PROVIDE (__preinit_array_start, .)
 *(.preinit_array*)
                0x08002f30                PROVIDE (__preinit_array_end, .)

.init_array     0x08002f30        0x8
                0x08002f30                PROVIDE (__init_array_start, .)
 *(SORT(.init_array.*))
 .init_array.00000
                0x08002f30        0x4 c:/ac6/systemworkbench/plugins/fr.ac6.mcu.externaltools.arm-none.win32_1.15.0.201708311556/tools/compiler/bin/../lib/gcc/arm-none-eabi/6.3.1/../../../../arm-none-eabi/lib/thumb/v7e-m/fpv4-sp/hard\libc.a(lib_a-__call_atexit.o)
 *(.init_array*)
 .init_array    0x08002f34        0x4 c:/ac6/systemworkbench/plugins/fr.ac6.mcu.externaltools.arm-none.win32_1.15.0.201708311556/tools/compiler/bin/../lib/gcc/arm-none-eabi/6.3.1/thumb/v7e-m/fpv4-sp/hard/crtbegin.o
                0x08002f38                PROVIDE (__init_array_end, .)

.fini_array     0x08002f38        0x4
                0x08002f38                PROVIDE (__fini_array_start, .)
 *(SORT(.fini_array.*))
 *(.fini_array*)
 .fini_array    0x08002f38        0x4 c:/ac6/systemworkbench/plugins/fr.ac6.mcu.externaltools.arm-none.win32_1.15.0.201708311556/tools/compiler/bin/../lib/gcc/arm-none-eabi/6.3.1/thumb/v7e-m/fpv4-sp/hard/crtbegin.o
                0x08002f3c                PROVIDE (__fini_array_end, .)
                0x08002f3c                _sidata = LOADADDR (.data)

.data           0x20000000      0x464 load address 0x08002f3c
                0x20000000                . = ALIGN (0x4)
                0x20000000                _sdata = .
 *(.data)
 .data          0x20000000        0x5 LowLevelDrivers/MCULegacy/HAL/Src/stm32f4xx_hal.o
                0x20000000                uwTickPrio
                0x20000004                uwTickFreq
 *fill*         0x20000005        0x3 
 .data          0x20000008        0x4 LowLevelDrivers/UserDefined/lld_system.o
                0x20000008                SystemCoreClock
 .data          0x2000000c       0x2c _Main_/task_scheduler.o
                0x2000000c                runningTasks
                0x20000010                tasksPeriod
                0x20000014                tasks
 *(.data*)
 .data.impure_data
                0x20000038      0x428 c:/ac6/systemworkbench/plugins/fr.ac6.mcu.externaltools.arm-none.win32_1.15.0.201708311556/tools/compiler/bin/../lib/gcc/arm-none-eabi/6.3.1/../../../../arm-none-eabi/lib/thumb/v7e-m/fpv4-sp/hard\libc.a(lib_a-impure.o)
 .data.__atexit_recursive_mutex
                0x20000460        0x4 c:/ac6/systemworkbench/plugins/fr.ac6.mcu.externaltools.arm-none.win32_1.15.0.201708311556/tools/compiler/bin/../lib/gcc/arm-none-eabi/6.3.1/../../../../arm-none-eabi/lib/thumb/v7e-m/fpv4-sp/hard\libc.a(lib_a-__call_atexit.o)
                0x20000460                __atexit_recursive_mutex
                0x20000464                . = ALIGN (0x4)
                0x20000464                _edata = .

.jcr            0x20000464        0x0 load address 0x080033a0
 .jcr           0x20000464        0x0 c:/ac6/systemworkbench/plugins/fr.ac6.mcu.externaltools.arm-none.win32_1.15.0.201708311556/tools/compiler/bin/../lib/gcc/arm-none-eabi/6.3.1/thumb/v7e-m/fpv4-sp/hard/crtbegin.o

.igot.plt       0x20000464        0x0 load address 0x080033a0
 .igot.plt      0x20000464        0x0 c:/ac6/systemworkbench/plugins/fr.ac6.mcu.externaltools.arm-none.win32_1.15.0.201708311556/tools/compiler/bin/../lib/gcc/arm-none-eabi/6.3.1/thumb/v7e-m/fpv4-sp/hard/crtbegin.o
                0x20000464                . = ALIGN (0x4)

.bss            0x20000464     0x1b68 load address 0x080033a0
                0x20000464                _sbss = .
                0x20000464                __bss_start__ = _sbss
 *(.bss)
 .bss           0x20000464       0x1c c:/ac6/systemworkbench/plugins/fr.ac6.mcu.externaltools.arm-none.win32_1.15.0.201708311556/tools/compiler/bin/../lib/gcc/arm-none-eabi/6.3.1/thumb/v7e-m/fpv4-sp/hard/crtbegin.o
 .bss           0x20000480        0x1 Communication/AqPlot/tess_data_acq_output.o
 .bss           0x20000481        0x1 _Main_/task_scheduler.o
                0x20000481                currentTask
 *(.bss*)
 *(COMMON)
 *fill*         0x20000482        0x2 
 COMMON         0x20000484     0x1afe Communication/AqPlot/tess_data_acq_output.o
                0x20000484                TESS_RING_BUFFER_DATA
                0x200004a0                dma_isr
                0x200004a4                hdma_usart2_tx
                0x20000504                TESS_RING_BUFFER
                0x20001ef0                huart2
                0x20001f30                TESS_TO_RING_BUFFER
                0x20001f4a                PORT__TessDasStates
                0x20001f4c                TESS_DMA_BUFFER
                0x20001f68                TESS_DATA_ACQ_BUFFER
 *fill*         0x20001f82        0x2 
 COMMON         0x20001f84        0x4 LowLevelDrivers/MCULegacy/HAL/Src/stm32f4xx_hal.o
                0x20001f84                uwTick
 COMMON         0x20001f88       0x1c LowLevelDrivers/UserDefined/lld_adc.o
                0x20001f88                PORT__AdcVb
                0x20001f8a                PORT__AdcVa
                0x20001f8c                PORT__AdcDcLink
                0x20001f8e                PORT__AdcVc
                0x20001f90                PORT__AdcIa
                0x20001f92                PORT__AdcIb
                0x20001f94                ADC_TO_DMA_BUFFER
                0x20001fa2                PORT__AdcIc
 COMMON         0x20001fa4        0x4 _Main_/main.o
                0x20001fa4                MAIN_CLOCK
 COMMON         0x20001fa8       0x21 c:/ac6/systemworkbench/plugins/fr.ac6.mcu.externaltools.arm-none.win32_1.15.0.201708311556/tools/compiler/bin/../lib/gcc/arm-none-eabi/6.3.1/../../../../arm-none-eabi/lib/thumb/v7e-m/fpv4-sp/hard\libc.a(lib_a-lock.o)
                0x20001fa8                __lock___atexit_recursive_mutex
                0x20001fac                __lock___arc4random_mutex
                0x20001fb0                __lock___env_recursive_mutex
                0x20001fb4                __lock___sinit_recursive_mutex
                0x20001fb8                __lock___malloc_recursive_mutex
                0x20001fbc                __lock___at_quick_exit_mutex
                0x20001fc0                __lock___dd_hash_mutex
                0x20001fc4                __lock___tz_mutex
                0x20001fc8                __lock___sfp_recursive_mutex
                0x20001fcc                . = ALIGN (0x4)
 *fill*         0x20001fc9        0x3 
                0x20001fcc                _ebss = .
                0x20001fcc                __bss_end__ = _ebss

._user_heap_stack
                0x20001fcc      0x604 load address 0x080033a0
                0x20001fd0                . = ALIGN (0x8)
 *fill*         0x20001fcc        0x4 
                [!provide]                PROVIDE (end, .)
                [!provide]                PROVIDE (_end, .)
                0x200021d0                . = (. + _Min_Heap_Size)
 *fill*         0x20001fd0      0x200 
                0x200025d0                . = (. + _Min_Stack_Size)
 *fill*         0x200021d0      0x400 
                0x200025d0                . = ALIGN (0x8)

/DISCARD/
 libc.a(*)
 libm.a(*)
 libgcc.a(*)

.ARM.attributes
                0x00000000       0x30
 *(.ARM.attributes)
 .ARM.attributes
                0x00000000       0x22 c:/ac6/systemworkbench/plugins/fr.ac6.mcu.externaltools.arm-none.win32_1.15.0.201708311556/tools/compiler/bin/../lib/gcc/arm-none-eabi/6.3.1/thumb/v7e-m/fpv4-sp/hard/crti.o
 .ARM.attributes
                0x00000022       0x34 c:/ac6/systemworkbench/plugins/fr.ac6.mcu.externaltools.arm-none.win32_1.15.0.201708311556/tools/compiler/bin/../lib/gcc/arm-none-eabi/6.3.1/thumb/v7e-m/fpv4-sp/hard/crtbegin.o
 .ARM.attributes
                0x00000056       0x39 Communication/AqPlot/tess_data_acq_output.o
 .ARM.attributes
                0x0000008f       0x39 Communication/AqPlot/tess_ring_buffer.o
 .ARM.attributes
                0x000000c8       0x39 LowLevelDrivers/MCULegacy/HAL/Src/stm32f4xx_hal.o
 .ARM.attributes
                0x00000101       0x39 LowLevelDrivers/MCULegacy/HAL/Src/stm32f4xx_hal_cortex.o
 .ARM.attributes
                0x0000013a       0x39 LowLevelDrivers/MCULegacy/HAL/Src/stm32f4xx_hal_dma.o
 .ARM.attributes
                0x00000173       0x39 LowLevelDrivers/MCULegacy/HAL/Src/stm32f4xx_hal_gpio.o
 .ARM.attributes
                0x000001ac       0x39 LowLevelDrivers/MCULegacy/HAL/Src/stm32f4xx_hal_rcc.o
 .ARM.attributes
                0x000001e5       0x39 LowLevelDrivers/MCULegacy/HAL/Src/stm32f4xx_hal_rcc_ex.o
 .ARM.attributes
                0x0000021e       0x39 LowLevelDrivers/MCULegacy/HAL/Src/stm32f4xx_hal_uart.o
 .ARM.attributes
                0x00000257       0x39 LowLevelDrivers/UserDefined/lld_adc.o
 .ARM.attributes
                0x00000290       0x39 LowLevelDrivers/UserDefined/lld_system.o
 .ARM.attributes
                0x000002c9       0x39 LowLevelDrivers/UserDefined/lld_timers.o
 .ARM.attributes
                0x00000302       0x39 LowLevelDrivers/UserDefined/lld_usart.o
 .ARM.attributes
                0x0000033b       0x39 _Main_/isr.o
 .ARM.attributes
                0x00000374       0x39 _Main_/main.o
 .ARM.attributes
                0x000003ad       0x39 _Main_/main_init.o
 .ARM.attributes
                0x000003e6       0x39 _Main_/task_scheduler.o
 .ARM.attributes
                0x0000041f       0x39 _Main_/tasks.o
 .ARM.attributes
                0x00000458       0x21 startup/startup_stm32f401xe.o
 .ARM.attributes
                0x00000479       0x22 c:/ac6/systemworkbench/plugins/fr.ac6.mcu.externaltools.arm-none.win32_1.15.0.201708311556/tools/compiler/bin/../lib/gcc/arm-none-eabi/6.3.1/thumb/v7e-m/fpv4-sp/hard\libgcc.a(_aeabi_uldivmod.o)
 .ARM.attributes
                0x0000049b       0x34 c:/ac6/systemworkbench/plugins/fr.ac6.mcu.externaltools.arm-none.win32_1.15.0.201708311556/tools/compiler/bin/../lib/gcc/arm-none-eabi/6.3.1/thumb/v7e-m/fpv4-sp/hard\libgcc.a(_udivmoddi4.o)
 .ARM.attributes
                0x000004cf       0x22 c:/ac6/systemworkbench/plugins/fr.ac6.mcu.externaltools.arm-none.win32_1.15.0.201708311556/tools/compiler/bin/../lib/gcc/arm-none-eabi/6.3.1/thumb/v7e-m/fpv4-sp/hard\libgcc.a(_dvmd_tls.o)
 .ARM.attributes
                0x000004f1       0x34 c:/ac6/systemworkbench/plugins/fr.ac6.mcu.externaltools.arm-none.win32_1.15.0.201708311556/tools/compiler/bin/../lib/gcc/arm-none-eabi/6.3.1/../../../../arm-none-eabi/lib/thumb/v7e-m/fpv4-sp/hard\libc.a(lib_a-impure.o)
 .ARM.attributes
                0x00000525       0x34 c:/ac6/systemworkbench/plugins/fr.ac6.mcu.externaltools.arm-none.win32_1.15.0.201708311556/tools/compiler/bin/../lib/gcc/arm-none-eabi/6.3.1/../../../../arm-none-eabi/lib/thumb/v7e-m/fpv4-sp/hard\libc.a(lib_a-init.o)
 .ARM.attributes
                0x00000559       0x34 c:/ac6/systemworkbench/plugins/fr.ac6.mcu.externaltools.arm-none.win32_1.15.0.201708311556/tools/compiler/bin/../lib/gcc/arm-none-eabi/6.3.1/../../../../arm-none-eabi/lib/thumb/v7e-m/fpv4-sp/hard\libc.a(lib_a-__call_atexit.o)
 .ARM.attributes
                0x0000058d       0x34 c:/ac6/systemworkbench/plugins/fr.ac6.mcu.externaltools.arm-none.win32_1.15.0.201708311556/tools/compiler/bin/../lib/gcc/arm-none-eabi/6.3.1/../../../../arm-none-eabi/lib/thumb/v7e-m/fpv4-sp/hard\libc.a(lib_a-atexit.o)
 .ARM.attributes
                0x000005c1       0x34 c:/ac6/systemworkbench/plugins/fr.ac6.mcu.externaltools.arm-none.win32_1.15.0.201708311556/tools/compiler/bin/../lib/gcc/arm-none-eabi/6.3.1/../../../../arm-none-eabi/lib/thumb/v7e-m/fpv4-sp/hard\libc.a(lib_a-fini.o)
 .ARM.attributes
                0x000005f5       0x34 c:/ac6/systemworkbench/plugins/fr.ac6.mcu.externaltools.arm-none.win32_1.15.0.201708311556/tools/compiler/bin/../lib/gcc/arm-none-eabi/6.3.1/../../../../arm-none-eabi/lib/thumb/v7e-m/fpv4-sp/hard\libc.a(lib_a-lock.o)
 .ARM.attributes
                0x00000629       0x34 c:/ac6/systemworkbench/plugins/fr.ac6.mcu.externaltools.arm-none.win32_1.15.0.201708311556/tools/compiler/bin/../lib/gcc/arm-none-eabi/6.3.1/../../../../arm-none-eabi/lib/thumb/v7e-m/fpv4-sp/hard\libc.a(lib_a-__atexit.o)
 .ARM.attributes
                0x0000065d       0x22 c:/ac6/systemworkbench/plugins/fr.ac6.mcu.externaltools.arm-none.win32_1.15.0.201708311556/tools/compiler/bin/../lib/gcc/arm-none-eabi/6.3.1/thumb/v7e-m/fpv4-sp/hard/crtn.o
OUTPUT(TESS.elf elf32-littlearm)

.debug_info     0x00000000    0x13670
 .debug_info    0x00000000     0x10be Communication/AqPlot/tess_data_acq_output.o
 .debug_info    0x000010be      0xcc1 Communication/AqPlot/tess_ring_buffer.o
 .debug_info    0x00001d7f     0x10c0 LowLevelDrivers/MCULegacy/HAL/Src/stm32f4xx_hal.o
 .debug_info    0x00002e3f     0x1560 LowLevelDrivers/MCULegacy/HAL/Src/stm32f4xx_hal_cortex.o
 .debug_info    0x0000439f     0x112f LowLevelDrivers/MCULegacy/HAL/Src/stm32f4xx_hal_dma.o
 .debug_info    0x000054ce      0xfb1 LowLevelDrivers/MCULegacy/HAL/Src/stm32f4xx_hal_gpio.o
 .debug_info    0x0000647f     0x10f4 LowLevelDrivers/MCULegacy/HAL/Src/stm32f4xx_hal_rcc.o
 .debug_info    0x00007573      0xdb9 LowLevelDrivers/MCULegacy/HAL/Src/stm32f4xx_hal_rcc_ex.o
 .debug_info    0x0000832c     0x19e9 LowLevelDrivers/MCULegacy/HAL/Src/stm32f4xx_hal_uart.o
 .debug_info    0x00009d15     0x111d LowLevelDrivers/UserDefined/lld_adc.o
 .debug_info    0x0000ae32      0xefd LowLevelDrivers/UserDefined/lld_system.o
 .debug_info    0x0000bd2f      0xdae LowLevelDrivers/UserDefined/lld_timers.o
 .debug_info    0x0000cadd     0x12e7 LowLevelDrivers/UserDefined/lld_usart.o
 .debug_info    0x0000ddc4     0x1351 _Main_/isr.o
 .debug_info    0x0000f115     0x110a _Main_/main.o
 .debug_info    0x0001021f     0x10f5 _Main_/main_init.o
 .debug_info    0x00011314     0x11d0 _Main_/task_scheduler.o
 .debug_info    0x000124e4     0x1117 _Main_/tasks.o
 .debug_info    0x000135fb       0x75 startup/startup_stm32f401xe.o

.debug_abbrev   0x00000000     0x2c5c
 .debug_abbrev  0x00000000      0x253 Communication/AqPlot/tess_data_acq_output.o
 .debug_abbrev  0x00000253      0x280 Communication/AqPlot/tess_ring_buffer.o
 .debug_abbrev  0x000004d3      0x2bb LowLevelDrivers/MCULegacy/HAL/Src/stm32f4xx_hal.o
 .debug_abbrev  0x0000078e      0x39d LowLevelDrivers/MCULegacy/HAL/Src/stm32f4xx_hal_cortex.o
 .debug_abbrev  0x00000b2b      0x2b2 LowLevelDrivers/MCULegacy/HAL/Src/stm32f4xx_hal_dma.o
 .debug_abbrev  0x00000ddd      0x287 LowLevelDrivers/MCULegacy/HAL/Src/stm32f4xx_hal_gpio.o
 .debug_abbrev  0x00001064      0x303 LowLevelDrivers/MCULegacy/HAL/Src/stm32f4xx_hal_rcc.o
 .debug_abbrev  0x00001367      0x25c LowLevelDrivers/MCULegacy/HAL/Src/stm32f4xx_hal_rcc_ex.o
 .debug_abbrev  0x000015c3      0x2f8 LowLevelDrivers/MCULegacy/HAL/Src/stm32f4xx_hal_uart.o
 .debug_abbrev  0x000018bb      0x25d LowLevelDrivers/UserDefined/lld_adc.o
 .debug_abbrev  0x00001b18      0x231 LowLevelDrivers/UserDefined/lld_system.o
 .debug_abbrev  0x00001d49      0x1ee LowLevelDrivers/UserDefined/lld_timers.o
 .debug_abbrev  0x00001f37      0x270 LowLevelDrivers/UserDefined/lld_usart.o
 .debug_abbrev  0x000021a7      0x25e _Main_/isr.o
 .debug_abbrev  0x00002405      0x209 _Main_/main.o
 .debug_abbrev  0x0000260e      0x207 _Main_/main_init.o
 .debug_abbrev  0x00002815      0x216 _Main_/task_scheduler.o
 .debug_abbrev  0x00002a2b      0x21f _Main_/tasks.o
 .debug_abbrev  0x00002c4a       0x12 startup/startup_stm32f401xe.o

.debug_aranges  0x00000000      0x7d0
 .debug_aranges
                0x00000000       0x40 Communication/AqPlot/tess_data_acq_output.o
 .debug_aranges
                0x00000040       0x48 Communication/AqPlot/tess_ring_buffer.o
 .debug_aranges
                0x00000088       0xe0 LowLevelDrivers/MCULegacy/HAL/Src/stm32f4xx_hal.o
 .debug_aranges
                0x00000168      0x118 LowLevelDrivers/MCULegacy/HAL/Src/stm32f4xx_hal_cortex.o
 .debug_aranges
                0x00000280       0x90 LowLevelDrivers/MCULegacy/HAL/Src/stm32f4xx_hal_dma.o
 .debug_aranges
                0x00000310       0x58 LowLevelDrivers/MCULegacy/HAL/Src/stm32f4xx_hal_gpio.o
 .debug_aranges
                0x00000368       0x88 LowLevelDrivers/MCULegacy/HAL/Src/stm32f4xx_hal_rcc.o
 .debug_aranges
                0x000003f0       0x48 LowLevelDrivers/MCULegacy/HAL/Src/stm32f4xx_hal_rcc_ex.o
 .debug_aranges
                0x00000438      0x1d0 LowLevelDrivers/MCULegacy/HAL/Src/stm32f4xx_hal_uart.o
 .debug_aranges
                0x00000608       0x38 LowLevelDrivers/UserDefined/lld_adc.o
 .debug_aranges
                0x00000640       0x30 LowLevelDrivers/UserDefined/lld_system.o
 .debug_aranges
                0x00000670       0x28 LowLevelDrivers/UserDefined/lld_timers.o
 .debug_aranges
                0x00000698       0x38 LowLevelDrivers/UserDefined/lld_usart.o
 .debug_aranges
                0x000006d0       0x48 _Main_/isr.o
 .debug_aranges
                0x00000718       0x20 _Main_/main.o
 .debug_aranges
                0x00000738       0x20 _Main_/main_init.o
 .debug_aranges
                0x00000758       0x20 _Main_/task_scheduler.o
 .debug_aranges
                0x00000778       0x30 _Main_/tasks.o
 .debug_aranges
                0x000007a8       0x28 startup/startup_stm32f401xe.o

.debug_ranges   0x00000000      0x6a8
 .debug_ranges  0x00000000       0x30 Communication/AqPlot/tess_data_acq_output.o
 .debug_ranges  0x00000030       0x38 Communication/AqPlot/tess_ring_buffer.o
 .debug_ranges  0x00000068       0xd0 LowLevelDrivers/MCULegacy/HAL/Src/stm32f4xx_hal.o
 .debug_ranges  0x00000138      0x108 LowLevelDrivers/MCULegacy/HAL/Src/stm32f4xx_hal_cortex.o
 .debug_ranges  0x00000240       0x80 LowLevelDrivers/MCULegacy/HAL/Src/stm32f4xx_hal_dma.o
 .debug_ranges  0x000002c0       0x48 LowLevelDrivers/MCULegacy/HAL/Src/stm32f4xx_hal_gpio.o
 .debug_ranges  0x00000308       0x78 LowLevelDrivers/MCULegacy/HAL/Src/stm32f4xx_hal_rcc.o
 .debug_ranges  0x00000380       0x38 LowLevelDrivers/MCULegacy/HAL/Src/stm32f4xx_hal_rcc_ex.o
 .debug_ranges  0x000003b8      0x1c0 LowLevelDrivers/MCULegacy/HAL/Src/stm32f4xx_hal_uart.o
 .debug_ranges  0x00000578       0x28 LowLevelDrivers/UserDefined/lld_adc.o
 .debug_ranges  0x000005a0       0x20 LowLevelDrivers/UserDefined/lld_system.o
 .debug_ranges  0x000005c0       0x18 LowLevelDrivers/UserDefined/lld_timers.o
 .debug_ranges  0x000005d8       0x28 LowLevelDrivers/UserDefined/lld_usart.o
 .debug_ranges  0x00000600       0x38 _Main_/isr.o
 .debug_ranges  0x00000638       0x10 _Main_/main.o
 .debug_ranges  0x00000648       0x10 _Main_/main_init.o
 .debug_ranges  0x00000658       0x10 _Main_/task_scheduler.o
 .debug_ranges  0x00000668       0x20 _Main_/tasks.o
 .debug_ranges  0x00000688       0x20 startup/startup_stm32f401xe.o

.debug_macro    0x00000000    0x1891a
 .debug_macro   0x00000000      0x379 Communication/AqPlot/tess_data_acq_output.o
 .debug_macro   0x00000379      0x8ce Communication/AqPlot/tess_data_acq_output.o
 .debug_macro   0x00000c47       0x22 Communication/AqPlot/tess_data_acq_output.o
 .debug_macro   0x00000c69       0x87 Communication/AqPlot/tess_data_acq_output.o
 .debug_macro   0x00000cf0       0x51 Communication/AqPlot/tess_data_acq_output.o
 .debug_macro   0x00000d41       0xef Communication/AqPlot/tess_data_acq_output.o
 .debug_macro   0x00000e30       0x6a Communication/AqPlot/tess_data_acq_output.o
 .debug_macro   0x00000e9a      0x1df Communication/AqPlot/tess_data_acq_output.o
 .debug_macro   0x00001079       0x1c Communication/AqPlot/tess_data_acq_output.o
 .debug_macro   0x00001095       0x2c Communication/AqPlot/tess_data_acq_output.o
 .debug_macro   0x000010c1       0x28 Communication/AqPlot/tess_data_acq_output.o
 .debug_macro   0x000010e9       0x3b Communication/AqPlot/tess_data_acq_output.o
 .debug_macro   0x00001124       0x50 Communication/AqPlot/tess_data_acq_output.o
 .debug_macro   0x00001174      0xe66 Communication/AqPlot/tess_data_acq_output.o
 .debug_macro   0x00001fda     0xb71c Communication/AqPlot/tess_data_acq_output.o
 .debug_macro   0x0000d6f6       0x43 Communication/AqPlot/tess_data_acq_output.o
 .debug_macro   0x0000d739       0xa9 Communication/AqPlot/tess_data_acq_output.o
 .debug_macro   0x0000d7e2     0x3535 Communication/AqPlot/tess_data_acq_output.o
 .debug_macro   0x00010d17       0x58 Communication/AqPlot/tess_data_acq_output.o
 .debug_macro   0x00010d6f       0x35 Communication/AqPlot/tess_data_acq_output.o
 .debug_macro   0x00010da4       0x9c Communication/AqPlot/tess_data_acq_output.o
 .debug_macro   0x00010e40       0x16 Communication/AqPlot/tess_data_acq_output.o
 .debug_macro   0x00010e56       0x97 Communication/AqPlot/tess_data_acq_output.o
 .debug_macro   0x00010eed      0x330 Communication/AqPlot/tess_data_acq_output.o
 .debug_macro   0x0001121d       0xfd Communication/AqPlot/tess_data_acq_output.o
 .debug_macro   0x0001131a       0x10 Communication/AqPlot/tess_data_acq_output.o
 .debug_macro   0x0001132a       0x58 Communication/AqPlot/tess_data_acq_output.o
 .debug_macro   0x00011382       0x1f Communication/AqPlot/tess_data_acq_output.o
 .debug_macro   0x000113a1       0x43 Communication/AqPlot/tess_data_acq_output.o
 .debug_macro   0x000113e4       0x20 Communication/AqPlot/tess_data_acq_output.o
 .debug_macro   0x00011404      0x187 Communication/AqPlot/tess_data_acq_output.o
 .debug_macro   0x0001158b       0x10 Communication/AqPlot/tess_data_acq_output.o
 .debug_macro   0x0001159b       0x1c Communication/AqPlot/tess_data_acq_output.o
 .debug_macro   0x000115b7       0x52 Communication/AqPlot/tess_data_acq_output.o
 .debug_macro   0x00011609       0x40 Communication/AqPlot/tess_data_acq_output.o
 .debug_macro   0x00011649       0x10 Communication/AqPlot/tess_data_acq_output.o
 .debug_macro   0x00011659       0x40 Communication/AqPlot/tess_data_acq_output.o
 .debug_macro   0x00011699       0xd7 Communication/AqPlot/tess_data_acq_output.o
 .debug_macro   0x00011770       0x16 Communication/AqPlot/tess_data_acq_output.o
 .debug_macro   0x00011786      0x18b Communication/AqPlot/tess_data_acq_output.o
 .debug_macro   0x00011911       0x57 Communication/AqPlot/tess_data_acq_output.o
 .debug_macro   0x00011968      0x416 Communication/AqPlot/tess_data_acq_output.o
 .debug_macro   0x00011d7e      0xa02 Communication/AqPlot/tess_data_acq_output.o
 .debug_macro   0x00012780      0x11e Communication/AqPlot/tess_data_acq_output.o
 .debug_macro   0x0001289e       0xf8 Communication/AqPlot/tess_data_acq_output.o
 .debug_macro   0x00012996       0x27 Communication/AqPlot/tess_data_acq_output.o
 .debug_macro   0x000129bd      0x287 Communication/AqPlot/tess_data_acq_output.o
 .debug_macro   0x00012c44       0x5f Communication/AqPlot/tess_data_acq_output.o
 .debug_macro   0x00012ca3      0x23a Communication/AqPlot/tess_data_acq_output.o
 .debug_macro   0x00012edd      0x391 Communication/AqPlot/tess_data_acq_output.o
 .debug_macro   0x0001326e      0x176 Communication/AqPlot/tess_data_acq_output.o
 .debug_macro   0x000133e4       0xf9 Communication/AqPlot/tess_data_acq_output.o
 .debug_macro   0x000134dd      0x13a Communication/AqPlot/tess_data_acq_output.o
 .debug_macro   0x00013617      0x264 Communication/AqPlot/tess_data_acq_output.o
 .debug_macro   0x0001387b       0x2e Communication/AqPlot/tess_data_acq_output.o
 .debug_macro   0x000138a9      0x11e Communication/AqPlot/tess_data_acq_output.o
 .debug_macro   0x000139c7       0x85 Communication/AqPlot/tess_data_acq_output.o
 .debug_macro   0x00013a4c       0x89 Communication/AqPlot/tess_data_acq_output.o
 .debug_macro   0x00013ad5      0x6e0 Communication/AqPlot/tess_data_acq_output.o
 .debug_macro   0x000141b5       0x59 Communication/AqPlot/tess_data_acq_output.o
 .debug_macro   0x0001420e      0x14d Communication/AqPlot/tess_data_acq_output.o
 .debug_macro   0x0001435b      0x287 Communication/AqPlot/tess_data_acq_output.o
 .debug_macro   0x000145e2      0x225 Communication/AqPlot/tess_data_acq_output.o
 .debug_macro   0x00014807      0x12d Communication/AqPlot/tess_data_acq_output.o
 .debug_macro   0x00014934       0x28 Communication/AqPlot/tess_data_acq_output.o
 .debug_macro   0x0001495c       0x6a Communication/AqPlot/tess_data_acq_output.o
 .debug_macro   0x000149c6       0x34 Communication/AqPlot/tess_data_acq_output.o
 .debug_macro   0x000149fa      0x349 Communication/AqPlot/tess_ring_buffer.o
 .debug_macro   0x00014d43      0x391 LowLevelDrivers/MCULegacy/HAL/Src/stm32f4xx_hal.o
 .debug_macro   0x000150d4      0x331 LowLevelDrivers/MCULegacy/HAL/Src/stm32f4xx_hal_cortex.o
 .debug_macro   0x00015405      0x338 LowLevelDrivers/MCULegacy/HAL/Src/stm32f4xx_hal_dma.o
 .debug_macro   0x0001573d      0x369 LowLevelDrivers/MCULegacy/HAL/Src/stm32f4xx_hal_gpio.o
 .debug_macro   0x00015aa6      0x355 LowLevelDrivers/MCULegacy/HAL/Src/stm32f4xx_hal_rcc.o
 .debug_macro   0x00015dfb      0x331 LowLevelDrivers/MCULegacy/HAL/Src/stm32f4xx_hal_rcc_ex.o
 .debug_macro   0x0001612c      0x332 LowLevelDrivers/MCULegacy/HAL/Src/stm32f4xx_hal_uart.o
 .debug_macro   0x0001645e      0x349 LowLevelDrivers/UserDefined/lld_adc.o
 .debug_macro   0x000167a7       0x22 LowLevelDrivers/UserDefined/lld_adc.o
 .debug_macro   0x000167c9      0x118 LowLevelDrivers/UserDefined/lld_adc.o
 .debug_macro   0x000168e1      0x341 LowLevelDrivers/UserDefined/lld_system.o
 .debug_macro   0x00016c22      0x358 LowLevelDrivers/UserDefined/lld_timers.o
 .debug_macro   0x00016f7a      0x357 LowLevelDrivers/UserDefined/lld_usart.o
 .debug_macro   0x000172d1      0x417 _Main_/isr.o
 .debug_macro   0x000176e8       0x2e _Main_/isr.o
 .debug_macro   0x00017716       0x2e _Main_/isr.o
 .debug_macro   0x00017744       0x10 _Main_/isr.o
 .debug_macro   0x00017754      0x413 _Main_/main.o
 .debug_macro   0x00017b67      0x1e4 _Main_/main.o
 .debug_macro   0x00017d4b      0x3f3 _Main_/main_init.o
 .debug_macro   0x0001813e      0x3f2 _Main_/task_scheduler.o
 .debug_macro   0x00018530      0x3ea _Main_/tasks.o

.debug_line     0x00000000     0xb7bd
 .debug_line    0x00000000      0x949 Communication/AqPlot/tess_data_acq_output.o
 .debug_line    0x00000949      0x981 Communication/AqPlot/tess_ring_buffer.o
 .debug_line    0x000012ca      0x9cf LowLevelDrivers/MCULegacy/HAL/Src/stm32f4xx_hal.o
 .debug_line    0x00001c99      0xb08 LowLevelDrivers/MCULegacy/HAL/Src/stm32f4xx_hal_cortex.o
 .debug_line    0x000027a1      0xabd LowLevelDrivers/MCULegacy/HAL/Src/stm32f4xx_hal_dma.o
 .debug_line    0x0000325e      0x994 LowLevelDrivers/MCULegacy/HAL/Src/stm32f4xx_hal_gpio.o
 .debug_line    0x00003bf2      0xa38 LowLevelDrivers/MCULegacy/HAL/Src/stm32f4xx_hal_rcc.o
 .debug_line    0x0000462a      0x917 LowLevelDrivers/MCULegacy/HAL/Src/stm32f4xx_hal_rcc_ex.o
 .debug_line    0x00004f41     0x10d3 LowLevelDrivers/MCULegacy/HAL/Src/stm32f4xx_hal_uart.o
 .debug_line    0x00006014      0x8bc LowLevelDrivers/UserDefined/lld_adc.o
 .debug_line    0x000068d0      0x85e LowLevelDrivers/UserDefined/lld_system.o
 .debug_line    0x0000712e      0x876 LowLevelDrivers/UserDefined/lld_timers.o
 .debug_line    0x000079a4      0x8b6 LowLevelDrivers/UserDefined/lld_usart.o
 .debug_line    0x0000825a      0xb06 _Main_/isr.o
 .debug_line    0x00008d60      0xa8d _Main_/main.o
 .debug_line    0x000097ed      0xa48 _Main_/main_init.o
 .debug_line    0x0000a235      0xa9f _Main_/task_scheduler.o
 .debug_line    0x0000acd4      0xa6a _Main_/tasks.o
 .debug_line    0x0000b73e       0x7f startup/startup_stm32f401xe.o

.debug_str      0x00000000    0x8df5e
 .debug_str     0x00000000    0x88bea Communication/AqPlot/tess_data_acq_output.o
                              0x88f14 (size before relaxing)
 .debug_str     0x00088bea       0xd2 Communication/AqPlot/tess_ring_buffer.o
                              0x88602 (size before relaxing)
 .debug_str     0x00088cbc      0xaa3 LowLevelDrivers/MCULegacy/HAL/Src/stm32f4xx_hal.o
                              0x88e24 (size before relaxing)
 .debug_str     0x0008975f      0x3f4 LowLevelDrivers/MCULegacy/HAL/Src/stm32f4xx_hal_cortex.o
                              0x88b99 (size before relaxing)
 .debug_str     0x00089b53      0x31e LowLevelDrivers/MCULegacy/HAL/Src/stm32f4xx_hal_dma.o
                              0x88864 (size before relaxing)
 .debug_str     0x00089e71      0x288 LowLevelDrivers/MCULegacy/HAL/Src/stm32f4xx_hal_gpio.o
                              0x886a0 (size before relaxing)
 .debug_str     0x0008a0f9      0x385 LowLevelDrivers/MCULegacy/HAL/Src/stm32f4xx_hal_rcc.o
                              0x88843 (size before relaxing)
 .debug_str     0x0008a47e      0x18b LowLevelDrivers/MCULegacy/HAL/Src/stm32f4xx_hal_rcc_ex.o
                              0x885a7 (size before relaxing)
 .debug_str     0x0008a609      0x548 LowLevelDrivers/MCULegacy/HAL/Src/stm32f4xx_hal_uart.o
                              0x88c6d (size before relaxing)
 .debug_str     0x0008ab51      0x6b0 LowLevelDrivers/UserDefined/lld_adc.o
                              0x88ef6 (size before relaxing)
 .debug_str     0x0008b201       0x9e LowLevelDrivers/UserDefined/lld_system.o
                              0x8859c (size before relaxing)
 .debug_str     0x0008b29f       0xb0 LowLevelDrivers/UserDefined/lld_timers.o
                              0x8855f (size before relaxing)
 .debug_str     0x0008b34f       0x7e LowLevelDrivers/UserDefined/lld_usart.o
                              0x89048 (size before relaxing)
 .debug_str     0x0008b3cd     0x2a75 _Main_/isr.o
                              0x8bf77 (size before relaxing)
 .debug_str     0x0008de42       0x37 _Main_/main.o
                              0x8be55 (size before relaxing)
 .debug_str     0x0008de79       0x20 _Main_/main_init.o
                              0x8bc3b (size before relaxing)
 .debug_str     0x0008de99       0x92 _Main_/task_scheduler.o
                              0x8be67 (size before relaxing)
 .debug_str     0x0008df2b       0x33 _Main_/tasks.o
                              0x8bdfb (size before relaxing)

.comment        0x00000000       0x7f
 .comment       0x00000000       0x7f Communication/AqPlot/tess_data_acq_output.o
                                 0x80 (size before relaxing)
 .comment       0x0000007f       0x80 Communication/AqPlot/tess_ring_buffer.o
 .comment       0x0000007f       0x80 LowLevelDrivers/MCULegacy/HAL/Src/stm32f4xx_hal.o
 .comment       0x0000007f       0x80 LowLevelDrivers/MCULegacy/HAL/Src/stm32f4xx_hal_cortex.o
 .comment       0x0000007f       0x80 LowLevelDrivers/MCULegacy/HAL/Src/stm32f4xx_hal_dma.o
 .comment       0x0000007f       0x80 LowLevelDrivers/MCULegacy/HAL/Src/stm32f4xx_hal_gpio.o
 .comment       0x0000007f       0x80 LowLevelDrivers/MCULegacy/HAL/Src/stm32f4xx_hal_rcc.o
 .comment       0x0000007f       0x80 LowLevelDrivers/MCULegacy/HAL/Src/stm32f4xx_hal_rcc_ex.o
 .comment       0x0000007f       0x80 LowLevelDrivers/MCULegacy/HAL/Src/stm32f4xx_hal_uart.o
 .comment       0x0000007f       0x80 LowLevelDrivers/UserDefined/lld_adc.o
 .comment       0x0000007f       0x80 LowLevelDrivers/UserDefined/lld_system.o
 .comment       0x0000007f       0x80 LowLevelDrivers/UserDefined/lld_timers.o
 .comment       0x0000007f       0x80 LowLevelDrivers/UserDefined/lld_usart.o
 .comment       0x0000007f       0x80 _Main_/isr.o
 .comment       0x0000007f       0x80 _Main_/main.o
 .comment       0x0000007f       0x80 _Main_/main_init.o
 .comment       0x0000007f       0x80 _Main_/task_scheduler.o
 .comment       0x0000007f       0x80 _Main_/tasks.o

.debug_frame    0x00000000     0x1e68
 .debug_frame   0x00000000       0xcc Communication/AqPlot/tess_data_acq_output.o
 .debug_frame   0x000000cc      0x108 Communication/AqPlot/tess_ring_buffer.o
 .debug_frame   0x000001d4      0x33c LowLevelDrivers/MCULegacy/HAL/Src/stm32f4xx_hal.o
 .debug_frame   0x00000510      0x498 LowLevelDrivers/MCULegacy/HAL/Src/stm32f4xx_hal_cortex.o
 .debug_frame   0x000009a8      0x250 LowLevelDrivers/MCULegacy/HAL/Src/stm32f4xx_hal_dma.o
 .debug_frame   0x00000bf8      0x14c LowLevelDrivers/MCULegacy/HAL/Src/stm32f4xx_hal_gpio.o
 .debug_frame   0x00000d44      0x1f8 LowLevelDrivers/MCULegacy/HAL/Src/stm32f4xx_hal_rcc.o
 .debug_frame   0x00000f3c       0xf0 LowLevelDrivers/MCULegacy/HAL/Src/stm32f4xx_hal_rcc_ex.o
 .debug_frame   0x0000102c      0x83c LowLevelDrivers/MCULegacy/HAL/Src/stm32f4xx_hal_uart.o
 .debug_frame   0x00001868       0xa8 LowLevelDrivers/UserDefined/lld_adc.o
 .debug_frame   0x00001910       0x7c LowLevelDrivers/UserDefined/lld_system.o
 .debug_frame   0x0000198c       0x5c LowLevelDrivers/UserDefined/lld_timers.o
 .debug_frame   0x000019e8       0x9c LowLevelDrivers/UserDefined/lld_usart.o
 .debug_frame   0x00001a84       0xcc _Main_/isr.o
 .debug_frame   0x00001b50       0x2c _Main_/main.o
 .debug_frame   0x00001b7c       0x2c _Main_/main_init.o
 .debug_frame   0x00001ba8       0x34 _Main_/task_scheduler.o
 .debug_frame   0x00001bdc       0x6c _Main_/tasks.o
 .debug_frame   0x00001c48       0x2c c:/ac6/systemworkbench/plugins/fr.ac6.mcu.externaltools.arm-none.win32_1.15.0.201708311556/tools/compiler/bin/../lib/gcc/arm-none-eabi/6.3.1/thumb/v7e-m/fpv4-sp/hard\libgcc.a(_aeabi_uldivmod.o)
 .debug_frame   0x00001c74       0x34 c:/ac6/systemworkbench/plugins/fr.ac6.mcu.externaltools.arm-none.win32_1.15.0.201708311556/tools/compiler/bin/../lib/gcc/arm-none-eabi/6.3.1/thumb/v7e-m/fpv4-sp/hard\libgcc.a(_udivmoddi4.o)
 .debug_frame   0x00001ca8       0x2c c:/ac6/systemworkbench/plugins/fr.ac6.mcu.externaltools.arm-none.win32_1.15.0.201708311556/tools/compiler/bin/../lib/gcc/arm-none-eabi/6.3.1/../../../../arm-none-eabi/lib/thumb/v7e-m/fpv4-sp/hard\libc.a(lib_a-init.o)
 .debug_frame   0x00001cd4       0x5c c:/ac6/systemworkbench/plugins/fr.ac6.mcu.externaltools.arm-none.win32_1.15.0.201708311556/tools/compiler/bin/../lib/gcc/arm-none-eabi/6.3.1/../../../../arm-none-eabi/lib/thumb/v7e-m/fpv4-sp/hard\libc.a(lib_a-__call_atexit.o)
 .debug_frame   0x00001d30       0x20 c:/ac6/systemworkbench/plugins/fr.ac6.mcu.externaltools.arm-none.win32_1.15.0.201708311556/tools/compiler/bin/../lib/gcc/arm-none-eabi/6.3.1/../../../../arm-none-eabi/lib/thumb/v7e-m/fpv4-sp/hard\libc.a(lib_a-atexit.o)
 .debug_frame   0x00001d50       0x34 c:/ac6/systemworkbench/plugins/fr.ac6.mcu.externaltools.arm-none.win32_1.15.0.201708311556/tools/compiler/bin/../lib/gcc/arm-none-eabi/6.3.1/../../../../arm-none-eabi/lib/thumb/v7e-m/fpv4-sp/hard\libc.a(lib_a-fini.o)
 .debug_frame   0x00001d84       0xb0 c:/ac6/systemworkbench/plugins/fr.ac6.mcu.externaltools.arm-none.win32_1.15.0.201708311556/tools/compiler/bin/../lib/gcc/arm-none-eabi/6.3.1/../../../../arm-none-eabi/lib/thumb/v7e-m/fpv4-sp/hard\libc.a(lib_a-lock.o)
 .debug_frame   0x00001e34       0x34 c:/ac6/systemworkbench/plugins/fr.ac6.mcu.externaltools.arm-none.win32_1.15.0.201708311556/tools/compiler/bin/../lib/gcc/arm-none-eabi/6.3.1/../../../../arm-none-eabi/lib/thumb/v7e-m/fpv4-sp/hard\libc.a(lib_a-__atexit.o)
