Archive member included to satisfy reference by file (symbol)

c:/st/stm32cubeide_1.3.0/stm32cubeide/plugins/com.st.stm32cube.ide.mcu.externaltools.gnu-tools-for-stm32.7-2018-q2-update.win32_1.0.0.201904181610/tools/bin/../lib/gcc/arm-none-eabi/7.3.1/../../../../arm-none-eabi/lib/thumb/v7e-m/fpv4-sp/hard\libc_nano.a(lib_a-exit.o)
                              c:/st/stm32cubeide_1.3.0/stm32cubeide/plugins/com.st.stm32cube.ide.mcu.externaltools.gnu-tools-for-stm32.7-2018-q2-update.win32_1.0.0.201904181610/tools/bin/../lib/gcc/arm-none-eabi/7.3.1/../../../../arm-none-eabi/lib/thumb/v7e-m/fpv4-sp/hard/crt0.o (exit)
c:/st/stm32cubeide_1.3.0/stm32cubeide/plugins/com.st.stm32cube.ide.mcu.externaltools.gnu-tools-for-stm32.7-2018-q2-update.win32_1.0.0.201904181610/tools/bin/../lib/gcc/arm-none-eabi/7.3.1/../../../../arm-none-eabi/lib/thumb/v7e-m/fpv4-sp/hard\libc_nano.a(lib_a-impure.o)
                              c:/st/stm32cubeide_1.3.0/stm32cubeide/plugins/com.st.stm32cube.ide.mcu.externaltools.gnu-tools-for-stm32.7-2018-q2-update.win32_1.0.0.201904181610/tools/bin/../lib/gcc/arm-none-eabi/7.3.1/../../../../arm-none-eabi/lib/thumb/v7e-m/fpv4-sp/hard\libc_nano.a(lib_a-exit.o) (_global_impure_ptr)
c:/st/stm32cubeide_1.3.0/stm32cubeide/plugins/com.st.stm32cube.ide.mcu.externaltools.gnu-tools-for-stm32.7-2018-q2-update.win32_1.0.0.201904181610/tools/bin/../lib/gcc/arm-none-eabi/7.3.1/../../../../arm-none-eabi/lib/thumb/v7e-m/fpv4-sp/hard\libc_nano.a(lib_a-init.o)
                              c:/st/stm32cubeide_1.3.0/stm32cubeide/plugins/com.st.stm32cube.ide.mcu.externaltools.gnu-tools-for-stm32.7-2018-q2-update.win32_1.0.0.201904181610/tools/bin/../lib/gcc/arm-none-eabi/7.3.1/../../../../arm-none-eabi/lib/thumb/v7e-m/fpv4-sp/hard/crt0.o (__libc_init_array)
c:/st/stm32cubeide_1.3.0/stm32cubeide/plugins/com.st.stm32cube.ide.mcu.externaltools.gnu-tools-for-stm32.7-2018-q2-update.win32_1.0.0.201904181610/tools/bin/../lib/gcc/arm-none-eabi/7.3.1/../../../../arm-none-eabi/lib/thumb/v7e-m/fpv4-sp/hard\libc_nano.a(lib_a-memset.o)
                              c:/st/stm32cubeide_1.3.0/stm32cubeide/plugins/com.st.stm32cube.ide.mcu.externaltools.gnu-tools-for-stm32.7-2018-q2-update.win32_1.0.0.201904181610/tools/bin/../lib/gcc/arm-none-eabi/7.3.1/../../../../arm-none-eabi/lib/thumb/v7e-m/fpv4-sp/hard/crt0.o (memset)
c:/st/stm32cubeide_1.3.0/stm32cubeide/plugins/com.st.stm32cube.ide.mcu.externaltools.gnu-tools-for-stm32.7-2018-q2-update.win32_1.0.0.201904181610/tools/bin/../lib/gcc/arm-none-eabi/7.3.1/thumb/v7e-m/fpv4-sp/hard\libgcc.a(_aeabi_uldivmod.o)
                              LowLevelDrivers/MCULegacy/HAL/Src/stm32f4xx_hal_rcc.o (__aeabi_uldivmod)
c:/st/stm32cubeide_1.3.0/stm32cubeide/plugins/com.st.stm32cube.ide.mcu.externaltools.gnu-tools-for-stm32.7-2018-q2-update.win32_1.0.0.201904181610/tools/bin/../lib/gcc/arm-none-eabi/7.3.1/thumb/v7e-m/fpv4-sp/hard\libgcc.a(_udivmoddi4.o)
                              c:/st/stm32cubeide_1.3.0/stm32cubeide/plugins/com.st.stm32cube.ide.mcu.externaltools.gnu-tools-for-stm32.7-2018-q2-update.win32_1.0.0.201904181610/tools/bin/../lib/gcc/arm-none-eabi/7.3.1/thumb/v7e-m/fpv4-sp/hard\libgcc.a(_aeabi_uldivmod.o) (__udivmoddi4)
c:/st/stm32cubeide_1.3.0/stm32cubeide/plugins/com.st.stm32cube.ide.mcu.externaltools.gnu-tools-for-stm32.7-2018-q2-update.win32_1.0.0.201904181610/tools/bin/../lib/gcc/arm-none-eabi/7.3.1/thumb/v7e-m/fpv4-sp/hard\libgcc.a(_dvmd_tls.o)
                              c:/st/stm32cubeide_1.3.0/stm32cubeide/plugins/com.st.stm32cube.ide.mcu.externaltools.gnu-tools-for-stm32.7-2018-q2-update.win32_1.0.0.201904181610/tools/bin/../lib/gcc/arm-none-eabi/7.3.1/thumb/v7e-m/fpv4-sp/hard\libgcc.a(_aeabi_uldivmod.o) (__aeabi_ldiv0)
c:/st/stm32cubeide_1.3.0/stm32cubeide/plugins/com.st.stm32cube.ide.mcu.externaltools.gnu-tools-for-stm32.7-2018-q2-update.win32_1.0.0.201904181610/tools/bin/../lib/gcc/arm-none-eabi/7.3.1/../../../../arm-none-eabi/lib/thumb/v7e-m/fpv4-sp/hard\libnosys.a(_exit.o)
                              c:/st/stm32cubeide_1.3.0/stm32cubeide/plugins/com.st.stm32cube.ide.mcu.externaltools.gnu-tools-for-stm32.7-2018-q2-update.win32_1.0.0.201904181610/tools/bin/../lib/gcc/arm-none-eabi/7.3.1/../../../../arm-none-eabi/lib/thumb/v7e-m/fpv4-sp/hard\libc_nano.a(lib_a-exit.o) (_exit)

Allocating common symbols
Common symbol       size              file

PORT__AdcVb         0x2               LowLevelDrivers/UserDefined/lld_adc.o
PORT__AdcVa         0x2               LowLevelDrivers/UserDefined/lld_adc.o
uwTick              0x4               LowLevelDrivers/MCULegacy/HAL/Src/stm32f4xx_hal.o
pFlash              0x20              LowLevelDrivers/MCULegacy/HAL/Src/stm32f4xx_hal_flash.o
ring_buff_cnt       0x4               Communication/AqPlot/tess_data_acq_output.o
dma_isr_cnt         0x4               Communication/AqPlot/tess_data_acq_output.o
TESS_RING_BUFFER_DATA
[...]
Memory Configuration

Name             Origin             Length             Attributes
FLASH            0x0000000008000000 0x0000000000080000 xr
RAM              0x0000000020000000 0x0000000000018000 xrw
*default*        0x0000000000000000 0xffffffffffffffff

Linker script and memory map

LOAD c:/st/stm32cubeide_1.3.0/stm32cubeide/plugins/com.st.stm32cube.ide.mcu.externaltools.gnu-tools-for-stm32.7-2018-q2-update.win32_1.0.0.201904181610/tools/bin/../lib/gcc/arm-none-eabi/7.3.1/thumb/v7e-m/fpv4-sp/hard/crti.o
LOAD c:/st/stm32cubeide_1.3.0/stm32cubeide/plugins/com.st.stm32cube.ide.mcu.externaltools.gnu-tools-for-stm32.7-2018-q2-update.win32_1.0.0.201904181610/tools/bin/../lib/gcc/arm-none-eabi/7.3.1/thumb/v7e-m/fpv4-sp/hard/crtbegin.o
LOAD c:/st/stm32cubeide_1.3.0/stm32cubeide/plugins/com.st.stm32cube.ide.mcu.externaltools.gnu-tools-for-stm32.7-2018-q2-update.win32_1.0.0.201904181610/tools/bin/../lib/gcc/arm-none-eabi/7.3.1/../../../../arm-none-eabi/lib/thumb/v7e-m/fpv4-sp/hard/crt0.o
LOAD Communication/AqPlot/tess_data_acq_output.o
LOAD Communication/AqPlot/tess_ring_buffer.o
LOAD Communication/FreeMaster/freemaster_STM32F4xx.o
LOAD Communication/FreeMaster/freemaster_appcmd.o
LOAD Communication/FreeMaster/freemaster_bdm.o
LOAD Communication/FreeMaster/freemaster_can.o
LOAD Communication/FreeMaster/freemaster_lin.o
LOAD Communication/FreeMaster/freemaster_pipes.o
LOAD Communication/FreeMaster/freemaster_protocol.o
LOAD Communication/FreeMaster/freemaster_rec.o
LOAD Communication/FreeMaster/freemaster_scope.o
LOAD Communication/FreeMaster/freemaster_serial.o
LOAD Communication/FreeMaster/freemaster_sfio.o
LOAD Communication/FreeMaster/freemaster_tsa.o
LOAD LowLevelDrivers/MCULegacy/HAL/Src/Legacy/stm32f4xx_hal_can.o
LOAD LowLevelDrivers/MCULegacy/HAL/Src/stm32f4xx_hal.o
LOAD LowLevelDrivers/MCULegacy/HAL/Src/stm32f4xx_hal_adc.o
LOAD LowLevelDrivers/MCULegacy/HAL/Src/stm32f4xx_hal_adc_ex.o
LOAD LowLevelDrivers/MCULegacy/HAL/Src/stm32f4xx_hal_cortex.o
LOAD LowLevelDrivers/MCULegacy/HAL/Src/stm32f4xx_hal_dma.o
LOAD LowLevelDrivers/MCULegacy/HAL/Src/stm32f4xx_hal_dma_ex.o
LOAD LowLevelDrivers/MCULegacy/HAL/Src/stm32f4xx_hal_flash.o
LOAD LowLevelDrivers/MCULegacy/HAL/Src/stm32f4xx_hal_flash_ex.o
LOAD LowLevelDrivers/MCULegacy/HAL/Src/stm32f4xx_hal_flash_ramfunc.o
LOAD LowLevelDrivers/MCULegacy/HAL/Src/stm32f4xx_hal_gpio.o
LOAD LowLevelDrivers/MCULegacy/HAL/Src/stm32f4xx_hal_pwr.o
LOAD LowLevelDrivers/MCULegacy/HAL/Src/stm32f4xx_hal_pwr_ex.o
LOAD LowLevelDrivers/MCULegacy/HAL/Src/stm32f4xx_hal_rcc.o
LOAD LowLevelDrivers/MCULegacy/HAL/Src/stm32f4xx_hal_rcc_ex.o
LOAD LowLevelDrivers/MCULegacy/HAL/Src/stm32f4xx_hal_tim.o
LOAD LowLevelDrivers/MCULegacy/HAL/Src/stm32f4xx_hal_tim_ex.o
LOAD LowLevelDrivers/MCULegacy/HAL/Src/stm32f4xx_hal_uart.o
LOAD LowLevelDrivers/MCULegacy/HAL/Src/stm32f4xx_hal_usart.o
LOAD LowLevelDrivers/UserDefined/lld_adc.o
LOAD LowLevelDrivers/UserDefined/lld_system.o
LOAD LowLevelDrivers/UserDefined/lld_timers.o
LOAD LowLevelDrivers/UserDefined/lld_usart.o
LOAD _Main_/isr.o
LOAD _Main_/main.o
LOAD _Main_/main_init.o
LOAD _Main_/task_scheduler.o
LOAD _Main_/tasks.o
LOAD _Main_/utilities.o
LOAD startup/startup_stm32f401xe.o
START GROUP
LOAD c:/st/stm32cubeide_1.3.0/stm32cubeide/plugins/com.st.stm32cube.ide.mcu.externaltools.gnu-tools-for-stm32.7-2018-q2-update.win32_1.0.0.201904181610/tools/bin/../lib/gcc/arm-none-eabi/7.3.1/../../../../arm-none-eabi/lib/thumb/v7e-m/fpv4-sp/hard\libc_nano.a
LOAD c:/st/stm32cubeide_1.3.0/stm32cubeide/plugins/com.st.stm32cube.ide.mcu.externaltools.gnu-tools-for-stm32.7-2018-q2-update.win32_1.0.0.201904181610/tools/bin/../lib/gcc/arm-none-eabi/7.3.1/../../../../arm-none-eabi/lib/thumb/v7e-m/fpv4-sp/hard\libm.a
END GROUP
START GROUP
LOAD c:/st/stm32cubeide_1.3.0/stm32cubeide/plugins/com.st.stm32cube.ide.mcu.externaltools.gnu-tools-for-stm32.7-2018-q2-update.win32_1.0.0.201904181610/tools/bin/../lib/gcc/arm-none-eabi/7.3.1/thumb/v7e-m/fpv4-sp/hard\libgcc.a
LOAD c:/st/stm32cubeide_1.3.0/stm32cubeide/plugins/com.st.stm32cube.ide.mcu.externaltools.gnu-tools-for-stm32.7-2018-q2-update.win32_1.0.0.201904181610/tools/bin/../lib/gcc/arm-none-eabi/7.3.1/../../../../arm-none-eabi/lib/thumb/v7e-m/fpv4-sp/hard\libc_nano.a
END GROUP
START GROUP
LOAD c:/st/stm32cubeide_1.3.0/stm32cubeide/plugins/com.st.stm32cube.ide.mcu.externaltools.gnu-tools-for-stm32.7-2018-q2-update.win32_1.0.0.201904181610/tools/bin/../lib/gcc/arm-none-eabi/7.3.1/thumb/v7e-m/fpv4-sp/hard\libgcc.a
LOAD c:/st/stm32cubeide_1.3.0/stm32cubeide/plugins/com.st.stm32cube.ide.mcu.externaltools.gnu-tools-for-stm32.7-2018-q2-update.win32_1.0.0.201904181610/tools/bin/../lib/gcc/arm-none-eabi/7.3.1/../../../../arm-none-eabi/lib/thumb/v7e-m/fpv4-sp/hard\libc_nano.a
LOAD c:/st/stm32cubeide_1.3.0/stm32cubeide/plugins/com.st.stm32cube.ide.mcu.externaltools.gnu-tools-for-stm32.7-2018-q2-update.win32_1.0.0.201904181610/tools/bin/../lib/gcc/arm-none-eabi/7.3.1/../../../../arm-none-eabi/lib/thumb/v7e-m/fpv4-sp/hard\libnosys.a
END GROUP
START GROUP
LOAD c:/st/stm32cubeide_1.3.0/stm32cubeide/plugins/com.st.stm32cube.ide.mcu.externaltools.gnu-tools-for-stm32.7-2018-q2-update.win32_1.0.0.201904181610/tools/bin/../lib/gcc/arm-none-eabi/7.3.1/thumb/v7e-m/fpv4-sp/hard\libgcc.a
LOAD c:/st/stm32cubeide_1.3.0/stm32cubeide/plugins/com.st.stm32cube.ide.mcu.externaltools.gnu-tools-for-stm32.7-2018-q2-update.win32_1.0.0.201904181610/tools/bin/../lib/gcc/arm-none-eabi/7.3.1/../../../../arm-none-eabi/lib/thumb/v7e-m/fpv4-sp/hard\libc_nano.a
LOAD c:/st/stm32cubeide_1.3.0/stm32cubeide/plugins/com.st.stm32cube.ide.mcu.externaltools.gnu-tools-for-stm32.7-2018-q2-update.win32_1.0.0.201904181610/tools/bin/../lib/gcc/arm-none-eabi/7.3.1/../../../../arm-none-eabi/lib/thumb/v7e-m/fpv4-sp/hard\libnosys.a
END GROUP
LOAD c:/st/stm32cubeide_1.3.0/stm32cubeide/plugins/com.st.stm32cube.ide.mcu.externaltools.gnu-tools-for-stm32.7-2018-q2-update.win32_1.0.0.201904181610/tools/bin/../lib/gcc/arm-none-eabi/7.3.1/thumb/v7e-m/fpv4-sp/hard/crtend.o
LOAD c:/st/stm32cubeide_1.3.0/stm32cubeide/plugins/com.st.stm32cube.ide.mcu.externaltools.gnu-tools-for-stm32.7-2018-q2-update.win32_1.0.0.201904181610/tools/bin/../lib/gcc/arm-none-eabi/7.3.1/thumb/v7e-m/fpv4-sp/hard/crtn.o
                0x0000000020018000                _estack = 0x20018000
                0x0000000000000200                _Min_Heap_Size = 0x200
                0x0000000000000400                _Min_Stack_Size = 0x400

.isr_vector     0x0000000008000000      0x194
                0x0000000008000000                . = ALIGN (0x4)
 *(.isr_vector)
 .isr_vector    0x0000000008000000      0x194 startup/startup_stm32f401xe.o
                0x0000000008000000                g_pfnVectors
                0x0000000008000194                . = ALIGN (0x4)

.text           0x0000000008000194     0x3610
                0x0000000008000194                . = ALIGN (0x4)
 *(.text)
 .text          0x0000000008000194       0x40 c:/st/stm32cubeide_1.3.0/stm32cubeide/plugins/com.st.stm32cube.ide.mcu.externaltools.gnu-tools-for-stm32.7-2018-q2-update.win32_1.0.0.201904181610/tools/bin/../lib/gcc/arm-none-eabi/7.3.1/thumb/v7e-m/fpv4-sp/hard/crtbegin.o
 .text          0x00000000080001d4       0x30 c:/st/stm32cubeide_1.3.0/stm32cubeide/plugins/com.st.stm32cube.ide.mcu.externaltools.gnu-tools-for-stm32.7-2018-q2-update.win32_1.0.0.201904181610/tools/bin/../lib/gcc/arm-none-eabi/7.3.1/thumb/v7e-m/fpv4-sp/hard\libgcc.a(_aeabi_uldivmod.o)
                0x00000000080001d4                __aeabi_uldivmod
 .text          0x0000000008000204      0x2cc c:/st/stm32cubeide_1.3.0/stm32cubeide/plugins/com.st.stm32cube.ide.mcu.externaltools.gnu-tools-for-stm32.7-2018-q2-update.win32_1.0.0.201904181610/tools/bin/../lib/gcc/arm-none-eabi/7.3.1/thumb/v7e-m/fpv4-sp/hard\libgcc.a(_udivmoddi4.o)
                0x0000000008000204                __udivmoddi4
 .text          0x00000000080004d0        0x4 c:/st/stm32cubeide_1.3.0/stm32cubeide/plugins/com.st.stm32cube.ide.mcu.externaltools.gnu-tools-for-stm32.7-2018-q2-update.win32_1.0.0.201904181610/tools/bin/../lib/gcc/arm-none-eabi/7.3.1/thumb/v7e-m/fpv4-sp/hard\libgcc.a(_dvmd_tls.o)
                0x00000000080004d0                __aeabi_idiv0
                0x00000000080004d0                __aeabi_ldiv0
 *(.text*)
 .text.TESS_DAS_INIT
                0x00000000080004d4       0x1c Communication/AqPlot/tess_data_acq_output.o
                0x00000000080004d4                TESS_DAS_INIT
 .text.TESS_DAS_OUT_BUFFER
                0x00000000080004f0       0x90 Communication/AqPlot/tess_data_acq_output.o
 .text.TESS_DAS_MAIN
                0x0000000008000580       0xe8 Communication/AqPlot/tess_data_acq_output.o
                0x0000000008000580                TESS_DAS_MAIN
 .text.TESS_DAS_GET_COMMANDS
                0x0000000008000668       0x44 Communication/AqPlot/tess_data_acq_output.o
                0x0000000008000668                TESS_DAS_GET_COMMANDS
 .text.TESS_DAS_UPDATE_UPON_TC
                0x00000000080006ac       0xd4 Communication/AqPlot/tess_data_acq_output.o
                0x00000000080006ac                TESS_DAS_UPDATE_UPON_TC
 .text.TESS_RING_BUFFER_INIT
                0x0000000008000780      0x130 Communication/AqPlot/tess_ring_buffer.o
                0x0000000008000780                TESS_RING_BUFFER_INIT
 .text.TESS_RING_BUFFER_GET
                0x00000000080008b0       0xaa Communication/AqPlot/tess_ring_buffer.o
                0x00000000080008b0                TESS_RING_BUFFER_GET
 .text.TESS_RING_BUFFER_PUT
                0x000000000800095a       0xae Communication/AqPlot/tess_ring_buffer.o
                0x000000000800095a                TESS_RING_BUFFER_PUT
 .text.TESS_RINGBUFF_IS_FULL
                0x0000000008000a08       0x24 Communication/AqPlot/tess_ring_buffer.o
                0x0000000008000a08                TESS_RINGBUFF_IS_FULL
 .text.TESS_BUFF_IDX_INC
                0x0000000008000a2c       0x34 Communication/AqPlot/tess_ring_buffer.o
 .text.DATA_COPY
                0x0000000008000a60       0x96 Communication/AqPlot/tess_ring_buffer.o
 *fill*         0x0000000008000af6        0x2 
 .text.HAL_InitTick
                0x0000000008000af8       0x60 LowLevelDrivers/MCULegacy/HAL/Src/stm32f4xx_hal.o
                0x0000000008000af8                HAL_InitTick
 .text.HAL_IncTick
                0x0000000008000b58       0x28 LowLevelDrivers/MCULegacy/HAL/Src/stm32f4xx_hal.o
                0x0000000008000b58                HAL_IncTick
 .text.HAL_GetTick
                0x0000000008000b80       0x18 LowLevelDrivers/MCULegacy/HAL/Src/stm32f4xx_hal.o
                0x0000000008000b80                HAL_GetTick
 .text.NVIC_GetPriorityGrouping
                0x0000000008000b98       0x1c LowLevelDrivers/MCULegacy/HAL/Src/stm32f4xx_hal_cortex.o
 .text.NVIC_EnableIRQ
                0x0000000008000bb4       0x34 LowLevelDrivers/MCULegacy/HAL/Src/stm32f4xx_hal_cortex.o
 .text.NVIC_SetPriority
                0x0000000008000be8       0x54 LowLevelDrivers/MCULegacy/HAL/Src/stm32f4xx_hal_cortex.o
 .text.NVIC_EncodePriority
                0x0000000008000c3c       0x66 LowLevelDrivers/MCULegacy/HAL/Src/stm32f4xx_hal_cortex.o
 *fill*         0x0000000008000ca2        0x2 
 .text.SysTick_Config
                0x0000000008000ca4       0x44 LowLevelDrivers/MCULegacy/HAL/Src/stm32f4xx_hal_cortex.o
 .text.HAL_NVIC_SetPriority
                0x0000000008000ce8       0x38 LowLevelDrivers/MCULegacy/HAL/Src/stm32f4xx_hal_cortex.o
                0x0000000008000ce8                HAL_NVIC_SetPriority
 .text.HAL_NVIC_EnableIRQ
                0x0000000008000d20       0x1c LowLevelDrivers/MCULegacy/HAL/Src/stm32f4xx_hal_cortex.o
                0x0000000008000d20                HAL_NVIC_EnableIRQ
 .text.HAL_SYSTICK_Config
                0x0000000008000d3c       0x18 LowLevelDrivers/MCULegacy/HAL/Src/stm32f4xx_hal_cortex.o
                0x0000000008000d3c                HAL_SYSTICK_Config
 .text.HAL_SYSTICK_IRQHandler
                0x0000000008000d54        0xc LowLevelDrivers/MCULegacy/HAL/Src/stm32f4xx_hal_cortex.o
                0x0000000008000d54                HAL_SYSTICK_IRQHandler
 .text.HAL_SYSTICK_Callback
                0x0000000008000d60        0xe LowLevelDrivers/MCULegacy/HAL/Src/stm32f4xx_hal_cortex.o
                0x0000000008000d60                HAL_SYSTICK_Callback
 *fill*         0x0000000008000d6e        0x2 
 .text.HAL_DMA_Init
                0x0000000008000d70      0x15c LowLevelDrivers/MCULegacy/HAL/Src/stm32f4xx_hal_dma.o
                0x0000000008000d70                HAL_DMA_Init
 .text.HAL_DMA_Start_IT
                0x0000000008000ecc       0xc0 LowLevelDrivers/MCULegacy/HAL/Src/stm32f4xx_hal_dma.o
                0x0000000008000ecc                HAL_DMA_Start_IT
 .text.HAL_DMA_Abort
                0x0000000008000f8c       0xe0 LowLevelDrivers/MCULegacy/HAL/Src/stm32f4xx_hal_dma.o
                0x0000000008000f8c                HAL_DMA_Abort
 .text.HAL_DMA_Abort_IT
                0x000000000800106c       0x44 LowLevelDrivers/MCULegacy/HAL/Src/stm32f4xx_hal_dma.o
                0x000000000800106c                HAL_DMA_Abort_IT
 .text.HAL_DMA_IRQHandler
                0x00000000080010b0      0x314 LowLevelDrivers/MCULegacy/HAL/Src/stm32f4xx_hal_dma.o
                0x00000000080010b0                HAL_DMA_IRQHandler
 .text.DMA_SetConfig
                0x00000000080013c4       0x5c LowLevelDrivers/MCULegacy/HAL/Src/stm32f4xx_hal_dma.o
 .text.DMA_CalcBaseAndBitshift
                0x0000000008001420       0x6c LowLevelDrivers/MCULegacy/HAL/Src/stm32f4xx_hal_dma.o
 .text.DMA_CheckFifoParam
                0x000000000800148c       0xf4 LowLevelDrivers/MCULegacy/HAL/Src/stm32f4xx_hal_dma.o
 .text.HAL_GPIO_Init
                0x0000000008001580      0x304 LowLevelDrivers/MCULegacy/HAL/Src/stm32f4xx_hal_gpio.o
                0x0000000008001580                HAL_GPIO_Init
 .text.HAL_GPIO_TogglePin
                0x0000000008001884       0x24 LowLevelDrivers/MCULegacy/HAL/Src/stm32f4xx_hal_gpio.o
                0x0000000008001884                HAL_GPIO_TogglePin
 .text.HAL_RCC_OscConfig
                0x00000000080018a8      0x484 LowLevelDrivers/MCULegacy/HAL/Src/stm32f4xx_hal_rcc.o
                0x00000000080018a8                HAL_RCC_OscConfig
 .text.HAL_RCC_ClockConfig
                0x0000000008001d2c      0x1c4 LowLevelDrivers/MCULegacy/HAL/Src/stm32f4xx_hal_rcc.o
                0x0000000008001d2c                HAL_RCC_ClockConfig
 .text.HAL_RCC_GetSysClockFreq
                0x0000000008001ef0      0x1b0 LowLevelDrivers/MCULegacy/HAL/Src/stm32f4xx_hal_rcc.o
                0x0000000008001ef0                HAL_RCC_GetSysClockFreq
 .text.HAL_RCC_GetHCLKFreq
                0x00000000080020a0       0x18 LowLevelDrivers/MCULegacy/HAL/Src/stm32f4xx_hal_rcc.o
                0x00000000080020a0                HAL_RCC_GetHCLKFreq
 .text.HAL_RCC_GetPCLK1Freq
                0x00000000080020b8       0x28 LowLevelDrivers/MCULegacy/HAL/Src/stm32f4xx_hal_rcc.o
                0x00000000080020b8                HAL_RCC_GetPCLK1Freq
 .text.HAL_RCC_GetPCLK2Freq
                0x00000000080020e0       0x28 LowLevelDrivers/MCULegacy/HAL/Src/stm32f4xx_hal_rcc.o
                0x00000000080020e0                HAL_RCC_GetPCLK2Freq
 .text.HAL_RCC_DeInit
                0x0000000008002108      0x194 LowLevelDrivers/MCULegacy/HAL/Src/stm32f4xx_hal_rcc_ex.o
                0x0000000008002108                HAL_RCC_DeInit
 .text.HAL_UART_Init
                0x000000000800229c       0x9a LowLevelDrivers/MCULegacy/HAL/Src/stm32f4xx_hal_uart.o
                0x000000000800229c                HAL_UART_Init
 *fill*         0x0000000008002336        0x2 
 .text.HAL_UART_Transmit_DMA
                0x0000000008002338       0xd4 LowLevelDrivers/MCULegacy/HAL/Src/stm32f4xx_hal_uart.o
                0x0000000008002338                HAL_UART_Transmit_DMA
 .text.HAL_UART_DMAStop
                0x000000000800240c       0xb6 LowLevelDrivers/MCULegacy/HAL/Src/stm32f4xx_hal_uart.o
                0x000000000800240c                HAL_UART_DMAStop
 *fill*         0x00000000080024c2        0x2 
 .text.HAL_UART_IRQHandler
                0x00000000080024c4      0x1f8 LowLevelDrivers/MCULegacy/HAL/Src/stm32f4xx_hal_uart.o
                0x00000000080024c4                HAL_UART_IRQHandler
 .text.HAL_UART_RxCpltCallback
                0x00000000080026bc       0x14 LowLevelDrivers/MCULegacy/HAL/Src/stm32f4xx_hal_uart.o
                0x00000000080026bc                HAL_UART_RxCpltCallback
 .text.HAL_UART_ErrorCallback
                0x00000000080026d0       0x14 LowLevelDrivers/MCULegacy/HAL/Src/stm32f4xx_hal_uart.o
                0x00000000080026d0                HAL_UART_ErrorCallback
 .text.UART_DMATransmitCplt
                0x00000000080026e4       0x52 LowLevelDrivers/MCULegacy/HAL/Src/stm32f4xx_hal_uart.o
 .text.UART_DMAError
                0x0000000008002736       0x94 LowLevelDrivers/MCULegacy/HAL/Src/stm32f4xx_hal_uart.o
 .text.UART_EndTxTransfer
                0x00000000080027ca       0x2c LowLevelDrivers/MCULegacy/HAL/Src/stm32f4xx_hal_uart.o
 .text.UART_EndRxTransfer
                0x00000000080027f6       0x3c LowLevelDrivers/MCULegacy/HAL/Src/stm32f4xx_hal_uart.o
 .text.UART_DMAAbortOnError
                0x0000000008002832       0x28 LowLevelDrivers/MCULegacy/HAL/Src/stm32f4xx_hal_uart.o
 .text.UART_Transmit_IT
                0x000000000800285a       0xac LowLevelDrivers/MCULegacy/HAL/Src/stm32f4xx_hal_uart.o
 .text.UART_EndTransmit_IT
                0x0000000008002906       0x30 LowLevelDrivers/MCULegacy/HAL/Src/stm32f4xx_hal_uart.o
 .text.UART_Receive_IT
                0x0000000008002936       0xf2 LowLevelDrivers/MCULegacy/HAL/Src/stm32f4xx_hal_uart.o
 .text.UART_SetConfig
                0x0000000008002a28      0x438 LowLevelDrivers/MCULegacy/HAL/Src/stm32f4xx_hal_uart.o
 .text.ADC_INIT
                0x0000000008002e60      0x108 LowLevelDrivers/UserDefined/lld_adc.o
                0x0000000008002e60                ADC_INIT
 .text.DMA_INIT
                0x0000000008002f68       0x90 LowLevelDrivers/UserDefined/lld_adc.o
 .text.GPIO_INIT
                0x0000000008002ff8       0x84 LowLevelDrivers/UserDefined/lld_adc.o
 .text.LLD_ADC_GET_RAW_VAL
                0x000000000800307c       0x88 LowLevelDrivers/UserDefined/lld_adc.o
                0x000000000800307c                LLD_ADC_GET_RAW_VAL
 .text.RCC_INIT
                0x0000000008003104       0xa8 LowLevelDrivers/UserDefined/lld_system.o
                0x0000000008003104                RCC_INIT
 .text.SystemInit
                0x00000000080031ac       0x6c LowLevelDrivers/UserDefined/lld_system.o
                0x00000000080031ac                SystemInit
 .text.TIMER2_INIT
                0x0000000008003218       0x74 LowLevelDrivers/UserDefined/lld_timers.o
                0x0000000008003218                TIMER2_INIT
 .text.TESS_GPIO_INIT
                0x000000000800328c       0x50 LowLevelDrivers/UserDefined/lld_timers.o
                0x000000000800328c                TESS_GPIO_INIT
 .text.USART2_UART_Init
                0x00000000080032dc       0x5c LowLevelDrivers/UserDefined/lld_usart.o
                0x00000000080032dc                USART2_UART_Init
 .text.DMA_INIT_UART
                0x0000000008003338       0xac LowLevelDrivers/UserDefined/lld_usart.o
                0x0000000008003338                DMA_INIT_UART
 .text.HAL_UART_MspInit
                0x00000000080033e4       0x90 LowLevelDrivers/UserDefined/lld_usart.o
                0x00000000080033e4                HAL_UART_MspInit
 .text.HAL_UART_TxCpltCallback
                0x0000000008003474       0x14 LowLevelDrivers/UserDefined/lld_usart.o
                0x0000000008003474                HAL_UART_TxCpltCallback
 .text.SysTick_Handler
                0x0000000008003488       0x10 _Main_/isr.o
                0x0000000008003488                SysTick_Handler
 .text.ADC_IRQHandler
                0x0000000008003498       0x1c _Main_/isr.o
                0x0000000008003498                ADC_IRQHandler
 .text.TIM1_UP_TIM10_IRQHandler
                0x00000000080034b4        0xe _Main_/isr.o
                0x00000000080034b4                TIM1_UP_TIM10_IRQHandler
 .text.TIM2_IRQHandler
                0x00000000080034c2        0xe _Main_/isr.o
                0x00000000080034c2                TIM2_IRQHandler
 .text.USART2_IRQHandler
                0x00000000080034d0       0x6c _Main_/isr.o
                0x00000000080034d0                USART2_IRQHandler
 .text.DMA1_Stream6_IRQHandler
                0x000000000800353c       0x20 _Main_/isr.o
                0x000000000800353c                DMA1_Stream6_IRQHandler
 .text.main     0x000000000800355c       0x18 _Main_/main.o
                0x000000000800355c                main
 .text.MAIN_INIT
                0x0000000008003574       0x20 _Main_/main_init.o
                0x0000000008003574                MAIN_INIT
 .text.task_scheduler
                0x0000000008003594      0x130 _Main_/task_scheduler.o
                0x0000000008003594                task_scheduler
 .text._100US_LOOP
                0x00000000080036c4       0x10 _Main_/tasks.o
                0x00000000080036c4                _100US_LOOP
 .text._2MS_LOOP
                0x00000000080036d4        0xe _Main_/tasks.o
                0x00000000080036d4                _2MS_LOOP
 .text._10MS_LOOP
                0x00000000080036e2        0xe _Main_/tasks.o
                0x00000000080036e2                _10MS_LOOP
 .text.Reset_Handler
                0x00000000080036f0       0x50 startup/startup_stm32f401xe.o
                0x00000000080036f0                Reset_Handler
 .text.Default_Handler
                0x0000000008003740        0x2 startup/startup_stm32f401xe.o
                0x0000000008003740                RTC_Alarm_IRQHandler
                0x0000000008003740                EXTI2_IRQHandler
                0x0000000008003740                DebugMon_Handler
                0x0000000008003740                SPI4_IRQHandler
                0x0000000008003740                TIM1_CC_IRQHandler
                0x0000000008003740                DMA2_Stream5_IRQHandler
                0x0000000008003740                HardFault_Handler
                0x0000000008003740                DMA1_Stream5_IRQHandler
                0x0000000008003740                PVD_IRQHandler
                0x0000000008003740                SDIO_IRQHandler
                0x0000000008003740                TAMP_STAMP_IRQHandler
                0x0000000008003740                PendSV_Handler
                0x0000000008003740                NMI_Handler
                0x0000000008003740                EXTI3_IRQHandler
                0x0000000008003740                I2C3_ER_IRQHandler
                0x0000000008003740                EXTI0_IRQHandler
                0x0000000008003740                I2C2_EV_IRQHandler
                0x0000000008003740                DMA1_Stream2_IRQHandler
                0x0000000008003740                FPU_IRQHandler
                0x0000000008003740                UsageFault_Handler
                0x0000000008003740                DMA2_Stream2_IRQHandler
                0x0000000008003740                SPI1_IRQHandler
                0x0000000008003740                TIM1_BRK_TIM9_IRQHandler
                0x0000000008003740                DMA2_Stream3_IRQHandler
                0x0000000008003740                USART6_IRQHandler
                0x0000000008003740                DMA2_Stream0_IRQHandler
                0x0000000008003740                TIM4_IRQHandler
                0x0000000008003740                I2C1_EV_IRQHandler
                0x0000000008003740                DMA1_Stream1_IRQHandler
                0x0000000008003740                TIM3_IRQHandler
                0x0000000008003740                RCC_IRQHandler
                0x0000000008003740                Default_Handler
                0x0000000008003740                EXTI15_10_IRQHandler
                0x0000000008003740                DMA1_Stream7_IRQHandler
                0x0000000008003740                TIM5_IRQHandler
                0x0000000008003740                DMA2_Stream7_IRQHandler
                0x0000000008003740                I2C3_EV_IRQHandler
                0x0000000008003740                EXTI9_5_IRQHandler
                0x0000000008003740                RTC_WKUP_IRQHandler
                0x0000000008003740                SPI2_IRQHandler
                0x0000000008003740                MemManage_Handler
                0x0000000008003740                DMA1_Stream0_IRQHandler
                0x0000000008003740                SVC_Handler
                0x0000000008003740                EXTI4_IRQHandler
                0x0000000008003740                WWDG_IRQHandler
                0x0000000008003740                OTG_FS_WKUP_IRQHandler
                0x0000000008003740                TIM1_TRG_COM_TIM11_IRQHandler
                0x0000000008003740                EXTI1_IRQHandler
                0x0000000008003740                I2C2_ER_IRQHandler
                0x0000000008003740                DMA2_Stream1_IRQHandler
                0x0000000008003740                FLASH_IRQHandler
                0x0000000008003740                DMA2_Stream4_IRQHandler
                0x0000000008003740                BusFault_Handler
                0x0000000008003740                USART1_IRQHandler
                0x0000000008003740                OTG_FS_IRQHandler
                0x0000000008003740                SPI3_IRQHandler
                0x0000000008003740                DMA1_Stream4_IRQHandler
                0x0000000008003740                I2C1_ER_IRQHandler
                0x0000000008003740                DMA2_Stream6_IRQHandler
                0x0000000008003740                DMA1_Stream3_IRQHandler
 *fill*         0x0000000008003742        0x2 
 .text.__libc_init_array
                0x0000000008003744       0x48 c:/st/stm32cubeide_1.3.0/stm32cubeide/plugins/com.st.stm32cube.ide.mcu.externaltools.gnu-tools-for-stm32.7-2018-q2-update.win32_1.0.0.201904181610/tools/bin/../lib/gcc/arm-none-eabi/7.3.1/../../../../arm-none-eabi/lib/thumb/v7e-m/fpv4-sp/hard\libc_nano.a(lib_a-init.o)
                0x0000000008003744                __libc_init_array
 *(.glue_7)
 .glue_7        0x000000000800378c        0x0 linker stubs
 *(.glue_7t)
 .glue_7t       0x000000000800378c        0x0 linker stubs
 *(.eh_frame)
 .eh_frame      0x000000000800378c        0x0 c:/st/stm32cubeide_1.3.0/stm32cubeide/plugins/com.st.stm32cube.ide.mcu.externaltools.gnu-tools-for-stm32.7-2018-q2-update.win32_1.0.0.201904181610/tools/bin/../lib/gcc/arm-none-eabi/7.3.1/thumb/v7e-m/fpv4-sp/hard/crtbegin.o
 *(.init)
 .init          0x000000000800378c        0x4 c:/st/stm32cubeide_1.3.0/stm32cubeide/plugins/com.st.stm32cube.ide.mcu.externaltools.gnu-tools-for-stm32.7-2018-q2-update.win32_1.0.0.201904181610/tools/bin/../lib/gcc/arm-none-eabi/7.3.1/thumb/v7e-m/fpv4-sp/hard/crti.o
                0x000000000800378c                _init
 .init          0x0000000008003790        0x8 c:/st/stm32cubeide_1.3.0/stm32cubeide/plugins/com.st.stm32cube.ide.mcu.externaltools.gnu-tools-for-stm32.7-2018-q2-update.win32_1.0.0.201904181610/tools/bin/../lib/gcc/arm-none-eabi/7.3.1/thumb/v7e-m/fpv4-sp/hard/crtn.o
 *(.fini)
 .fini          0x0000000008003798        0x4 c:/st/stm32cubeide_1.3.0/stm32cubeide/plugins/com.st.stm32cube.ide.mcu.externaltools.gnu-tools-for-stm32.7-2018-q2-update.win32_1.0.0.201904181610/tools/bin/../lib/gcc/arm-none-eabi/7.3.1/thumb/v7e-m/fpv4-sp/hard/crti.o
                0x0000000008003798                _fini
 .fini          0x000000000800379c        0x8 c:/st/stm32cubeide_1.3.0/stm32cubeide/plugins/com.st.stm32cube.ide.mcu.externaltools.gnu-tools-for-stm32.7-2018-q2-update.win32_1.0.0.201904181610/tools/bin/../lib/gcc/arm-none-eabi/7.3.1/thumb/v7e-m/fpv4-sp/hard/crtn.o
                0x00000000080037a4                . = ALIGN (0x4)
                0x00000000080037a4                _etext = .

.vfp11_veneer   0x00000000080037a4        0x0
 .vfp11_veneer  0x00000000080037a4        0x0 linker stubs

.v4_bx          0x00000000080037a4        0x0
 .v4_bx         0x00000000080037a4        0x0 linker stubs

.iplt           0x00000000080037a4        0x0
 .iplt          0x00000000080037a4        0x0 c:/st/stm32cubeide_1.3.0/stm32cubeide/plugins/com.st.stm32cube.ide.mcu.externaltools.gnu-tools-for-stm32.7-2018-q2-update.win32_1.0.0.201904181610/tools/bin/../lib/gcc/arm-none-eabi/7.3.1/thumb/v7e-m/fpv4-sp/hard/crtbegin.o

.rodata         0x00000000080037a4       0x20
                0x00000000080037a4                . = ALIGN (0x4)
 *(.rodata)
 .rodata        0x00000000080037a4        0x8 LowLevelDrivers/MCULegacy/HAL/Src/stm32f4xx_hal_dma.o
 .rodata        0x00000000080037ac       0x18 LowLevelDrivers/UserDefined/lld_system.o
                0x00000000080037ac                AHBPrescTable
                0x00000000080037bc                APBPrescTable
 *(.rodata*)
                0x00000000080037c4                . = ALIGN (0x4)

.ARM.extab
 *(.ARM.extab* .gnu.linkonce.armextab.*)

.ARM            0x00000000080037c4        0x8
                0x00000000080037c4                __exidx_start = .
 *(.ARM.exidx*)
 .ARM.exidx     0x00000000080037c4        0x8 c:/st/stm32cubeide_1.3.0/stm32cubeide/plugins/com.st.stm32cube.ide.mcu.externaltools.gnu-tools-for-stm32.7-2018-q2-update.win32_1.0.0.201904181610/tools/bin/../lib/gcc/arm-none-eabi/7.3.1/thumb/v7e-m/fpv4-sp/hard\libgcc.a(_udivmoddi4.o)
                0x00000000080037cc                __exidx_end = .

.rel.dyn        0x00000000080037cc        0x0
 .rel.iplt      0x00000000080037cc        0x0 c:/st/stm32cubeide_1.3.0/stm32cubeide/plugins/com.st.stm32cube.ide.mcu.externaltools.gnu-tools-for-stm32.7-2018-q2-update.win32_1.0.0.201904181610/tools/bin/../lib/gcc/arm-none-eabi/7.3.1/thumb/v7e-m/fpv4-sp/hard/crtbegin.o

.preinit_array  0x00000000080037cc        0x0
                0x00000000080037cc                PROVIDE (__preinit_array_start = .)
 *(.preinit_array*)
                0x00000000080037cc                PROVIDE (__preinit_array_end = .)

.init_array     0x00000000080037cc        0x4
                0x00000000080037cc                PROVIDE (__init_array_start = .)
 *(SORT_BY_NAME(.init_array.*))
 *(.init_array*)
 .init_array    0x00000000080037cc        0x4 c:/st/stm32cubeide_1.3.0/stm32cubeide/plugins/com.st.stm32cube.ide.mcu.externaltools.gnu-tools-for-stm32.7-2018-q2-update.win32_1.0.0.201904181610/tools/bin/../lib/gcc/arm-none-eabi/7.3.1/thumb/v7e-m/fpv4-sp/hard/crtbegin.o
                0x00000000080037d0                PROVIDE (__init_array_end = .)

.fini_array     0x00000000080037d0        0x4
                [!provide]                        PROVIDE (__fini_array_start = .)
 *(SORT_BY_NAME(.fini_array.*))
 *(.fini_array*)
 .fini_array    0x00000000080037d0        0x4 c:/st/stm32cubeide_1.3.0/stm32cubeide/plugins/com.st.stm32cube.ide.mcu.externaltools.gnu-tools-for-stm32.7-2018-q2-update.win32_1.0.0.201904181610/tools/bin/../lib/gcc/arm-none-eabi/7.3.1/thumb/v7e-m/fpv4-sp/hard/crtbegin.o
                [!provide]                        PROVIDE (__fini_array_end = .)
                0x00000000080037d4                _sidata = LOADADDR (.data)

.data           0x0000000020000000       0x38 load address 0x00000000080037d4
                0x0000000020000000                . = ALIGN (0x4)
                0x0000000020000000                _sdata = .
 *(.data)
 .data          0x0000000020000000        0x5 LowLevelDrivers/MCULegacy/HAL/Src/stm32f4xx_hal.o
                0x0000000020000000                uwTickPrio
                0x0000000020000004                uwTickFreq
 *fill*         0x0000000020000005        0x3 
 .data          0x0000000020000008        0x4 LowLevelDrivers/UserDefined/lld_system.o
                0x0000000020000008                SystemCoreClock
 .data          0x000000002000000c       0x2c _Main_/task_scheduler.o
                0x000000002000000c                runningTasks
                0x0000000020000010                tasksPeriod
                0x0000000020000014                tasks
 *(.data*)
                0x0000000020000038                . = ALIGN (0x4)
                0x0000000020000038                _edata = .

.igot.plt       0x0000000020000038        0x0 load address 0x000000000800380c
 .igot.plt      0x0000000020000038        0x0 c:/st/stm32cubeide_1.3.0/stm32cubeide/plugins/com.st.stm32cube.ide.mcu.externaltools.gnu-tools-for-stm32.7-2018-q2-update.win32_1.0.0.201904181610/tools/bin/../lib/gcc/arm-none-eabi/7.3.1/thumb/v7e-m/fpv4-sp/hard/crtbegin.o
                0x0000000020000038                . = ALIGN (0x4)

.bss            0x0000000020000038     0x4144 load address 0x000000000800380c
                0x0000000020000038                _sbss = .
                0x0000000020000038                __bss_start__ = _sbss
 *(.bss)
 .bss           0x0000000020000038       0x1c c:/st/stm32cubeide_1.3.0/stm32cubeide/plugins/com.st.stm32cube.ide.mcu.externaltools.gnu-tools-for-stm32.7-2018-q2-update.win32_1.0.0.201904181610/tools/bin/../lib/gcc/arm-none-eabi/7.3.1/thumb/v7e-m/fpv4-sp/hard/crtbegin.o
 .bss           0x0000000020000054        0x1 _Main_/task_scheduler.o
                0x0000000020000054                currentTask
 *(.bss*)
 *(COMMON)
 *fill*         0x0000000020000055        0x3 
 COMMON         0x0000000020000058     0x4100 Communication/AqPlot/tess_data_acq_output.o
                0x0000000020000058                ring_buff_cnt
                0x000000002000005c                dma_isr_cnt
                0x0000000020000060                TESS_RING_BUFFER_DATA
                0x0000000020000070                dma_isr
                0x0000000020000074                hdma_usart2_tx
                0x00000000200000d4                TESS_RING_BUFFER
                0x00000000200040e0                huart2
                0x0000000020004120                TESS_TO_RING_BUFFER
                0x0000000020004130                TESS_LOOP_CNT
                0x0000000020004134                PORT__TessDasStates
                0x0000000020004138                TESS_DMA_BUFFER
                0x0000000020004148                TESS_DATA_ACQ_BUFFER
 COMMON         0x0000000020004158        0x4 LowLevelDrivers/MCULegacy/HAL/Src/stm32f4xx_hal.o
                0x0000000020004158                uwTick
 COMMON         0x000000002000415c       0x1c LowLevelDrivers/UserDefined/lld_adc.o
                0x000000002000415c                PORT__AdcVb
                0x000000002000415e                PORT__AdcVa
                0x0000000020004160                PORT__AdcDcLink
                0x0000000020004162                PORT__AdcVc
                0x0000000020004164                PORT__AdcIa
                0x0000000020004166                PORT__AdcIb
                0x0000000020004168                ADC_TO_DMA_BUFFER
                0x0000000020004176                PORT__AdcIc
 COMMON         0x0000000020004178        0x4 _Main_/main.o
                0x0000000020004178                MAIN_CLOCK
                0x000000002000417c                . = ALIGN (0x4)
                0x000000002000417c                _ebss = .
                0x000000002000417c                __bss_end__ = _ebss

._user_heap_stack
                0x000000002000417c      0x604 load address 0x000000000800380c
                0x0000000020004180                . = ALIGN (0x8)
 *fill*         0x000000002000417c        0x4 
                [!provide]                        PROVIDE (end = .)
                [!provide]                        PROVIDE (_end = .)
                0x0000000020004380                . = (. + _Min_Heap_Size)
 *fill*         0x0000000020004180      0x200 
                0x0000000020004780                . = (. + _Min_Stack_Size)
 *fill*         0x0000000020004380      0x400 
                0x0000000020004780                . = ALIGN (0x8)

/DISCARD/
 libc.a(*)
 libm.a(*)
 libgcc.a(*)

.ARM.attributes
                0x0000000000000000       0x30
 *(.ARM.attributes)
 .ARM.attributes
                0x0000000000000000       0x22 c:/st/stm32cubeide_1.3.0/stm32cubeide/plugins/com.st.stm32cube.ide.mcu.externaltools.gnu-tools-for-stm32.7-2018-q2-update.win32_1.0.0.201904181610/tools/bin/../lib/gcc/arm-none-eabi/7.3.1/thumb/v7e-m/fpv4-sp/hard/crti.o
 .ARM.attributes
                0x0000000000000022       0x34 c:/st/stm32cubeide_1.3.0/stm32cubeide/plugins/com.st.stm32cube.ide.mcu.externaltools.gnu-tools-for-stm32.7-2018-q2-update.win32_1.0.0.201904181610/tools/bin/../lib/gcc/arm-none-eabi/7.3.1/thumb/v7e-m/fpv4-sp/hard/crtbegin.o
 .ARM.attributes
                0x0000000000000056       0x39 Communication/AqPlot/tess_data_acq_output.o
 .ARM.attributes
                0x000000000000008f       0x39 Communication/AqPlot/tess_ring_buffer.o
 .ARM.attributes
                0x00000000000000c8       0x39 LowLevelDrivers/MCULegacy/HAL/Src/stm32f4xx_hal.o
 .ARM.attributes
                0x0000000000000101       0x39 LowLevelDrivers/MCULegacy/HAL/Src/stm32f4xx_hal_cortex.o
 .ARM.attributes
                0x000000000000013a       0x39 LowLevelDrivers/MCULegacy/HAL/Src/stm32f4xx_hal_dma.o
 .ARM.attributes
                0x0000000000000173       0x39 LowLevelDrivers/MCULegacy/HAL/Src/stm32f4xx_hal_gpio.o
 .ARM.attributes
                0x00000000000001ac       0x39 LowLevelDrivers/MCULegacy/HAL/Src/stm32f4xx_hal_rcc.o
 .ARM.attributes
                0x00000000000001e5       0x39 LowLevelDrivers/MCULegacy/HAL/Src/stm32f4xx_hal_rcc_ex.o
 .ARM.attributes
                0x000000000000021e       0x39 LowLevelDrivers/MCULegacy/HAL/Src/stm32f4xx_hal_uart.o
 .ARM.attributes
                0x0000000000000257       0x39 LowLevelDrivers/UserDefined/lld_adc.o
 .ARM.attributes
                0x0000000000000290       0x39 LowLevelDrivers/UserDefined/lld_system.o
 .ARM.attributes
                0x00000000000002c9       0x39 LowLevelDrivers/UserDefined/lld_timers.o
 .ARM.attributes
                0x0000000000000302       0x39 LowLevelDrivers/UserDefined/lld_usart.o
 .ARM.attributes
                0x000000000000033b       0x39 _Main_/isr.o
 .ARM.attributes
                0x0000000000000374       0x39 _Main_/main.o
 .ARM.attributes
                0x00000000000003ad       0x39 _Main_/main_init.o
 .ARM.attributes
                0x00000000000003e6       0x39 _Main_/task_scheduler.o
 .ARM.attributes
                0x000000000000041f       0x39 _Main_/tasks.o
 .ARM.attributes
                0x0000000000000458       0x21 startup/startup_stm32f401xe.o
 .ARM.attributes
                0x0000000000000479       0x34 c:/st/stm32cubeide_1.3.0/stm32cubeide/plugins/com.st.stm32cube.ide.mcu.externaltools.gnu-tools-for-stm32.7-2018-q2-update.win32_1.0.0.201904181610/tools/bin/../lib/gcc/arm-none-eabi/7.3.1/../../../../arm-none-eabi/lib/thumb/v7e-m/fpv4-sp/hard\libc_nano.a(lib_a-init.o)
 .ARM.attributes
                0x00000000000004ad       0x22 c:/st/stm32cubeide_1.3.0/stm32cubeide/plugins/com.st.stm32cube.ide.mcu.externaltools.gnu-tools-for-stm32.7-2018-q2-update.win32_1.0.0.201904181610/tools/bin/../lib/gcc/arm-none-eabi/7.3.1/thumb/v7e-m/fpv4-sp/hard\libgcc.a(_aeabi_uldivmod.o)
 .ARM.attributes
                0x00000000000004cf       0x34 c:/st/stm32cubeide_1.3.0/stm32cubeide/plugins/com.st.stm32cube.ide.mcu.externaltools.gnu-tools-for-stm32.7-2018-q2-update.win32_1.0.0.201904181610/tools/bin/../lib/gcc/arm-none-eabi/7.3.1/thumb/v7e-m/fpv4-sp/hard\libgcc.a(_udivmoddi4.o)
 .ARM.attributes
                0x0000000000000503       0x22 c:/st/stm32cubeide_1.3.0/stm32cubeide/plugins/com.st.stm32cube.ide.mcu.externaltools.gnu-tools-for-stm32.7-2018-q2-update.win32_1.0.0.201904181610/tools/bin/../lib/gcc/arm-none-eabi/7.3.1/thumb/v7e-m/fpv4-sp/hard\libgcc.a(_dvmd_tls.o)
 .ARM.attributes
                0x0000000000000525       0x22 c:/st/stm32cubeide_1.3.0/stm32cubeide/plugins/com.st.stm32cube.ide.mcu.externaltools.gnu-tools-for-stm32.7-2018-q2-update.win32_1.0.0.201904181610/tools/bin/../lib/gcc/arm-none-eabi/7.3.1/thumb/v7e-m/fpv4-sp/hard/crtn.o
OUTPUT(TESS.elf elf32-littlearm)

.debug_info     0x0000000000000000    0x1348d
 .debug_info    0x0000000000000000     0x106a Communication/AqPlot/tess_data_acq_output.o
 .debug_info    0x000000000000106a      0xc5b Communication/AqPlot/tess_ring_buffer.o
 .debug_info    0x0000000000001cc5     0x10ad LowLevelDrivers/MCULegacy/HAL/Src/stm32f4xx_hal.o
 .debug_info    0x0000000000002d72     0x154b LowLevelDrivers/MCULegacy/HAL/Src/stm32f4xx_hal_cortex.o
 .debug_info    0x00000000000042bd     0x111e LowLevelDrivers/MCULegacy/HAL/Src/stm32f4xx_hal_dma.o
 .debug_info    0x00000000000053db      0xf9d LowLevelDrivers/MCULegacy/HAL/Src/stm32f4xx_hal_gpio.o
 .debug_info    0x0000000000006378     0x10e0 LowLevelDrivers/MCULegacy/HAL/Src/stm32f4xx_hal_rcc.o
 .debug_info    0x0000000000007458      0xda5 LowLevelDrivers/MCULegacy/HAL/Src/stm32f4xx_hal_rcc_ex.o
 .debug_info    0x00000000000081fd     0x19d7 LowLevelDrivers/MCULegacy/HAL/Src/stm32f4xx_hal_uart.o
 .debug_info    0x0000000000009bd4     0x1107 LowLevelDrivers/UserDefined/lld_adc.o
 .debug_info    0x000000000000acdb      0xee6 LowLevelDrivers/UserDefined/lld_system.o
 .debug_info    0x000000000000bbc1      0xd97 LowLevelDrivers/UserDefined/lld_timers.o
 .debug_info    0x000000000000c958     0x14f1 LowLevelDrivers/UserDefined/lld_usart.o
 .debug_info    0x000000000000de49     0x12b0 _Main_/isr.o
 .debug_info    0x000000000000f0f9     0x10ad _Main_/main.o
 .debug_info    0x00000000000101a6     0x1098 _Main_/main_init.o
 .debug_info    0x000000000001123e     0x1173 _Main_/task_scheduler.o
 .debug_info    0x00000000000123b1     0x10ba _Main_/tasks.o
 .debug_info    0x000000000001346b       0x22 startup/startup_stm32f401xe.o

.debug_abbrev   0x0000000000000000     0x28f7
 .debug_abbrev  0x0000000000000000      0x228 Communication/AqPlot/tess_data_acq_output.o
 .debug_abbrev  0x0000000000000228      0x253 Communication/AqPlot/tess_ring_buffer.o
 .debug_abbrev  0x000000000000047b      0x285 LowLevelDrivers/MCULegacy/HAL/Src/stm32f4xx_hal.o
 .debug_abbrev  0x0000000000000700      0x376 LowLevelDrivers/MCULegacy/HAL/Src/stm32f4xx_hal_cortex.o
 .debug_abbrev  0x0000000000000a76      0x27e LowLevelDrivers/MCULegacy/HAL/Src/stm32f4xx_hal_dma.o
 .debug_abbrev  0x0000000000000cf4      0x251 LowLevelDrivers/MCULegacy/HAL/Src/stm32f4xx_hal_gpio.o
 .debug_abbrev  0x0000000000000f45      0x2cd LowLevelDrivers/MCULegacy/HAL/Src/stm32f4xx_hal_rcc.o
 .debug_abbrev  0x0000000000001212      0x226 LowLevelDrivers/MCULegacy/HAL/Src/stm32f4xx_hal_rcc_ex.o
 .debug_abbrev  0x0000000000001438      0x2c2 LowLevelDrivers/MCULegacy/HAL/Src/stm32f4xx_hal_uart.o
 .debug_abbrev  0x00000000000016fa      0x227 LowLevelDrivers/UserDefined/lld_adc.o
 .debug_abbrev  0x0000000000001921      0x1f9 LowLevelDrivers/UserDefined/lld_system.o
 .debug_abbrev  0x0000000000001b1a      0x1b6 LowLevelDrivers/UserDefined/lld_timers.o
 .debug_abbrev  0x0000000000001cd0      0x249 LowLevelDrivers/UserDefined/lld_usart.o
 .debug_abbrev  0x0000000000001f19      0x233 _Main_/isr.o
 .debug_abbrev  0x000000000000214c      0x1de _Main_/main.o
 .debug_abbrev  0x000000000000232a      0x1dc _Main_/main_init.o
 .debug_abbrev  0x0000000000002506      0x1eb _Main_/task_scheduler.o
 .debug_abbrev  0x00000000000026f1      0x1f4 _Main_/tasks.o
 .debug_abbrev  0x00000000000028e5       0x12 startup/startup_stm32f401xe.o

.debug_aranges  0x0000000000000000      0x7d8
 .debug_aranges
                0x0000000000000000       0x40 Communication/AqPlot/tess_data_acq_output.o
 .debug_aranges
                0x0000000000000040       0x50 Communication/AqPlot/tess_ring_buffer.o
 .debug_aranges
                0x0000000000000090       0xe0 LowLevelDrivers/MCULegacy/HAL/Src/stm32f4xx_hal.o
 .debug_aranges
                0x0000000000000170      0x118 LowLevelDrivers/MCULegacy/HAL/Src/stm32f4xx_hal_cortex.o
 .debug_aranges
                0x0000000000000288       0x90 LowLevelDrivers/MCULegacy/HAL/Src/stm32f4xx_hal_dma.o
 .debug_aranges
                0x0000000000000318       0x58 LowLevelDrivers/MCULegacy/HAL/Src/stm32f4xx_hal_gpio.o
 .debug_aranges
                0x0000000000000370       0x88 LowLevelDrivers/MCULegacy/HAL/Src/stm32f4xx_hal_rcc.o
 .debug_aranges
                0x00000000000003f8       0x48 LowLevelDrivers/MCULegacy/HAL/Src/stm32f4xx_hal_rcc_ex.o
 .debug_aranges
                0x0000000000000440      0x1d0 LowLevelDrivers/MCULegacy/HAL/Src/stm32f4xx_hal_uart.o
 .debug_aranges
                0x0000000000000610       0x38 LowLevelDrivers/UserDefined/lld_adc.o
 .debug_aranges
                0x0000000000000648       0x30 LowLevelDrivers/UserDefined/lld_system.o
 .debug_aranges
                0x0000000000000678       0x28 LowLevelDrivers/UserDefined/lld_timers.o
 .debug_aranges
                0x00000000000006a0       0x38 LowLevelDrivers/UserDefined/lld_usart.o
 .debug_aranges
                0x00000000000006d8       0x48 _Main_/isr.o
 .debug_aranges
                0x0000000000000720       0x20 _Main_/main.o
 .debug_aranges
                0x0000000000000740       0x20 _Main_/main_init.o
 .debug_aranges
                0x0000000000000760       0x20 _Main_/task_scheduler.o
 .debug_aranges
                0x0000000000000780       0x30 _Main_/tasks.o
 .debug_aranges
                0x00000000000007b0       0x28 startup/startup_stm32f401xe.o

.debug_ranges   0x0000000000000000      0x6b0
 .debug_ranges  0x0000000000000000       0x30 Communication/AqPlot/tess_data_acq_output.o
 .debug_ranges  0x0000000000000030       0x40 Communication/AqPlot/tess_ring_buffer.o
 .debug_ranges  0x0000000000000070       0xd0 LowLevelDrivers/MCULegacy/HAL/Src/stm32f4xx_hal.o
 .debug_ranges  0x0000000000000140      0x108 LowLevelDrivers/MCULegacy/HAL/Src/stm32f4xx_hal_cortex.o
 .debug_ranges  0x0000000000000248       0x80 LowLevelDrivers/MCULegacy/HAL/Src/stm32f4xx_hal_dma.o
 .debug_ranges  0x00000000000002c8       0x48 LowLevelDrivers/MCULegacy/HAL/Src/stm32f4xx_hal_gpio.o
 .debug_ranges  0x0000000000000310       0x78 LowLevelDrivers/MCULegacy/HAL/Src/stm32f4xx_hal_rcc.o
 .debug_ranges  0x0000000000000388       0x38 LowLevelDrivers/MCULegacy/HAL/Src/stm32f4xx_hal_rcc_ex.o
 .debug_ranges  0x00000000000003c0      0x1c0 LowLevelDrivers/MCULegacy/HAL/Src/stm32f4xx_hal_uart.o
 .debug_ranges  0x0000000000000580       0x28 LowLevelDrivers/UserDefined/lld_adc.o
 .debug_ranges  0x00000000000005a8       0x20 LowLevelDrivers/UserDefined/lld_system.o
 .debug_ranges  0x00000000000005c8       0x18 LowLevelDrivers/UserDefined/lld_timers.o
 .debug_ranges  0x00000000000005e0       0x28 LowLevelDrivers/UserDefined/lld_usart.o
 .debug_ranges  0x0000000000000608       0x38 _Main_/isr.o
 .debug_ranges  0x0000000000000640       0x10 _Main_/main.o
 .debug_ranges  0x0000000000000650       0x10 _Main_/main_init.o
 .debug_ranges  0x0000000000000660       0x10 _Main_/task_scheduler.o
 .debug_ranges  0x0000000000000670       0x20 _Main_/tasks.o
 .debug_ranges  0x0000000000000690       0x20 startup/startup_stm32f401xe.o

.debug_macro    0x0000000000000000    0x18cc7
 .debug_macro   0x0000000000000000      0x38a Communication/AqPlot/tess_data_acq_output.o
 .debug_macro   0x000000000000038a      0xa72 Communication/AqPlot/tess_data_acq_output.o
 .debug_macro   0x0000000000000dfc       0x22 Communication/AqPlot/tess_data_acq_output.o
 .debug_macro   0x0000000000000e1e       0x8e Communication/AqPlot/tess_data_acq_output.o
 .debug_macro   0x0000000000000eac       0x51 Communication/AqPlot/tess_data_acq_output.o
 .debug_macro   0x0000000000000efd       0xef Communication/AqPlot/tess_data_acq_output.o
 .debug_macro   0x0000000000000fec       0x6a Communication/AqPlot/tess_data_acq_output.o
 .debug_macro   0x0000000000001056      0x1df Communication/AqPlot/tess_data_acq_output.o
 .debug_macro   0x0000000000001235       0x1c Communication/AqPlot/tess_data_acq_output.o
 .debug_macro   0x0000000000001251       0x2c Communication/AqPlot/tess_data_acq_output.o
 .debug_macro   0x000000000000127d       0x28 Communication/AqPlot/tess_data_acq_output.o
 .debug_macro   0x00000000000012a5       0x3b Communication/AqPlot/tess_data_acq_output.o
 .debug_macro   0x00000000000012e0       0x50 Communication/AqPlot/tess_data_acq_output.o
 .debug_macro   0x0000000000001330      0xe66 Communication/AqPlot/tess_data_acq_output.o
 .debug_macro   0x0000000000002196     0xb71c Communication/AqPlot/tess_data_acq_output.o
 .debug_macro   0x000000000000d8b2       0x43 Communication/AqPlot/tess_data_acq_output.o
 .debug_macro   0x000000000000d8f5       0xa9 Communication/AqPlot/tess_data_acq_output.o
 .debug_macro   0x000000000000d99e     0x3535 Communication/AqPlot/tess_data_acq_output.o
 .debug_macro   0x0000000000010ed3       0x46 Communication/AqPlot/tess_data_acq_output.o
 .debug_macro   0x0000000000010f19       0x18 Communication/AqPlot/tess_data_acq_output.o
 .debug_macro   0x0000000000010f31       0x3c Communication/AqPlot/tess_data_acq_output.o
 .debug_macro   0x0000000000010f6d       0x34 Communication/AqPlot/tess_data_acq_output.o
 .debug_macro   0x0000000000010fa1       0x16 Communication/AqPlot/tess_data_acq_output.o
 .debug_macro   0x0000000000010fb7       0x97 Communication/AqPlot/tess_data_acq_output.o
 .debug_macro   0x000000000001104e      0x330 Communication/AqPlot/tess_data_acq_output.o
 .debug_macro   0x000000000001137e       0xfd Communication/AqPlot/tess_data_acq_output.o
 .debug_macro   0x000000000001147b       0x10 Communication/AqPlot/tess_data_acq_output.o
 .debug_macro   0x000000000001148b       0x52 Communication/AqPlot/tess_data_acq_output.o
 .debug_macro   0x00000000000114dd       0x1f Communication/AqPlot/tess_data_acq_output.o
 .debug_macro   0x00000000000114fc       0x43 Communication/AqPlot/tess_data_acq_output.o
 .debug_macro   0x000000000001153f       0x20 Communication/AqPlot/tess_data_acq_output.o
 .debug_macro   0x000000000001155f      0x1a3 Communication/AqPlot/tess_data_acq_output.o
 .debug_macro   0x0000000000011702       0x10 Communication/AqPlot/tess_data_acq_output.o
 .debug_macro   0x0000000000011712       0x1c Communication/AqPlot/tess_data_acq_output.o
 .debug_macro   0x000000000001172e       0x52 Communication/AqPlot/tess_data_acq_output.o
 .debug_macro   0x0000000000011780       0x40 Communication/AqPlot/tess_data_acq_output.o
 .debug_macro   0x00000000000117c0       0x10 Communication/AqPlot/tess_data_acq_output.o
 .debug_macro   0x00000000000117d0       0x40 Communication/AqPlot/tess_data_acq_output.o
 .debug_macro   0x0000000000011810       0xd7 Communication/AqPlot/tess_data_acq_output.o
 .debug_macro   0x00000000000118e7       0x1c Communication/AqPlot/tess_data_acq_output.o
 .debug_macro   0x0000000000011903       0x3d Communication/AqPlot/tess_data_acq_output.o
 .debug_macro   0x0000000000011940       0x16 Communication/AqPlot/tess_data_acq_output.o
 .debug_macro   0x0000000000011956      0x145 Communication/AqPlot/tess_data_acq_output.o
 .debug_macro   0x0000000000011a9b       0x57 Communication/AqPlot/tess_data_acq_output.o
 .debug_macro   0x0000000000011af2      0x416 Communication/AqPlot/tess_data_acq_output.o
 .debug_macro   0x0000000000011f08      0xa02 Communication/AqPlot/tess_data_acq_output.o
 .debug_macro   0x000000000001290a      0x11e Communication/AqPlot/tess_data_acq_output.o
 .debug_macro   0x0000000000012a28       0xf8 Communication/AqPlot/tess_data_acq_output.o
 .debug_macro   0x0000000000012b20       0x27 Communication/AqPlot/tess_data_acq_output.o
 .debug_macro   0x0000000000012b47      0x287 Communication/AqPlot/tess_data_acq_output.o
 .debug_macro   0x0000000000012dce       0x5f Communication/AqPlot/tess_data_acq_output.o
 .debug_macro   0x0000000000012e2d      0x23a Communication/AqPlot/tess_data_acq_output.o
 .debug_macro   0x0000000000013067      0x391 Communication/AqPlot/tess_data_acq_output.o
 .debug_macro   0x00000000000133f8      0x176 Communication/AqPlot/tess_data_acq_output.o
 .debug_macro   0x000000000001356e       0xf9 Communication/AqPlot/tess_data_acq_output.o
 .debug_macro   0x0000000000013667      0x13a Communication/AqPlot/tess_data_acq_output.o
 .debug_macro   0x00000000000137a1      0x264 Communication/AqPlot/tess_data_acq_output.o
 .debug_macro   0x0000000000013a05       0x2e Communication/AqPlot/tess_data_acq_output.o
 .debug_macro   0x0000000000013a33      0x11e Communication/AqPlot/tess_data_acq_output.o
 .debug_macro   0x0000000000013b51       0x85 Communication/AqPlot/tess_data_acq_output.o
 .debug_macro   0x0000000000013bd6       0x89 Communication/AqPlot/tess_data_acq_output.o
 .debug_macro   0x0000000000013c5f      0x6e0 Communication/AqPlot/tess_data_acq_output.o
 .debug_macro   0x000000000001433f       0x59 Communication/AqPlot/tess_data_acq_output.o
 .debug_macro   0x0000000000014398      0x14d Communication/AqPlot/tess_data_acq_output.o
 .debug_macro   0x00000000000144e5      0x287 Communication/AqPlot/tess_data_acq_output.o
 .debug_macro   0x000000000001476c      0x225 Communication/AqPlot/tess_data_acq_output.o
 .debug_macro   0x0000000000014991      0x12d Communication/AqPlot/tess_data_acq_output.o
 .debug_macro   0x0000000000014abe       0x28 Communication/AqPlot/tess_data_acq_output.o
 .debug_macro   0x0000000000014ae6       0x6a Communication/AqPlot/tess_data_acq_output.o
 .debug_macro   0x0000000000014b50       0x34 Communication/AqPlot/tess_data_acq_output.o
 .debug_macro   0x0000000000014b84      0x356 Communication/AqPlot/tess_ring_buffer.o
 .debug_macro   0x0000000000014eda      0x39e LowLevelDrivers/MCULegacy/HAL/Src/stm32f4xx_hal.o
 .debug_macro   0x0000000000015278      0x33e LowLevelDrivers/MCULegacy/HAL/Src/stm32f4xx_hal_cortex.o
 .debug_macro   0x00000000000155b6      0x345 LowLevelDrivers/MCULegacy/HAL/Src/stm32f4xx_hal_dma.o
 .debug_macro   0x00000000000158fb      0x376 LowLevelDrivers/MCULegacy/HAL/Src/stm32f4xx_hal_gpio.o
 .debug_macro   0x0000000000015c71      0x362 LowLevelDrivers/MCULegacy/HAL/Src/stm32f4xx_hal_rcc.o
 .debug_macro   0x0000000000015fd3      0x33e LowLevelDrivers/MCULegacy/HAL/Src/stm32f4xx_hal_rcc_ex.o
 .debug_macro   0x0000000000016311      0x33f LowLevelDrivers/MCULegacy/HAL/Src/stm32f4xx_hal_uart.o
 .debug_macro   0x0000000000016650      0x356 LowLevelDrivers/UserDefined/lld_adc.o
 .debug_macro   0x00000000000169a6       0x22 LowLevelDrivers/UserDefined/lld_adc.o
 .debug_macro   0x00000000000169c8      0x118 LowLevelDrivers/UserDefined/lld_adc.o
 .debug_macro   0x0000000000016ae0      0x34e LowLevelDrivers/UserDefined/lld_system.o
 .debug_macro   0x0000000000016e2e      0x365 LowLevelDrivers/UserDefined/lld_timers.o
 .debug_macro   0x0000000000017193      0x384 LowLevelDrivers/UserDefined/lld_usart.o
 .debug_macro   0x0000000000017517       0x2e LowLevelDrivers/UserDefined/lld_usart.o
 .debug_macro   0x0000000000017545      0x428 _Main_/isr.o
 .debug_macro   0x000000000001796d       0x2e _Main_/isr.o
 .debug_macro   0x000000000001799b       0x10 _Main_/isr.o
 .debug_macro   0x00000000000179ab      0x41e _Main_/main.o
 .debug_macro   0x0000000000017dc9      0x11e _Main_/main.o
 .debug_macro   0x0000000000017ee7      0x1e4 _Main_/main.o
 .debug_macro   0x00000000000180cb      0x3fe _Main_/main_init.o
 .debug_macro   0x00000000000184c9      0x403 _Main_/task_scheduler.o
 .debug_macro   0x00000000000188cc      0x3fb _Main_/tasks.o

.debug_line     0x0000000000000000     0xd395
 .debug_line    0x0000000000000000      0xb15 Communication/AqPlot/tess_data_acq_output.o
 .debug_line    0x0000000000000b15      0xaa8 Communication/AqPlot/tess_ring_buffer.o
 .debug_line    0x00000000000015bd      0xb3d LowLevelDrivers/MCULegacy/HAL/Src/stm32f4xx_hal.o
 .debug_line    0x00000000000020fa      0xc78 LowLevelDrivers/MCULegacy/HAL/Src/stm32f4xx_hal_cortex.o
 .debug_line    0x0000000000002d72      0xc2b LowLevelDrivers/MCULegacy/HAL/Src/stm32f4xx_hal_dma.o
 .debug_line    0x000000000000399d      0xb02 LowLevelDrivers/MCULegacy/HAL/Src/stm32f4xx_hal_gpio.o
 .debug_line    0x000000000000449f      0xba6 LowLevelDrivers/MCULegacy/HAL/Src/stm32f4xx_hal_rcc.o
 .debug_line    0x0000000000005045      0xa85 LowLevelDrivers/MCULegacy/HAL/Src/stm32f4xx_hal_rcc_ex.o
 .debug_line    0x0000000000005aca     0x1241 LowLevelDrivers/MCULegacy/HAL/Src/stm32f4xx_hal_uart.o
 .debug_line    0x0000000000006d0b      0xa25 LowLevelDrivers/UserDefined/lld_adc.o
 .debug_line    0x0000000000007730      0x9cc LowLevelDrivers/UserDefined/lld_system.o
 .debug_line    0x00000000000080fc      0x9df LowLevelDrivers/UserDefined/lld_timers.o
 .debug_line    0x0000000000008adb      0xad2 LowLevelDrivers/UserDefined/lld_usart.o
 .debug_line    0x00000000000095ad      0xcb5 _Main_/isr.o
 .debug_line    0x000000000000a262      0xc40 _Main_/main.o
 .debug_line    0x000000000000aea2      0xbfb _Main_/main_init.o
 .debug_line    0x000000000000ba9d      0xc57 _Main_/task_scheduler.o
 .debug_line    0x000000000000c6f4      0xc22 _Main_/tasks.o
 .debug_line    0x000000000000d316       0x7f startup/startup_stm32f401xe.o

.debug_str      0x0000000000000000    0x8eb1b
 .debug_str     0x0000000000000000    0x896e7 Communication/AqPlot/tess_data_acq_output.o
                                      0x89a25 (size before relaxing)
 .debug_str     0x00000000000896e7       0xe8 Communication/AqPlot/tess_ring_buffer.o
                                      0x890da (size before relaxing)
 .debug_str     0x00000000000897cf      0xaa3 LowLevelDrivers/MCULegacy/HAL/Src/stm32f4xx_hal.o
                                      0x8992b (size before relaxing)
 .debug_str     0x000000000008a272      0x3f4 LowLevelDrivers/MCULegacy/HAL/Src/stm32f4xx_hal_cortex.o
                                      0x896a0 (size before relaxing)
 .debug_str     0x000000000008a666      0x323 LowLevelDrivers/MCULegacy/HAL/Src/stm32f4xx_hal_dma.o
                                      0x8936b (size before relaxing)
 .debug_str     0x000000000008a989      0x288 LowLevelDrivers/MCULegacy/HAL/Src/stm32f4xx_hal_gpio.o
                                      0x891a7 (size before relaxing)
 .debug_str     0x000000000008ac11      0x385 LowLevelDrivers/MCULegacy/HAL/Src/stm32f4xx_hal_rcc.o
                                      0x8934a (size before relaxing)
 .debug_str     0x000000000008af96      0x18b LowLevelDrivers/MCULegacy/HAL/Src/stm32f4xx_hal_rcc_ex.o
                                      0x890ae (size before relaxing)
 .debug_str     0x000000000008b121      0x548 LowLevelDrivers/MCULegacy/HAL/Src/stm32f4xx_hal_uart.o
                                      0x89774 (size before relaxing)
 .debug_str     0x000000000008b669      0x6b0 LowLevelDrivers/UserDefined/lld_adc.o
                                      0x899fd (size before relaxing)
 .debug_str     0x000000000008bd19       0x9e LowLevelDrivers/UserDefined/lld_system.o
                                      0x890a3 (size before relaxing)
 .debug_str     0x000000000008bdb7       0xb0 LowLevelDrivers/UserDefined/lld_timers.o
                                      0x89066 (size before relaxing)
 .debug_str     0x000000000008be67       0x55 LowLevelDrivers/UserDefined/lld_usart.o
                                      0x89f12 (size before relaxing)
 .debug_str     0x000000000008bebc     0x2b14 _Main_/isr.o
                                      0x8cb26 (size before relaxing)
 .debug_str     0x000000000008e9d0       0x37 _Main_/main.o
                                      0x8ca26 (size before relaxing)
 .debug_str     0x000000000008ea07       0x20 _Main_/main_init.o
                                      0x8c80c (size before relaxing)
 .debug_str     0x000000000008ea27       0x92 _Main_/task_scheduler.o
                                      0x8ca38 (size before relaxing)
 .debug_str     0x000000000008eab9       0x33 _Main_/tasks.o
                                      0x8c9cc (size before relaxing)
 .debug_str     0x000000000008eaec       0x2f startup/startup_stm32f401xe.o
                                         0x5a (size before relaxing)

.comment        0x0000000000000000       0x7b
 .comment       0x0000000000000000       0x7b Communication/AqPlot/tess_data_acq_output.o
                                         0x7c (size before relaxing)
 .comment       0x000000000000007b       0x7c Communication/AqPlot/tess_ring_buffer.o
 .comment       0x000000000000007b       0x7c LowLevelDrivers/MCULegacy/HAL/Src/stm32f4xx_hal.o
 .comment       0x000000000000007b       0x7c LowLevelDrivers/MCULegacy/HAL/Src/stm32f4xx_hal_cortex.o
 .comment       0x000000000000007b       0x7c LowLevelDrivers/MCULegacy/HAL/Src/stm32f4xx_hal_dma.o
 .comment       0x000000000000007b       0x7c LowLevelDrivers/MCULegacy/HAL/Src/stm32f4xx_hal_gpio.o
 .comment       0x000000000000007b       0x7c LowLevelDrivers/MCULegacy/HAL/Src/stm32f4xx_hal_rcc.o
 .comment       0x000000000000007b       0x7c LowLevelDrivers/MCULegacy/HAL/Src/stm32f4xx_hal_rcc_ex.o
 .comment       0x000000000000007b       0x7c LowLevelDrivers/MCULegacy/HAL/Src/stm32f4xx_hal_uart.o
 .comment       0x000000000000007b       0x7c LowLevelDrivers/UserDefined/lld_adc.o
 .comment       0x000000000000007b       0x7c LowLevelDrivers/UserDefined/lld_system.o
 .comment       0x000000000000007b       0x7c LowLevelDrivers/UserDefined/lld_timers.o
 .comment       0x000000000000007b       0x7c LowLevelDrivers/UserDefined/lld_usart.o
 .comment       0x000000000000007b       0x7c _Main_/isr.o
 .comment       0x000000000000007b       0x7c _Main_/main.o
 .comment       0x000000000000007b       0x7c _Main_/main_init.o
 .comment       0x000000000000007b       0x7c _Main_/task_scheduler.o
 .comment       0x000000000000007b       0x7c _Main_/tasks.o

.debug_frame    0x0000000000000000     0x1cf0
 .debug_frame   0x0000000000000000       0xd0 Communication/AqPlot/tess_data_acq_output.o
 .debug_frame   0x00000000000000d0      0x130 Communication/AqPlot/tess_ring_buffer.o
 .debug_frame   0x0000000000000200      0x33c LowLevelDrivers/MCULegacy/HAL/Src/stm32f4xx_hal.o
 .debug_frame   0x000000000000053c      0x498 LowLevelDrivers/MCULegacy/HAL/Src/stm32f4xx_hal_cortex.o
 .debug_frame   0x00000000000009d4      0x250 LowLevelDrivers/MCULegacy/HAL/Src/stm32f4xx_hal_dma.o
 .debug_frame   0x0000000000000c24      0x14c LowLevelDrivers/MCULegacy/HAL/Src/stm32f4xx_hal_gpio.o
 .debug_frame   0x0000000000000d70      0x1f0 LowLevelDrivers/MCULegacy/HAL/Src/stm32f4xx_hal_rcc.o
 .debug_frame   0x0000000000000f60       0xf0 LowLevelDrivers/MCULegacy/HAL/Src/stm32f4xx_hal_rcc_ex.o
 .debug_frame   0x0000000000001050      0x83c LowLevelDrivers/MCULegacy/HAL/Src/stm32f4xx_hal_uart.o
 .debug_frame   0x000000000000188c       0xa8 LowLevelDrivers/UserDefined/lld_adc.o
 .debug_frame   0x0000000000001934       0x7c LowLevelDrivers/UserDefined/lld_system.o
 .debug_frame   0x00000000000019b0       0x5c LowLevelDrivers/UserDefined/lld_timers.o
 .debug_frame   0x0000000000001a0c       0x98 LowLevelDrivers/UserDefined/lld_usart.o
 .debug_frame   0x0000000000001aa4       0xc8 _Main_/isr.o
 .debug_frame   0x0000000000001b6c       0x2c _Main_/main.o
 .debug_frame   0x0000000000001b98       0x2c _Main_/main_init.o
 .debug_frame   0x0000000000001bc4       0x34 _Main_/task_scheduler.o
 .debug_frame   0x0000000000001bf8       0x6c _Main_/tasks.o
 .debug_frame   0x0000000000001c64       0x2c c:/st/stm32cubeide_1.3.0/stm32cubeide/plugins/com.st.stm32cube.ide.mcu.externaltools.gnu-tools-for-stm32.7-2018-q2-update.win32_1.0.0.201904181610/tools/bin/../lib/gcc/arm-none-eabi/7.3.1/../../../../arm-none-eabi/lib/thumb/v7e-m/fpv4-sp/hard\libc_nano.a(lib_a-init.o)
 .debug_frame   0x0000000000001c90       0x2c c:/st/stm32cubeide_1.3.0/stm32cubeide/plugins/com.st.stm32cube.ide.mcu.externaltools.gnu-tools-for-stm32.7-2018-q2-update.win32_1.0.0.201904181610/tools/bin/../lib/gcc/arm-none-eabi/7.3.1/thumb/v7e-m/fpv4-sp/hard\libgcc.a(_aeabi_uldivmod.o)
 .debug_frame   0x0000000000001cbc       0x34 c:/st/stm32cubeide_1.3.0/stm32cubeide/plugins/com.st.stm32cube.ide.mcu.externaltools.gnu-tools-for-stm32.7-2018-q2-update.win32_1.0.0.201904181610/tools/bin/../lib/gcc/arm-none-eabi/7.3.1/thumb/v7e-m/fpv4-sp/hard\libgcc.a(_udivmoddi4.o)
