stm32f4xx_it.c:80:10:ADC_GetSingleConv	4	static
stm32f4xx_it.c:108:6:NMI_Handler	4	static
stm32f4xx_it.c:123:6:HardFault_Handler	4	static
stm32f4xx_it.c:138:6:MemManage_Handler	4	static
stm32f4xx_it.c:153:6:BusFault_Handler	4	static
stm32f4xx_it.c:168:6:UsageFault_Handler	4	static
stm32f4xx_it.c:183:6:SVC_Handler	4	static
stm32f4xx_it.c:196:6:DebugMon_Handler	4	static
stm32f4xx_it.c:209:6:PendSV_Handler	4	static
stm32f4xx_it.c:222:6:SysTick_Handler	8	static
stm32f4xx_it.c:244:6:ADC_IRQHandler	16	static
stm32f4xx_it.c:293:6:TIM2_IRQHandler	8	static
stm32f4xx_it.c:309:6:USART3_IRQHandler	8	static
stm32f4xx_it.c:325:6:DMA2_Stream0_IRQHandler	8	static
stm32f4xx_it.c:337:7:TessSpeedEstimation	24	static
stm32f4xx_it.c:353:7:TessSpeedControler	24	static
