stm32f4xx_it.c:75:10:ADC_GetSingleConv	4	static
stm32f4xx_it.c:103:6:NMI_Handler	4	static
stm32f4xx_it.c:118:6:HardFault_Handler	4	static
stm32f4xx_it.c:133:6:MemManage_Handler	4	static
stm32f4xx_it.c:148:6:BusFault_Handler	4	static
stm32f4xx_it.c:163:6:UsageFault_Handler	4	static
stm32f4xx_it.c:178:6:SVC_Handler	4	static
stm32f4xx_it.c:191:6:DebugMon_Handler	4	static
stm32f4xx_it.c:204:6:PendSV_Handler	4	static
stm32f4xx_it.c:217:6:SysTick_Handler	8	static
stm32f4xx_it.c:239:6:ADC_IRQHandler	16	static
stm32f4xx_it.c:279:6:TIM2_IRQHandler	8	static
stm32f4xx_it.c:295:6:USART3_IRQHandler	8	static
stm32f4xx_it.c:311:6:DMA2_Stream0_IRQHandler	8	static
stm32f4xx_it.c:323:7:TESS_MOTOR_MODEL	24	static
